Component: ARM Compiler 5.06 update 7 (build 960) Tool: armlink [4d3601]

==============================================================================

Section Cross References

    startup_stm32g474xx.o(STACK) refers (Special) to heapauxi.o(.text) for __use_two_region_memory
    startup_stm32g474xx.o(HEAP) refers (Special) to heapauxi.o(.text) for __use_two_region_memory
    startup_stm32g474xx.o(RESET) refers (Special) to heapauxi.o(.text) for __use_two_region_memory
    startup_stm32g474xx.o(RESET) refers to startup_stm32g474xx.o(STACK) for __initial_sp
    startup_stm32g474xx.o(RESET) refers to startup_stm32g474xx.o(.text) for Reset_Handler
    startup_stm32g474xx.o(RESET) refers to stm32g4xx_it.o(i.NMI_Handler) for NMI_Handler
    startup_stm32g474xx.o(RESET) refers to stm32g4xx_it.o(i.HardFault_Handler) for HardFault_Handler
    startup_stm32g474xx.o(RESET) refers to stm32g4xx_it.o(i.MemManage_Handler) for MemManage_Handler
    startup_stm32g474xx.o(RESET) refers to stm32g4xx_it.o(i.BusFault_Handler) for BusFault_Handler
    startup_stm32g474xx.o(RESET) refers to stm32g4xx_it.o(i.UsageFault_Handler) for UsageFault_Handler
    startup_stm32g474xx.o(RESET) refers to stm32g4xx_it.o(i.SVC_Handler) for SVC_Handler
    startup_stm32g474xx.o(RESET) refers to stm32g4xx_it.o(i.DebugMon_Handler) for DebugMon_Handler
    startup_stm32g474xx.o(RESET) refers to stm32g4xx_it.o(i.PendSV_Handler) for PendSV_Handler
    startup_stm32g474xx.o(RESET) refers to stm32g4xx_it.o(i.SysTick_Handler) for SysTick_Handler
    startup_stm32g474xx.o(RESET) refers to stm32g4xx_it.o(i.DMA1_Channel1_IRQHandler) for DMA1_Channel1_IRQHandler
    startup_stm32g474xx.o(.text) refers (Special) to heapauxi.o(.text) for __use_two_region_memory
    startup_stm32g474xx.o(.text) refers to system_stm32g4xx.o(i.SystemInit) for SystemInit
    startup_stm32g474xx.o(.text) refers to __main.o(!!!main) for __main
    startup_stm32g474xx.o(.text) refers to startup_stm32g474xx.o(HEAP) for Heap_Mem
    startup_stm32g474xx.o(.text) refers to startup_stm32g474xx.o(STACK) for Stack_Mem
    delay_us.o(i.Delay_us) refers to system_stm32g4xx.o(.data) for SystemCoreClock
    main.o(i.SystemClock_Config) refers to rt_memclr_w.o(.text) for __aeabi_memclr4
    main.o(i.SystemClock_Config) refers to stm32g4xx_hal_pwr_ex.o(i.HAL_PWREx_ControlVoltageScaling) for HAL_PWREx_ControlVoltageScaling
    main.o(i.SystemClock_Config) refers to stm32g4xx_hal_rcc.o(i.HAL_RCC_OscConfig) for HAL_RCC_OscConfig
    main.o(i.SystemClock_Config) refers to stm32g4xx_hal_rcc.o(i.HAL_RCC_ClockConfig) for HAL_RCC_ClockConfig
    main.o(i.fputc) refers to stm32g4xx_hal_uart.o(i.HAL_UART_Transmit) for HAL_UART_Transmit
    main.o(i.fputc) refers to usart.o(.bss) for huart1
    main.o(i.main) refers to stm32g4xx_hal.o(i.HAL_Init) for HAL_Init
    main.o(i.main) refers to main.o(i.SystemClock_Config) for SystemClock_Config
    main.o(i.main) refers to gpio.o(i.MX_GPIO_Init) for MX_GPIO_Init
    main.o(i.main) refers to dma.o(i.MX_DMA_Init) for MX_DMA_Init
    main.o(i.main) refers to tim.o(i.MX_TIM1_Init) for MX_TIM1_Init
    main.o(i.main) refers to i2c.o(i.MX_I2C1_Init) for MX_I2C1_Init
    main.o(i.main) refers to usart.o(i.MX_USART1_UART_Init) for MX_USART1_UART_Init
    main.o(i.main) refers to adc.o(i.MX_ADC1_Init) for MX_ADC1_Init
    main.o(i.main) refers to hrtim.o(i.MX_HRTIM1_Init) for MX_HRTIM1_Init
    main.o(i.main) refers to main.o(i.start_module_A) for start_module_A
    main.o(i.main) refers to main.o(i.phase_shift_A) for phase_shift_A
    main.o(i.phase_shift_A) refers to rt_memclr_w.o(.text) for __aeabi_memclr4
    main.o(i.phase_shift_A) refers to stm32g4xx_hal_hrtim.o(i.HAL_HRTIM_WaveformCompareConfig) for HAL_HRTIM_WaveformCompareConfig
    main.o(i.phase_shift_A) refers to main.o(.data) for .data
    main.o(i.phase_shift_A) refers to hrtim.o(.bss) for hhrtim1
    main.o(i.start_module_A) refers to stm32g4xx_hal_hrtim.o(i.HAL_HRTIM_WaveformCountStart) for HAL_HRTIM_WaveformCountStart
    main.o(i.start_module_A) refers to stm32g4xx_hal_hrtim.o(i.HAL_HRTIM_WaveformOutputStart) for HAL_HRTIM_WaveformOutputStart
    main.o(i.start_module_A) refers to hrtim.o(.bss) for hhrtim1
    adc.o(i.HAL_ADC_MspDeInit) refers to stm32g4xx_hal_gpio.o(i.HAL_GPIO_DeInit) for HAL_GPIO_DeInit
    adc.o(i.HAL_ADC_MspInit) refers to rt_memclr_w.o(.text) for __aeabi_memclr4
    adc.o(i.HAL_ADC_MspInit) refers to stm32g4xx_hal_rcc_ex.o(i.HAL_RCCEx_PeriphCLKConfig) for HAL_RCCEx_PeriphCLKConfig
    adc.o(i.HAL_ADC_MspInit) refers to main.o(i.Error_Handler) for Error_Handler
    adc.o(i.HAL_ADC_MspInit) refers to stm32g4xx_hal_gpio.o(i.HAL_GPIO_Init) for HAL_GPIO_Init
    adc.o(i.MX_ADC1_Init) refers to rt_memclr_w.o(.text) for __aeabi_memclr4
    adc.o(i.MX_ADC1_Init) refers to stm32g4xx_hal_adc.o(i.HAL_ADC_Init) for HAL_ADC_Init
    adc.o(i.MX_ADC1_Init) refers to main.o(i.Error_Handler) for Error_Handler
[...]
    ..\Core\Src\usart.c                      0x00000000   Number         0  usart.o ABSOLUTE
    C:/Users/17413/STM32Cube/Repository/STM32Cube_FW_G4_V1.6.1/Drivers/STM32G4xx_HAL_Driver/Src/stm32g4xx_hal.c 0x00000000   Number         0  stm32g4xx_hal.o ABSOLUTE
    C:/Users/17413/STM32Cube/Repository/STM32Cube_FW_G4_V1.6.1/Drivers/STM32G4xx_HAL_Driver/Src/stm32g4xx_hal_adc.c 0x00000000   Number         0  stm32g4xx_hal_adc.o ABSOLUTE
    C:/Users/17413/STM32Cube/Repository/STM32Cube_FW_G4_V1.6.1/Drivers/STM32G4xx_HAL_Driver/Src/stm32g4xx_hal_adc_ex.c 0x00000000   Number         0  stm32g4xx_hal_adc_ex.o ABSOLUTE
    C:/Users/17413/STM32Cube/Repository/STM32Cube_FW_G4_V1.6.1/Drivers/STM32G4xx_HAL_Driver/Src/stm32g4xx_hal_cortex.c 0x00000000   Number         0  stm32g4xx_hal_cortex.o ABSOLUTE
    C:/Users/17413/STM32Cube/Repository/STM32Cube_FW_G4_V1.6.1/Drivers/STM32G4xx_HAL_Driver/Src/stm32g4xx_hal_dma.c 0x00000000   Number         0  stm32g4xx_hal_dma.o ABSOLUTE
    C:/Users/17413/STM32Cube/Repository/STM32Cube_FW_G4_V1.6.1/Drivers/STM32G4xx_HAL_Driver/Src/stm32g4xx_hal_dma_ex.c 0x00000000   Number         0  stm32g4xx_hal_dma_ex.o ABSOLUTE
    C:/Users/17413/STM32Cube/Repository/STM32Cube_FW_G4_V1.6.1/Drivers/STM32G4xx_HAL_Driver/Src/stm32g4xx_hal_exti.c 0x00000000   Number         0  stm32g4xx_hal_exti.o ABSOLUTE
    C:/Users/17413/STM32Cube/Repository/STM32Cube_FW_G4_V1.6.1/Drivers/STM32G4xx_HAL_Driver/Src/stm32g4xx_hal_flash.c 0x00000000   Number         0  stm32g4xx_hal_flash.o ABSOLUTE
    C:/Users/17413/STM32Cube/Repository/STM32Cube_FW_G4_V1.6.1/Drivers/STM32G4xx_HAL_Driver/Src/stm32g4xx_hal_flash_ex.c 0x00000000   Number         0  stm32g4xx_hal_flash_ex.o ABSOLUTE
    C:/Users/17413/STM32Cube/Repository/STM32Cube_FW_G4_V1.6.1/Drivers/STM32G4xx_HAL_Driver/Src/stm32g4xx_hal_flash_ramfunc.c 0x00000000   Number         0  stm32g4xx_hal_flash_ramfunc.o ABSOLUTE
    C:/Users/17413/STM32Cube/Repository/STM32Cube_FW_G4_V1.6.1/Drivers/STM32G4xx_HAL_Driver/Src/stm32g4xx_hal_gpio.c 0x00000000   Number         0  stm32g4xx_hal_gpio.o ABSOLUTE
    C:/Users/17413/STM32Cube/Repository/STM32Cube_FW_G4_V1.6.1/Drivers/STM32G4xx_HAL_Driver/Src/stm32g4xx_hal_hrtim.c 0x00000000   Number         0  stm32g4xx_hal_hrtim.o ABSOLUTE
    C:/Users/17413/STM32Cube/Repository/STM32Cube_FW_G4_V1.6.1/Drivers/STM32G4xx_HAL_Driver/Src/stm32g4xx_hal_i2c.c 0x00000000   Number         0  stm32g4xx_hal_i2c.o ABSOLUTE
    C:/Users/17413/STM32Cube/Repository/STM32Cube_FW_G4_V1.6.1/Drivers/STM32G4xx_HAL_Driver/Src/stm32g4xx_hal_i2c_ex.c 0x00000000   Number         0  stm32g4xx_hal_i2c_ex.o ABSOLUTE
    C:/Users/17413/STM32Cube/Repository/STM32Cube_FW_G4_V1.6.1/Drivers/STM32G4xx_HAL_Driver/Src/stm32g4xx_hal_pwr.c 0x00000000   Number         0  stm32g4xx_hal_pwr.o ABSOLUTE
    C:/Users/17413/STM32Cube/Repository/STM32Cube_FW_G4_V1.6.1/Drivers/STM32G4xx_HAL_Driver/Src/stm32g4xx_hal_pwr_ex.c 0x00000000   Number         0  stm32g4xx_hal_pwr_ex.o ABSOLUTE
    C:/Users/17413/STM32Cube/Repository/STM32Cube_FW_G4_V1.6.1/Drivers/STM32G4xx_HAL_Driver/Src/stm32g4xx_hal_rcc.c 0x00000000   Number         0  stm32g4xx_hal_rcc.o ABSOLUTE
    C:/Users/17413/STM32Cube/Repository/STM32Cube_FW_G4_V1.6.1/Drivers/STM32G4xx_HAL_Driver/Src/stm32g4xx_hal_rcc_ex.c 0x00000000   Number         0  stm32g4xx_hal_rcc_ex.o ABSOLUTE
    C:/Users/17413/STM32Cube/Repository/STM32Cube_FW_G4_V1.6.1/Drivers/STM32G4xx_HAL_Driver/Src/stm32g4xx_hal_tim.c 0x00000000   Number         0  stm32g4xx_hal_tim.o ABSOLUTE
    C:/Users/17413/STM32Cube/Repository/STM32Cube_FW_G4_V1.6.1/Drivers/STM32G4xx_HAL_Driver/Src/stm32g4xx_hal_tim_ex.c 0x00000000   Number         0  stm32g4xx_hal_tim_ex.o ABSOLUTE
    C:/Users/17413/STM32Cube/Repository/STM32Cube_FW_G4_V1.6.1/Drivers/STM32G4xx_HAL_Driver/Src/stm32g4xx_hal_uart.c 0x00000000   Number         0  stm32g4xx_hal_uart.o ABSOLUTE
    C:/Users/17413/STM32Cube/Repository/STM32Cube_FW_G4_V1.6.1/Drivers/STM32G4xx_HAL_Driver/Src/stm32g4xx_hal_uart_ex.c 0x00000000   Number         0  stm32g4xx_hal_uart_ex.o ABSOLUTE
    C:/Users/17413/STM32Cube/Repository/STM32Cube_FW_G4_V1.6.1/Drivers/STM32G4xx_HAL_Driver/Src/stm32g4xx_ll_adc.c 0x00000000   Number         0  stm32g4xx_ll_adc.o ABSOLUTE
    C:\Users\17413\STM32Cube\Repository\STM32Cube_FW_G4_V1.6.1\Drivers\STM32G4xx_HAL_Driver\Src\stm32g4xx_hal.c 0x00000000   Number         0  stm32g4xx_hal.o ABSOLUTE
    C:\Users\17413\STM32Cube\Repository\STM32Cube_FW_G4_V1.6.1\Drivers\STM32G4xx_HAL_Driver\Src\stm32g4xx_hal_adc.c 0x00000000   Number         0  stm32g4xx_hal_adc.o ABSOLUTE
    C:\Users\17413\STM32Cube\Repository\STM32Cube_FW_G4_V1.6.1\Drivers\STM32G4xx_HAL_Driver\Src\stm32g4xx_hal_adc_ex.c 0x00000000   Number         0  stm32g4xx_hal_adc_ex.o ABSOLUTE
    C:\Users\17413\STM32Cube\Repository\STM32Cube_FW_G4_V1.6.1\Drivers\STM32G4xx_HAL_Driver\Src\stm32g4xx_hal_cortex.c 0x00000000   Number         0  stm32g4xx_hal_cortex.o ABSOLUTE
    C:\Users\17413\STM32Cube\Repository\STM32Cube_FW_G4_V1.6.1\Drivers\STM32G4xx_HAL_Driver\Src\stm32g4xx_hal_dma.c 0x00000000   Number         0  stm32g4xx_hal_dma.o ABSOLUTE
    C:\Users\17413\STM32Cube\Repository\STM32Cube_FW_G4_V1.6.1\Drivers\STM32G4xx_HAL_Driver\Src\stm32g4xx_hal_dma_ex.c 0x00000000   Number         0  stm32g4xx_hal_dma_ex.o ABSOLUTE
    C:\Users\17413\STM32Cube\Repository\STM32Cube_FW_G4_V1.6.1\Drivers\STM32G4xx_HAL_Driver\Src\stm32g4xx_hal_exti.c 0x00000000   Number         0  stm32g4xx_hal_exti.o ABSOLUTE
    C:\Users\17413\STM32Cube\Repository\STM32Cube_FW_G4_V1.6.1\Drivers\STM32G4xx_HAL_Driver\Src\stm32g4xx_hal_flash.c 0x00000000   Number         0  stm32g4xx_hal_flash.o ABSOLUTE
    C:\Users\17413\STM32Cube\Repository\STM32Cube_FW_G4_V1.6.1\Drivers\STM32G4xx_HAL_Driver\Src\stm32g4xx_hal_flash_ex.c 0x00000000   Number         0  stm32g4xx_hal_flash_ex.o ABSOLUTE
    C:\Users\17413\STM32Cube\Repository\STM32Cube_FW_G4_V1.6.1\Drivers\STM32G4xx_HAL_Driver\Src\stm32g4xx_hal_flash_ramfunc.c 0x00000000   Number         0  stm32g4xx_hal_flash_ramfunc.o ABSOLUTE
    C:\Users\17413\STM32Cube\Repository\STM32Cube_FW_G4_V1.6.1\Drivers\STM32G4xx_HAL_Driver\Src\stm32g4xx_hal_gpio.c 0x00000000   Number         0  stm32g4xx_hal_gpio.o ABSOLUTE
    C:\Users\17413\STM32Cube\Repository\STM32Cube_FW_G4_V1.6.1\Drivers\STM32G4xx_HAL_Driver\Src\stm32g4xx_hal_hrtim.c 0x00000000   Number         0  stm32g4xx_hal_hrtim.o ABSOLUTE
    C:\Users\17413\STM32Cube\Repository\STM32Cube_FW_G4_V1.6.1\Drivers\STM32G4xx_HAL_Driver\Src\stm32g4xx_hal_i2c.c 0x00000000   Number         0  stm32g4xx_hal_i2c.o ABSOLUTE
    C:\Users\17413\STM32Cube\Repository\STM32Cube_FW_G4_V1.6.1\Drivers\STM32G4xx_HAL_Driver\Src\stm32g4xx_hal_i2c_ex.c 0x00000000   Number         0  stm32g4xx_hal_i2c_ex.o ABSOLUTE
    C:\Users\17413\STM32Cube\Repository\STM32Cube_FW_G4_V1.6.1\Drivers\STM32G4xx_HAL_Driver\Src\stm32g4xx_hal_pwr.c 0x00000000   Number         0  stm32g4xx_hal_pwr.o ABSOLUTE
    C:\Users\17413\STM32Cube\Repository\STM32Cube_FW_G4_V1.6.1\Drivers\STM32G4xx_HAL_Driver\Src\stm32g4xx_hal_pwr_ex.c 0x00000000   Number         0  stm32g4xx_hal_pwr_ex.o ABSOLUTE
    C:\Users\17413\STM32Cube\Repository\STM32Cube_FW_G4_V1.6.1\Drivers\STM32G4xx_HAL_Driver\Src\stm32g4xx_hal_rcc.c 0x00000000   Number         0  stm32g4xx_hal_rcc.o ABSOLUTE
    C:\Users\17413\STM32Cube\Repository\STM32Cube_FW_G4_V1.6.1\Drivers\STM32G4xx_HAL_Driver\Src\stm32g4xx_hal_rcc_ex.c 0x00000000   Number         0  stm32g4xx_hal_rcc_ex.o ABSOLUTE
    C:\Users\17413\STM32Cube\Repository\STM32Cube_FW_G4_V1.6.1\Drivers\STM32G4xx_HAL_Driver\Src\stm32g4xx_hal_tim.c 0x00000000   Number         0  stm32g4xx_hal_tim.o ABSOLUTE
    C:\Users\17413\STM32Cube\Repository\STM32Cube_FW_G4_V1.6.1\Drivers\STM32G4xx_HAL_Driver\Src\stm32g4xx_hal_tim_ex.c 0x00000000   Number         0  stm32g4xx_hal_tim_ex.o ABSOLUTE
    C:\Users\17413\STM32Cube\Repository\STM32Cube_FW_G4_V1.6.1\Drivers\STM32G4xx_HAL_Driver\Src\stm32g4xx_hal_uart.c 0x00000000   Number         0  stm32g4xx_hal_uart.o ABSOLUTE
    C:\Users\17413\STM32Cube\Repository\STM32Cube_FW_G4_V1.6.1\Drivers\STM32G4xx_HAL_Driver\Src\stm32g4xx_hal_uart_ex.c 0x00000000   Number         0  stm32g4xx_hal_uart_ex.o ABSOLUTE
    dc.s                                     0x00000000   Number         0  dc.o ABSOLUTE
    delay_us.c                               0x00000000   Number         0  delay_us.o ABSOLUTE
    delay_us.c                               0x00000000   Number         0  delay_us.o ABSOLUTE
    startup_stm32g474xx.s                    0x00000000   Number         0  startup_stm32g474xx.o ABSOLUTE
    RESET                                    0x08000000   Section      472  startup_stm32g474xx.o(RESET)
    !!!main                                  0x080001d8   Section        8  __main.o(!!!main)
    !!!scatter                               0x080001e0   Section       52  __scatter.o(!!!scatter)
    !!handler_copy                           0x08000214   Section       26  __scatter_copy.o(!!handler_copy)
    !!handler_zi                             0x08000230   Section       28  __scatter_zi.o(!!handler_zi)
    .ARM.Collect$$libinit$$00000000          0x0800024c   Section        2  libinit.o(.ARM.Collect$$libinit$$00000000)
    .ARM.Collect$$libinit$$00000001          0x0800024e   Section        4  libinit2.o(.ARM.Collect$$libinit$$00000001)
    .ARM.Collect$$libinit$$00000004          0x08000252   Section        0  libinit2.o(.ARM.Collect$$libinit$$00000004)
    .ARM.Collect$$libinit$$0000000A          0x08000252   Section        0  libinit2.o(.ARM.Collect$$libinit$$0000000A)
    .ARM.Collect$$libinit$$0000000C          0x08000252   Section        0  libinit2.o(.ARM.Collect$$libinit$$0000000C)
    .ARM.Collect$$libinit$$0000000E          0x08000252   Section        0  libinit2.o(.ARM.Collect$$libinit$$0000000E)
    .ARM.Collect$$libinit$$00000011          0x08000252   Section        0  libinit2.o(.ARM.Collect$$libinit$$00000011)
    .ARM.Collect$$libinit$$00000013          0x08000252   Section        0  libinit2.o(.ARM.Collect$$libinit$$00000013)
    .ARM.Collect$$libinit$$00000015          0x08000252   Section        0  libinit2.o(.ARM.Collect$$libinit$$00000015)
    .ARM.Collect$$libinit$$00000017          0x08000252   Section        0  libinit2.o(.ARM.Collect$$libinit$$00000017)
    .ARM.Collect$$libinit$$00000019          0x08000252   Section        0  libinit2.o(.ARM.Collect$$libinit$$00000019)
    .ARM.Collect$$libinit$$0000001B          0x08000252   Section        0  libinit2.o(.ARM.Collect$$libinit$$0000001B)
    .ARM.Collect$$libinit$$0000001D          0x08000252   Section        0  libinit2.o(.ARM.Collect$$libinit$$0000001D)
    .ARM.Collect$$libinit$$0000001F          0x08000252   Section        0  libinit2.o(.ARM.Collect$$libinit$$0000001F)
    .ARM.Collect$$libinit$$00000021          0x08000252   Section        0  libinit2.o(.ARM.Collect$$libinit$$00000021)
    .ARM.Collect$$libinit$$00000023          0x08000252   Section        0  libinit2.o(.ARM.Collect$$libinit$$00000023)
    .ARM.Collect$$libinit$$00000025          0x08000252   Section        0  libinit2.o(.ARM.Collect$$libinit$$00000025)
    .ARM.Collect$$libinit$$0000002C          0x08000252   Section        0  libinit2.o(.ARM.Collect$$libinit$$0000002C)
    .ARM.Collect$$libinit$$0000002E          0x08000252   Section        0  libinit2.o(.ARM.Collect$$libinit$$0000002E)
    .ARM.Collect$$libinit$$00000030          0x08000252   Section        0  libinit2.o(.ARM.Collect$$libinit$$00000030)
    .ARM.Collect$$libinit$$00000032          0x08000252   Section        0  libinit2.o(.ARM.Collect$$libinit$$00000032)
    .ARM.Collect$$libinit$$00000033          0x08000252   Section        2  libinit2.o(.ARM.Collect$$libinit$$00000033)
    .ARM.Collect$$libshutdown$$00000000      0x08000254   Section        2  libshutdown.o(.ARM.Collect$$libshutdown$$00000000)
    .ARM.Collect$$libshutdown$$00000002      0x08000256   Section        0  libshutdown2.o(.ARM.Collect$$libshutdown$$00000002)
    .ARM.Collect$$libshutdown$$00000004      0x08000256   Section        0  libshutdown2.o(.ARM.Collect$$libshutdown$$00000004)
    .ARM.Collect$$libshutdown$$00000006      0x08000256   Section        0  libshutdown2.o(.ARM.Collect$$libshutdown$$00000006)
    .ARM.Collect$$libshutdown$$00000009      0x08000256   Section        0  libshutdown2.o(.ARM.Collect$$libshutdown$$00000009)
    .ARM.Collect$$libshutdown$$0000000C      0x08000256   Section        0  libshutdown2.o(.ARM.Collect$$libshutdown$$0000000C)
    .ARM.Collect$$libshutdown$$0000000E      0x08000256   Section        0  libshutdown2.o(.ARM.Collect$$libshutdown$$0000000E)
    .ARM.Collect$$libshutdown$$00000011      0x08000256   Section        0  libshutdown2.o(.ARM.Collect$$libshutdown$$00000011)
    .ARM.Collect$$libshutdown$$00000012      0x08000256   Section        2  libshutdown2.o(.ARM.Collect$$libshutdown$$00000012)
    .ARM.Collect$$rtentry$$00000000          0x08000258   Section        0  __rtentry.o(.ARM.Collect$$rtentry$$00000000)
    .ARM.Collect$$rtentry$$00000002          0x08000258   Section        0  __rtentry2.o(.ARM.Collect$$rtentry$$00000002)
    .ARM.Collect$$rtentry$$00000004          0x08000258   Section        6  __rtentry4.o(.ARM.Collect$$rtentry$$00000004)
    .ARM.Collect$$rtentry$$00000009          0x0800025e   Section        0  __rtentry2.o(.ARM.Collect$$rtentry$$00000009)
    .ARM.Collect$$rtentry$$0000000A          0x0800025e   Section        4  __rtentry2.o(.ARM.Collect$$rtentry$$0000000A)
    .ARM.Collect$$rtentry$$0000000C          0x08000262   Section        0  __rtentry2.o(.ARM.Collect$$rtentry$$0000000C)
    .ARM.Collect$$rtentry$$0000000D          0x08000262   Section        8  __rtentry2.o(.ARM.Collect$$rtentry$$0000000D)
    .ARM.Collect$$rtexit$$00000000           0x0800026a   Section        2  rtexit.o(.ARM.Collect$$rtexit$$00000000)
    .ARM.Collect$$rtexit$$00000002           0x0800026c   Section        0  rtexit2.o(.ARM.Collect$$rtexit$$00000002)
    .ARM.Collect$$rtexit$$00000003           0x0800026c   Section        4  rtexit2.o(.ARM.Collect$$rtexit$$00000003)
    .ARM.Collect$$rtexit$$00000004           0x08000270   Section        6  rtexit2.o(.ARM.Collect$$rtexit$$00000004)
    .text                                    0x08000278   Section       64  startup_stm32g474xx.o(.text)
    $v0                                      0x08000278   Number         0  startup_stm32g474xx.o(.text)
    .text                                    0x080002b8   Section      238  lludivv7m.o(.text)
    .text                                    0x080003a6   Section       78  rt_memclr_w.o(.text)
    .text                                    0x080003f4   Section        0  heapauxi.o(.text)
    .text                                    0x080003fa   Section       74  sys_stackheap_outer.o(.text)
    .text                                    0x08000444   Section        0  exit.o(.text)
    .text                                    0x08000458   Section        8  libspace.o(.text)
    .text                                    0x08000460   Section        0  sys_exit.o(.text)
    .text                                    0x0800046c   Section        2  use_no_semi.o(.text)
    .text                                    0x0800046e   Section        0  indicate_semi.o(.text)
    i.BusFault_Handler                       0x0800046e   Section        0  stm32g4xx_it.o(i.BusFault_Handler)
    i.DMA1_Channel1_IRQHandler               0x08000470   Section        0  stm32g4xx_it.o(i.DMA1_Channel1_IRQHandler)
    i.DMA_CalcDMAMUXChannelBaseAndMask       0x0800047c   Section        0  stm32g4xx_hal_dma.o(i.DMA_CalcDMAMUXChannelBaseAndMask)
    DMA_CalcDMAMUXChannelBaseAndMask         0x0800047d   Thumb Code    54  stm32g4xx_hal_dma.o(i.DMA_CalcDMAMUXChannelBaseAndMask)
    i.DMA_CalcDMAMUXRequestGenBaseAndMask    0x080004bc   Section        0  stm32g4xx_hal_dma.o(i.DMA_CalcDMAMUXRequestGenBaseAndMask)
    DMA_CalcDMAMUXRequestGenBaseAndMask      0x080004bd   Thumb Code    30  stm32g4xx_hal_dma.o(i.DMA_CalcDMAMUXRequestGenBaseAndMask)
    i.DebugMon_Handler                       0x080004e0   Section        0  stm32g4xx_it.o(i.DebugMon_Handler)
    i.Error_Handler                          0x080004e2   Section        0  main.o(i.Error_Handler)
    i.HAL_ADCEx_MultiModeConfigChannel       0x080004e8   Section        0  stm32g4xx_hal_adc_ex.o(i.HAL_ADCEx_MultiModeConfigChannel)
    i.HAL_ADC_ConfigChannel                  0x08000648   Section        0  stm32g4xx_hal_adc.o(i.HAL_ADC_ConfigChannel)
    i.HAL_ADC_Init                           0x08000ab4   Section        0  stm32g4xx_hal_adc.o(i.HAL_ADC_Init)
    i.HAL_ADC_MspInit                        0x08000ce4   Section        0  adc.o(i.HAL_ADC_MspInit)
    i.HAL_DMA_IRQHandler                     0x08000d58   Section        0  stm32g4xx_hal_dma.o(i.HAL_DMA_IRQHandler)
    i.HAL_DMA_Init                           0x08000e14   Section        0  stm32g4xx_hal_dma.o(i.HAL_DMA_Init)
    i.HAL_GPIO_Init                          0x08000ed4   Section        0  stm32g4xx_hal_gpio.o(i.HAL_GPIO_Init)
    i.HAL_GetTick                            0x0800111c   Section        0  stm32g4xx_hal.o(i.HAL_GetTick)
    i.HAL_HRTIM_DLLCalibrationStart          0x08001128   Section        0  stm32g4xx_hal_hrtim.o(i.HAL_HRTIM_DLLCalibrationStart)
    i.HAL_HRTIM_DeadTimeConfig               0x0800118c   Section        0  stm32g4xx_hal_hrtim.o(i.HAL_HRTIM_DeadTimeConfig)
    i.HAL_HRTIM_Init                         0x08001218   Section        0  stm32g4xx_hal_hrtim.o(i.HAL_HRTIM_Init)
    i.HAL_HRTIM_MspInit                      0x080012d8   Section        0  hrtim.o(i.HAL_HRTIM_MspInit)
    i.HAL_HRTIM_MspPostInit                  0x08001300   Section        0  hrtim.o(i.HAL_HRTIM_MspPostInit)
    i.HAL_HRTIM_PollForDLLCalibration        0x08001374   Section        0  stm32g4xx_hal_hrtim.o(i.HAL_HRTIM_PollForDLLCalibration)
    i.HAL_HRTIM_TimeBaseConfig               0x080013b6   Section        0  stm32g4xx_hal_hrtim.o(i.HAL_HRTIM_TimeBaseConfig)
    i.HAL_HRTIM_WaveformCompareConfig        0x08001430   Section        0  stm32g4xx_hal_hrtim.o(i.HAL_HRTIM_WaveformCompareConfig)
    i.HAL_HRTIM_WaveformCountStart           0x08001564   Section        0  stm32g4xx_hal_hrtim.o(i.HAL_HRTIM_WaveformCountStart)
    i.HAL_HRTIM_WaveformOutputConfig         0x08001590   Section        0  stm32g4xx_hal_hrtim.o(i.HAL_HRTIM_WaveformOutputConfig)
    i.HAL_HRTIM_WaveformOutputStart          0x080015c6   Section        0  stm32g4xx_hal_hrtim.o(i.HAL_HRTIM_WaveformOutputStart)
    i.HAL_HRTIM_WaveformTimerConfig          0x080015f6   Section        0  stm32g4xx_hal_hrtim.o(i.HAL_HRTIM_WaveformTimerConfig)
    i.HAL_HRTIM_WaveformTimerControl         0x08001686   Section        0  stm32g4xx_hal_hrtim.o(i.HAL_HRTIM_WaveformTimerControl)
    i.HAL_I2CEx_ConfigAnalogFilter           0x0800170a   Section        0  stm32g4xx_hal_i2c_ex.o(i.HAL_I2CEx_ConfigAnalogFilter)
    i.HAL_I2CEx_ConfigDigitalFilter          0x08001760   Section        0  stm32g4xx_hal_i2c_ex.o(i.HAL_I2CEx_ConfigDigitalFilter)
    i.HAL_I2C_Init                           0x080017b4   Section        0  stm32g4xx_hal_i2c.o(i.HAL_I2C_Init)
    i.HAL_I2C_MspInit                        0x08001870   Section        0  i2c.o(i.HAL_I2C_MspInit)
    i.HAL_IncTick                            0x08001914   Section        0  stm32g4xx_hal.o(i.HAL_IncTick)
    i.HAL_Init                               0x08001924   Section        0  stm32g4xx_hal.o(i.HAL_Init)
    i.HAL_InitTick                           0x08001944   Section        0  stm32g4xx_hal.o(i.HAL_InitTick)
    i.HAL_MspInit                            0x08001988   Section        0  stm32g4xx_hal_msp.o(i.HAL_MspInit)
    i.HAL_NVIC_EnableIRQ                     0x080019b8   Section        0  stm32g4xx_hal_cortex.o(i.HAL_NVIC_EnableIRQ)
    i.HAL_NVIC_SetPriority                   0x080019d4   Section        0  stm32g4xx_hal_cortex.o(i.HAL_NVIC_SetPriority)
    i.HAL_NVIC_SetPriorityGrouping           0x08001a14   Section        0  stm32g4xx_hal_cortex.o(i.HAL_NVIC_SetPriorityGrouping)
    i.HAL_PWREx_ControlVoltageScaling        0x08001a38   Section        0  stm32g4xx_hal_pwr_ex.o(i.HAL_PWREx_ControlVoltageScaling)
    i.HAL_PWREx_DisableUCPDDeadBattery       0x08001af4   Section        0  stm32g4xx_hal_pwr_ex.o(i.HAL_PWREx_DisableUCPDDeadBattery)
    i.HAL_RCCEx_PeriphCLKConfig              0x08001b04   Section        0  stm32g4xx_hal_rcc_ex.o(i.HAL_RCCEx_PeriphCLKConfig)
    i.HAL_RCC_ClockConfig                    0x08001e04   Section        0  stm32g4xx_hal_rcc.o(i.HAL_RCC_ClockConfig)
    i.HAL_RCC_GetPCLK1Freq                   0x08001fe0   Section        0  stm32g4xx_hal_rcc.o(i.HAL_RCC_GetPCLK1Freq)
    i.HAL_RCC_GetPCLK2Freq                   0x08002004   Section        0  stm32g4xx_hal_rcc.o(i.HAL_RCC_GetPCLK2Freq)
    i.HAL_RCC_GetSysClockFreq                0x08002028   Section        0  stm32g4xx_hal_rcc.o(i.HAL_RCC_GetSysClockFreq)
    i.HAL_RCC_OscConfig                      0x08002094   Section        0  stm32g4xx_hal_rcc.o(i.HAL_RCC_OscConfig)
    i.HAL_SYSTICK_Config                     0x08002498   Section        0  stm32g4xx_hal_cortex.o(i.HAL_SYSTICK_Config)
    i.HAL_TIMEx_ConfigBreakDeadTime          0x080024c0   Section        0  stm32g4xx_hal_tim_ex.o(i.HAL_TIMEx_ConfigBreakDeadTime)
    i.HAL_TIMEx_MasterConfigSynchronization  0x08002568   Section        0  stm32g4xx_hal_tim_ex.o(i.HAL_TIMEx_MasterConfigSynchronization)
    i.HAL_TIM_Base_Init                      0x08002620   Section        0  stm32g4xx_hal_tim.o(i.HAL_TIM_Base_Init)
    i.HAL_TIM_Base_MspInit                   0x08002684   Section        0  tim.o(i.HAL_TIM_Base_MspInit)
    i.HAL_TIM_ConfigClockSource              0x080026ac   Section        0  stm32g4xx_hal_tim.o(i.HAL_TIM_ConfigClockSource)
    i.HAL_TIM_MspPostInit                    0x0800279c   Section        0  tim.o(i.HAL_TIM_MspPostInit)
    i.HAL_TIM_PWM_ConfigChannel              0x08002840   Section        0  stm32g4xx_hal_tim.o(i.HAL_TIM_PWM_ConfigChannel)
    i.HAL_TIM_PWM_Init                       0x08002964   Section        0  stm32g4xx_hal_tim.o(i.HAL_TIM_PWM_Init)
    i.HAL_TIM_PWM_MspInit                    0x080029c6   Section        0  stm32g4xx_hal_tim.o(i.HAL_TIM_PWM_MspInit)
    i.HAL_UARTEx_DisableFifoMode             0x080029c8   Section        0  stm32g4xx_hal_uart_ex.o(i.HAL_UARTEx_DisableFifoMode)
    i.HAL_UARTEx_SetRxFifoThreshold          0x08002a06   Section        0  stm32g4xx_hal_uart_ex.o(i.HAL_UARTEx_SetRxFifoThreshold)
    i.HAL_UARTEx_SetTxFifoThreshold          0x08002a52   Section        0  stm32g4xx_hal_uart_ex.o(i.HAL_UARTEx_SetTxFifoThreshold)
    i.HAL_UART_Init                          0x08002a9e   Section        0  stm32g4xx_hal_uart.o(i.HAL_UART_Init)
    i.HAL_UART_MspInit                       0x08002b08   Section        0  usart.o(i.HAL_UART_MspInit)
    i.HRTIM_ForceRegistersUpdate             0x08002bbc   Section        0  stm32g4xx_hal_hrtim.o(i.HRTIM_ForceRegistersUpdate)
    HRTIM_ForceRegistersUpdate               0x08002bbd   Thumb Code   104  stm32g4xx_hal_hrtim.o(i.HRTIM_ForceRegistersUpdate)
    i.HRTIM_MasterWaveform_Config            0x08002c24   Section        0  stm32g4xx_hal_hrtim.o(i.HRTIM_MasterWaveform_Config)
    HRTIM_MasterWaveform_Config              0x08002c25   Thumb Code   146  stm32g4xx_hal_hrtim.o(i.HRTIM_MasterWaveform_Config)
    i.HRTIM_OutputConfig                     0x08002cb6   Section        0  stm32g4xx_hal_hrtim.o(i.HRTIM_OutputConfig)
    HRTIM_OutputConfig                       0x08002cb7   Thumb Code   222  stm32g4xx_hal_hrtim.o(i.HRTIM_OutputConfig)
    i.HRTIM_TimingUnitWaveform_Config        0x08002d94   Section        0  stm32g4xx_hal_hrtim.o(i.HRTIM_TimingUnitWaveform_Config)
    HRTIM_TimingUnitWaveform_Config          0x08002d95   Thumb Code   406  stm32g4xx_hal_hrtim.o(i.HRTIM_TimingUnitWaveform_Config)
    i.HardFault_Handler                      0x08002f30   Section        0  stm32g4xx_it.o(i.HardFault_Handler)
    i.LL_ADC_GetOffsetChannel                0x08002f32   Section        0  stm32g4xx_hal_adc.o(i.LL_ADC_GetOffsetChannel)
    LL_ADC_GetOffsetChannel                  0x08002f33   Thumb Code    12  stm32g4xx_hal_adc.o(i.LL_ADC_GetOffsetChannel)
    i.LL_ADC_INJ_IsConversionOngoing         0x08002f3e   Section        0  stm32g4xx_hal_adc.o(i.LL_ADC_INJ_IsConversionOngoing)
    LL_ADC_INJ_IsConversionOngoing           0x08002f3f   Thumb Code     8  stm32g4xx_hal_adc.o(i.LL_ADC_INJ_IsConversionOngoing)
    i.LL_ADC_REG_IsConversionOngoing         0x08002f46   Section        0  stm32g4xx_hal_adc.o(i.LL_ADC_REG_IsConversionOngoing)
    LL_ADC_REG_IsConversionOngoing           0x08002f47   Thumb Code     8  stm32g4xx_hal_adc.o(i.LL_ADC_REG_IsConversionOngoing)
    i.LL_ADC_REG_IsConversionOngoing         0x08002f4e   Section        0  stm32g4xx_hal_adc_ex.o(i.LL_ADC_REG_IsConversionOngoing)
    LL_ADC_REG_IsConversionOngoing           0x08002f4f   Thumb Code     8  stm32g4xx_hal_adc_ex.o(i.LL_ADC_REG_IsConversionOngoing)
    i.LL_ADC_SetChannelSamplingTime          0x08002f56   Section        0  stm32g4xx_hal_adc.o(i.LL_ADC_SetChannelSamplingTime)
    LL_ADC_SetChannelSamplingTime            0x08002f57   Thumb Code    30  stm32g4xx_hal_adc.o(i.LL_ADC_SetChannelSamplingTime)
    i.LL_ADC_SetOffsetState                  0x08002f74   Section        0  stm32g4xx_hal_adc.o(i.LL_ADC_SetOffsetState)
    LL_ADC_SetOffsetState                    0x08002f75   Thumb Code    16  stm32g4xx_hal_adc.o(i.LL_ADC_SetOffsetState)
    i.MX_ADC1_Init                           0x08002f84   Section        0  adc.o(i.MX_ADC1_Init)
    i.MX_DMA_Init                            0x0800301c   Section        0  dma.o(i.MX_DMA_Init)
    i.MX_GPIO_Init                           0x08003058   Section        0  gpio.o(i.MX_GPIO_Init)
    i.MX_HRTIM1_Init                         0x080030a4   Section        0  hrtim.o(i.MX_HRTIM1_Init)
    i.MX_I2C1_Init                           0x08003408   Section        0  i2c.o(i.MX_I2C1_Init)
    i.MX_TIM1_Init                           0x08003460   Section        0  tim.o(i.MX_TIM1_Init)
    i.MX_USART1_UART_Init                    0x08003550   Section        0  usart.o(i.MX_USART1_UART_Init)
    i.MemManage_Handler                      0x080035b8   Section        0  stm32g4xx_it.o(i.MemManage_Handler)
    i.NMI_Handler                            0x080035ba   Section        0  stm32g4xx_it.o(i.NMI_Handler)
    i.PendSV_Handler                         0x080035bc   Section        0  stm32g4xx_it.o(i.PendSV_Handler)
    i.SVC_Handler                            0x080035be   Section        0  stm32g4xx_it.o(i.SVC_Handler)
    i.SysTick_Handler                        0x080035c0   Section        0  stm32g4xx_it.o(i.SysTick_Handler)
    i.SystemClock_Config                     0x080035c4   Section        0  main.o(i.SystemClock_Config)
    i.SystemInit                             0x08003628   Section        0  system_stm32g4xx.o(i.SystemInit)
    i.TIM_Base_SetConfig                     0x08003638   Section        0  stm32g4xx_hal_tim.o(i.TIM_Base_SetConfig)
    i.TIM_ETR_SetConfig                      0x0800371c   Section        0  stm32g4xx_hal_tim.o(i.TIM_ETR_SetConfig)
    i.TIM_ITRx_SetConfig                     0x08003730   Section        0  stm32g4xx_hal_tim.o(i.TIM_ITRx_SetConfig)
    TIM_ITRx_SetConfig                       0x08003731   Thumb Code    16  stm32g4xx_hal_tim.o(i.TIM_ITRx_SetConfig)
    i.TIM_OC1_SetConfig                      0x08003744   Section        0  stm32g4xx_hal_tim.o(i.TIM_OC1_SetConfig)
    TIM_OC1_SetConfig                        0x08003745   Thumb Code   144  stm32g4xx_hal_tim.o(i.TIM_OC1_SetConfig)
    i.TIM_OC2_SetConfig                      0x080037f0   Section        0  stm32g4xx_hal_tim.o(i.TIM_OC2_SetConfig)
    i.TIM_OC3_SetConfig                      0x08003890   Section        0  stm32g4xx_hal_tim.o(i.TIM_OC3_SetConfig)
    TIM_OC3_SetConfig                        0x08003891   Thumb Code   130  stm32g4xx_hal_tim.o(i.TIM_OC3_SetConfig)
    i.TIM_OC4_SetConfig                      0x08003930   Section        0  stm32g4xx_hal_tim.o(i.TIM_OC4_SetConfig)
    TIM_OC4_SetConfig                        0x08003931   Thumb Code   132  stm32g4xx_hal_tim.o(i.TIM_OC4_SetConfig)
    i.TIM_OC5_SetConfig                      0x080039d0   Section        0  stm32g4xx_hal_tim.o(i.TIM_OC5_SetConfig)
    TIM_OC5_SetConfig                        0x080039d1   Thumb Code    92  stm32g4xx_hal_tim.o(i.TIM_OC5_SetConfig)
    i.TIM_OC6_SetConfig                      0x08003a48   Section        0  stm32g4xx_hal_tim.o(i.TIM_OC6_SetConfig)
    TIM_OC6_SetConfig                        0x08003a49   Thumb Code    94  stm32g4xx_hal_tim.o(i.TIM_OC6_SetConfig)
    i.TIM_TI1_ConfigInputStage               0x08003ac4   Section        0  stm32g4xx_hal_tim.o(i.TIM_TI1_ConfigInputStage)
    TIM_TI1_ConfigInputStage                 0x08003ac5   Thumb Code    34  stm32g4xx_hal_tim.o(i.TIM_TI1_ConfigInputStage)
    i.TIM_TI2_ConfigInputStage               0x08003ae6   Section        0  stm32g4xx_hal_tim.o(i.TIM_TI2_ConfigInputStage)
    TIM_TI2_ConfigInputStage                 0x08003ae7   Thumb Code    36  stm32g4xx_hal_tim.o(i.TIM_TI2_ConfigInputStage)
    i.UARTEx_SetNbDataToProcess              0x08003b0c   Section        0  stm32g4xx_hal_uart_ex.o(i.UARTEx_SetNbDataToProcess)
    UARTEx_SetNbDataToProcess                0x08003b0d   Thumb Code    62  stm32g4xx_hal_uart_ex.o(i.UARTEx_SetNbDataToProcess)
    i.UART_AdvFeatureConfig                  0x08003b50   Section        0  stm32g4xx_hal_uart.o(i.UART_AdvFeatureConfig)
    i.UART_CheckIdleState                    0x08003c18   Section        0  stm32g4xx_hal_uart.o(i.UART_CheckIdleState)
    i.UART_EndRxTransfer                     0x08003cc4   Section        0  stm32g4xx_hal_uart.o(i.UART_EndRxTransfer)
    UART_EndRxTransfer                       0x08003cc5   Thumb Code    78  stm32g4xx_hal_uart.o(i.UART_EndRxTransfer)
    i.UART_SetConfig                         0x08003d18   Section        0  stm32g4xx_hal_uart.o(i.UART_SetConfig)
    i.UART_WaitOnFlagUntilTimeout            0x08003fb0   Section        0  stm32g4xx_hal_uart.o(i.UART_WaitOnFlagUntilTimeout)
    i.UsageFault_Handler                     0x08004044   Section        0  stm32g4xx_it.o(i.UsageFault_Handler)
    i.__NVIC_SetPriority                     0x08004046   Section        0  stm32g4xx_hal_cortex.o(i.__NVIC_SetPriority)
    __NVIC_SetPriority                       0x08004047   Thumb Code    32  stm32g4xx_hal_cortex.o(i.__NVIC_SetPriority)
    i.main                                   0x08004066   Section        0  main.o(i.main)
    i.phase_shift_A                          0x080040a4   Section        0  main.o(i.phase_shift_A)
    i.start_module_A                         0x080041a8   Section        0  main.o(i.start_module_A)
    x$fpl$fpinit                             0x080041fc   Section       10  fpinit.o(x$fpl$fpinit)
    $v0                                      0x080041fc   Number         0  fpinit.o(x$fpl$fpinit)
    .constdata                               0x08004206   Section       24  stm32g4xx_hal_uart.o(.constdata)
    .constdata                               0x0800421e   Section       16  stm32g4xx_hal_uart_ex.o(.constdata)
    numerator                                0x0800421e   Data           8  stm32g4xx_hal_uart_ex.o(.constdata)
    denominator                              0x08004226   Data           8  stm32g4xx_hal_uart_ex.o(.constdata)
    .constdata                               0x0800422e   Section       16  system_stm32g4xx.o(.constdata)
    .constdata                               0x0800423e   Section        8  system_stm32g4xx.o(.constdata)
    .data                                    0x20000000   Section       16  main.o(.data)
    .data                                    0x20000010   Section       12  stm32g4xx_hal.o(.data)
    .data                                    0x2000001c   Section        4  system_stm32g4xx.o(.data)
    .bss                                     0x20000020   Section      108  adc.o(.bss)
    .bss                                     0x2000008c   Section      252  hrtim.o(.bss)
    .bss                                     0x20000188   Section       84  i2c.o(.bss)
    .bss                                     0x200001dc   Section       76  tim.o(.bss)
    .bss                                     0x20000228   Section      244  usart.o(.bss)
    .bss                                     0x2000031c   Section       96  libspace.o(.bss)
    HEAP                                     0x20000380   Section      512  startup_stm32g474xx.o(HEAP)
    Heap_Mem                                 0x20000380   Data         512  startup_stm32g474xx.o(HEAP)
    STACK                                    0x20000580   Section     2048  startup_stm32g474xx.o(STACK)
    Stack_Mem                                0x20000580   Data        2048  startup_stm32g474xx.o(STACK)
    __initial_sp                             0x20000d80   Data           0  startup_stm32g474xx.o(STACK)

    Global Symbols

    Symbol Name                              Value     Ov Type        Size  Object(Section)

    BuildAttributes$$THM_ISAv4$E$P$D$K$B$S$7EM$VFPi3$EXTD16$VFPS$VFMA$PE$A:L22UL41UL21$X:L11$S22US41US21$IEEE1$IW$USESV6$~STKCKD$USESV7$~SHL$OSPACE$ROPI$EBA8$UX$STANDARDLIB$REQ8$PRES8$EABIv2 0x00000000   Number         0  anon$$obj.o ABSOLUTE
    __ARM_use_no_argv                        0x00000000   Number         0  main.o ABSOLUTE
    __ARM_exceptions_init                     - Undefined Weak Reference
    __alloca_initialize                       - Undefined Weak Reference
    __arm_fini_                               - Undefined Weak Reference
    __arm_preinit_                            - Undefined Weak Reference
    __cpp_initialize__aeabi_                  - Undefined Weak Reference
    __cxa_finalize                            - Undefined Weak Reference
    __rt_locale                               - Undefined Weak Reference
    __sigvec_lookup                           - Undefined Weak Reference
    _atexit_init                              - Undefined Weak Reference
    _call_atexit_fns                          - Undefined Weak Reference
    _clock_init                               - Undefined Weak Reference
    _fp_trap_init                             - Undefined Weak Reference
    _fp_trap_shutdown                         - Undefined Weak Reference
    _get_lc_collate                           - Undefined Weak Reference
    _get_lc_ctype                             - Undefined Weak Reference
    _get_lc_monetary                          - Undefined Weak Reference
    _get_lc_numeric                           - Undefined Weak Reference
    _get_lc_time                              - Undefined Weak Reference
    _getenv_init                              - Undefined Weak Reference
    _handle_redirection                       - Undefined Weak Reference
    _init_alloc                               - Undefined Weak Reference
    _init_user_alloc                          - Undefined Weak Reference
    _initio                                   - Undefined Weak Reference
    _rand_init                                - Undefined Weak Reference
    _signal_finish                            - Undefined Weak Reference
    _signal_init                              - Undefined Weak Reference
    _terminate_alloc                          - Undefined Weak Reference
    _terminate_user_alloc                     - Undefined Weak Reference
    _terminateio                              - Undefined Weak Reference
    __Vectors_Size                           0x000001d8   Number         0  startup_stm32g474xx.o ABSOLUTE
    __Vectors                                0x08000000   Data           4  startup_stm32g474xx.o(RESET)
    __Vectors_End                            0x080001d8   Data           0  startup_stm32g474xx.o(RESET)
    __main                                   0x080001d9   Thumb Code     8  __main.o(!!!main)
    __scatterload                            0x080001e1   Thumb Code     0  __scatter.o(!!!scatter)
    __scatterload_rt2                        0x080001e1   Thumb Code    44  __scatter.o(!!!scatter)
    __scatterload_rt2_thumb_only             0x080001e1   Thumb Code     0  __scatter.o(!!!scatter)
    __scatterload_null                       0x080001ef   Thumb Code     0  __scatter.o(!!!scatter)
    __scatterload_copy                       0x08000215   Thumb Code    26  __scatter_copy.o(!!handler_copy)
    __scatterload_zeroinit                   0x08000231   Thumb Code    28  __scatter_zi.o(!!handler_zi)
    __rt_lib_init                            0x0800024d   Thumb Code     0  libinit.o(.ARM.Collect$$libinit$$00000000)
    __rt_lib_init_fp_1                       0x0800024f   Thumb Code     0  libinit2.o(.ARM.Collect$$libinit$$00000001)
    __rt_lib_init_alloca_1                   0x08000253   Thumb Code     0  libinit2.o(.ARM.Collect$$libinit$$0000002E)
    __rt_lib_init_argv_1                     0x08000253   Thumb Code     0  libinit2.o(.ARM.Collect$$libinit$$0000002C)
    __rt_lib_init_atexit_1                   0x08000253   Thumb Code     0  libinit2.o(.ARM.Collect$$libinit$$0000001B)
    __rt_lib_init_clock_1                    0x08000253   Thumb Code     0  libinit2.o(.ARM.Collect$$libinit$$00000021)
    __rt_lib_init_cpp_1                      0x08000253   Thumb Code     0  libinit2.o(.ARM.Collect$$libinit$$00000032)
    __rt_lib_init_exceptions_1               0x08000253   Thumb Code     0  libinit2.o(.ARM.Collect$$libinit$$00000030)
    __rt_lib_init_fp_trap_1                  0x08000253   Thumb Code     0  libinit2.o(.ARM.Collect$$libinit$$0000001F)
    __rt_lib_init_getenv_1                   0x08000253   Thumb Code     0  libinit2.o(.ARM.Collect$$libinit$$00000023)
    __rt_lib_init_heap_1                     0x08000253   Thumb Code     0  libinit2.o(.ARM.Collect$$libinit$$0000000A)
    __rt_lib_init_lc_collate_1               0x08000253   Thumb Code     0  libinit2.o(.ARM.Collect$$libinit$$00000011)
    __rt_lib_init_lc_ctype_1                 0x08000253   Thumb Code     0  libinit2.o(.ARM.Collect$$libinit$$00000013)
    __rt_lib_init_lc_monetary_1              0x08000253   Thumb Code     0  libinit2.o(.ARM.Collect$$libinit$$00000015)
    __rt_lib_init_lc_numeric_1               0x08000253   Thumb Code     0  libinit2.o(.ARM.Collect$$libinit$$00000017)
    __rt_lib_init_lc_time_1                  0x08000253   Thumb Code     0  libinit2.o(.ARM.Collect$$libinit$$00000019)
    __rt_lib_init_preinit_1                  0x08000253   Thumb Code     0  libinit2.o(.ARM.Collect$$libinit$$00000004)
    __rt_lib_init_rand_1                     0x08000253   Thumb Code     0  libinit2.o(.ARM.Collect$$libinit$$0000000E)
    __rt_lib_init_return                     0x08000253   Thumb Code     0  libinit2.o(.ARM.Collect$$libinit$$00000033)
    __rt_lib_init_signal_1                   0x08000253   Thumb Code     0  libinit2.o(.ARM.Collect$$libinit$$0000001D)
    __rt_lib_init_stdio_1                    0x08000253   Thumb Code     0  libinit2.o(.ARM.Collect$$libinit$$00000025)
    __rt_lib_init_user_alloc_1               0x08000253   Thumb Code     0  libinit2.o(.ARM.Collect$$libinit$$0000000C)
    __rt_lib_shutdown                        0x08000255   Thumb Code     0  libshutdown.o(.ARM.Collect$$libshutdown$$00000000)
    __rt_lib_shutdown_cpp_1                  0x08000257   Thumb Code     0  libshutdown2.o(.ARM.Collect$$libshutdown$$00000004)
    __rt_lib_shutdown_fini_1                 0x08000257   Thumb Code     0  libshutdown2.o(.ARM.Collect$$libshutdown$$00000002)
    __rt_lib_shutdown_fp_trap_1              0x08000257   Thumb Code     0  libshutdown2.o(.ARM.Collect$$libshutdown$$00000009)
    __rt_lib_shutdown_heap_1                 0x08000257   Thumb Code     0  libshutdown2.o(.ARM.Collect$$libshutdown$$00000011)
    __rt_lib_shutdown_return                 0x08000257   Thumb Code     0  libshutdown2.o(.ARM.Collect$$libshutdown$$00000012)
    __rt_lib_shutdown_signal_1               0x08000257   Thumb Code     0  libshutdown2.o(.ARM.Collect$$libshutdown$$0000000C)
    __rt_lib_shutdown_stdio_1                0x08000257   Thumb Code     0  libshutdown2.o(.ARM.Collect$$libshutdown$$00000006)
    __rt_lib_shutdown_user_alloc_1           0x08000257   Thumb Code     0  libshutdown2.o(.ARM.Collect$$libshutdown$$0000000E)
    __rt_entry                               0x08000259   Thumb Code     0  __rtentry.o(.ARM.Collect$$rtentry$$00000000)
    __rt_entry_presh_1                       0x08000259   Thumb Code     0  __rtentry2.o(.ARM.Collect$$rtentry$$00000002)
    __rt_entry_sh                            0x08000259   Thumb Code     0  __rtentry4.o(.ARM.Collect$$rtentry$$00000004)
    __rt_entry_li                            0x0800025f   Thumb Code     0  __rtentry2.o(.ARM.Collect$$rtentry$$0000000A)
    __rt_entry_postsh_1                      0x0800025f   Thumb Code     0  __rtentry2.o(.ARM.Collect$$rtentry$$00000009)
    __rt_entry_main                          0x08000263   Thumb Code     0  __rtentry2.o(.ARM.Collect$$rtentry$$0000000D)
    __rt_entry_postli_1                      0x08000263   Thumb Code     0  __rtentry2.o(.ARM.Collect$$rtentry$$0000000C)
    __rt_exit                                0x0800026b   Thumb Code     0  rtexit.o(.ARM.Collect$$rtexit$$00000000)
    __rt_exit_ls                             0x0800026d   Thumb Code     0  rtexit2.o(.ARM.Collect$$rtexit$$00000003)
    __rt_exit_prels_1                        0x0800026d   Thumb Code     0  rtexit2.o(.ARM.Collect$$rtexit$$00000002)
    __rt_exit_exit                           0x08000271   Thumb Code     0  rtexit2.o(.ARM.Collect$$rtexit$$00000004)
    Reset_Handler                            0x08000279   Thumb Code     8  startup_stm32g474xx.o(.text)
    ADC1_2_IRQHandler                        0x08000293   Thumb Code     0  startup_stm32g474xx.o(.text)
    ADC3_IRQHandler                          0x08000293   Thumb Code     0  startup_stm32g474xx.o(.text)
    ADC4_IRQHandler                          0x08000293   Thumb Code     0  startup_stm32g474xx.o(.text)
    ADC5_IRQHandler                          0x08000293   Thumb Code     0  startup_stm32g474xx.o(.text)
    COMP1_2_3_IRQHandler                     0x08000293   Thumb Code     0  startup_stm32g474xx.o(.text)
    COMP4_5_6_IRQHandler                     0x08000293   Thumb Code     0  startup_stm32g474xx.o(.text)
    COMP7_IRQHandler                         0x08000293   Thumb Code     0  startup_stm32g474xx.o(.text)
    CORDIC_IRQHandler                        0x08000293   Thumb Code     0  startup_stm32g474xx.o(.text)
    CRS_IRQHandler                           0x08000293   Thumb Code     0  startup_stm32g474xx.o(.text)
    DMA1_Channel2_IRQHandler                 0x08000293   Thumb Code     0  startup_stm32g474xx.o(.text)
    DMA1_Channel3_IRQHandler                 0x08000293   Thumb Code     0  startup_stm32g474xx.o(.text)
    DMA1_Channel4_IRQHandler                 0x08000293   Thumb Code     0  startup_stm32g474xx.o(.text)
    DMA1_Channel5_IRQHandler                 0x08000293   Thumb Code     0  startup_stm32g474xx.o(.text)
    DMA1_Channel6_IRQHandler                 0x08000293   Thumb Code     0  startup_stm32g474xx.o(.text)
    DMA1_Channel7_IRQHandler                 0x08000293   Thumb Code     0  startup_stm32g474xx.o(.text)
    DMA1_Channel8_IRQHandler                 0x08000293   Thumb Code     0  startup_stm32g474xx.o(.text)
    DMA2_Channel1_IRQHandler                 0x08000293   Thumb Code     0  startup_stm32g474xx.o(.text)
    DMA2_Channel2_IRQHandler                 0x08000293   Thumb Code     0  startup_stm32g474xx.o(.text)
    DMA2_Channel3_IRQHandler                 0x08000293   Thumb Code     0  startup_stm32g474xx.o(.text)
    DMA2_Channel4_IRQHandler                 0x08000293   Thumb Code     0  startup_stm32g474xx.o(.text)
    DMA2_Channel5_IRQHandler                 0x08000293   Thumb Code     0  startup_stm32g474xx.o(.text)
    DMA2_Channel6_IRQHandler                 0x08000293   Thumb Code     0  startup_stm32g474xx.o(.text)
    DMA2_Channel7_IRQHandler                 0x08000293   Thumb Code     0  startup_stm32g474xx.o(.text)
    DMA2_Channel8_IRQHandler                 0x08000293   Thumb Code     0  startup_stm32g474xx.o(.text)
    DMAMUX_OVR_IRQHandler                    0x08000293   Thumb Code     0  startup_stm32g474xx.o(.text)
    EXTI0_IRQHandler                         0x08000293   Thumb Code     0  startup_stm32g474xx.o(.text)
    EXTI15_10_IRQHandler                     0x08000293   Thumb Code     0  startup_stm32g474xx.o(.text)
    EXTI1_IRQHandler                         0x08000293   Thumb Code     0  startup_stm32g474xx.o(.text)
    EXTI2_IRQHandler                         0x08000293   Thumb Code     0  startup_stm32g474xx.o(.text)
    EXTI3_IRQHandler                         0x08000293   Thumb Code     0  startup_stm32g474xx.o(.text)
    EXTI4_IRQHandler                         0x08000293   Thumb Code     0  startup_stm32g474xx.o(.text)
    EXTI9_5_IRQHandler                       0x08000293   Thumb Code     0  startup_stm32g474xx.o(.text)
    FDCAN1_IT0_IRQHandler                    0x08000293   Thumb Code     0  startup_stm32g474xx.o(.text)
    FDCAN1_IT1_IRQHandler                    0x08000293   Thumb Code     0  startup_stm32g474xx.o(.text)
    FDCAN2_IT0_IRQHandler                    0x08000293   Thumb Code     0  startup_stm32g474xx.o(.text)
    FDCAN2_IT1_IRQHandler                    0x08000293   Thumb Code     0  startup_stm32g474xx.o(.text)
    FDCAN3_IT0_IRQHandler                    0x08000293   Thumb Code     0  startup_stm32g474xx.o(.text)
    FDCAN3_IT1_IRQHandler                    0x08000293   Thumb Code     0  startup_stm32g474xx.o(.text)
    FLASH_IRQHandler                         0x08000293   Thumb Code     0  startup_stm32g474xx.o(.text)
    FMAC_IRQHandler                          0x08000293   Thumb Code     0  startup_stm32g474xx.o(.text)
    FMC_IRQHandler                           0x08000293   Thumb Code     0  startup_stm32g474xx.o(.text)
    FPU_IRQHandler                           0x08000293   Thumb Code     0  startup_stm32g474xx.o(.text)
    HRTIM1_FLT_IRQHandler                    0x08000293   Thumb Code     0  startup_stm32g474xx.o(.text)
    HRTIM1_Master_IRQHandler                 0x08000293   Thumb Code     0  startup_stm32g474xx.o(.text)
    HRTIM1_TIMA_IRQHandler                   0x08000293   Thumb Code     0  startup_stm32g474xx.o(.text)
    HRTIM1_TIMB_IRQHandler                   0x08000293   Thumb Code     0  startup_stm32g474xx.o(.text)
    HRTIM1_TIMC_IRQHandler                   0x08000293   Thumb Code     0  startup_stm32g474xx.o(.text)
    HRTIM1_TIMD_IRQHandler                   0x08000293   Thumb Code     0  startup_stm32g474xx.o(.text)
    HRTIM1_TIME_IRQHandler                   0x08000293   Thumb Code     0  startup_stm32g474xx.o(.text)
    HRTIM1_TIMF_IRQHandler                   0x08000293   Thumb Code     0  startup_stm32g474xx.o(.text)
    I2C1_ER_IRQHandler                       0x08000293   Thumb Code     0  startup_stm32g474xx.o(.text)
    I2C1_EV_IRQHandler                       0x08000293   Thumb Code     0  startup_stm32g474xx.o(.text)
    I2C2_ER_IRQHandler                       0x08000293   Thumb Code     0  startup_stm32g474xx.o(.text)
    I2C2_EV_IRQHandler                       0x08000293   Thumb Code     0  startup_stm32g474xx.o(.text)
    I2C3_ER_IRQHandler                       0x08000293   Thumb Code     0  startup_stm32g474xx.o(.text)
    I2C3_EV_IRQHandler                       0x08000293   Thumb Code     0  startup_stm32g474xx.o(.text)
    I2C4_ER_IRQHandler                       0x08000293   Thumb Code     0  startup_stm32g474xx.o(.text)
    I2C4_EV_IRQHandler                       0x08000293   Thumb Code     0  startup_stm32g474xx.o(.text)
    LPTIM1_IRQHandler                        0x08000293   Thumb Code     0  startup_stm32g474xx.o(.text)
    LPUART1_IRQHandler                       0x08000293   Thumb Code     0  startup_stm32g474xx.o(.text)
    PVD_PVM_IRQHandler                       0x08000293   Thumb Code     0  startup_stm32g474xx.o(.text)
    QUADSPI_IRQHandler                       0x08000293   Thumb Code     0  startup_stm32g474xx.o(.text)
    RCC_IRQHandler                           0x08000293   Thumb Code     0  startup_stm32g474xx.o(.text)
    RNG_IRQHandler                           0x08000293   Thumb Code     0  startup_stm32g474xx.o(.text)
    RTC_Alarm_IRQHandler                     0x08000293   Thumb Code     0  startup_stm32g474xx.o(.text)
    RTC_TAMP_LSECSS_IRQHandler               0x08000293   Thumb Code     0  startup_stm32g474xx.o(.text)
    RTC_WKUP_IRQHandler                      0x08000293   Thumb Code     0  startup_stm32g474xx.o(.text)
    SAI1_IRQHandler                          0x08000293   Thumb Code     0  startup_stm32g474xx.o(.text)
    SPI1_IRQHandler                          0x08000293   Thumb Code     0  startup_stm32g474xx.o(.text)
    SPI2_IRQHandler                          0x08000293   Thumb Code     0  startup_stm32g474xx.o(.text)
    SPI3_IRQHandler                          0x08000293   Thumb Code     0  startup_stm32g474xx.o(.text)
    SPI4_IRQHandler                          0x08000293   Thumb Code     0  startup_stm32g474xx.o(.text)
    TIM1_BRK_TIM15_IRQHandler                0x08000293   Thumb Code     0  startup_stm32g474xx.o(.text)
    TIM1_CC_IRQHandler                       0x08000293   Thumb Code     0  startup_stm32g474xx.o(.text)
    TIM1_TRG_COM_TIM17_IRQHandler            0x08000293   Thumb Code     0  startup_stm32g474xx.o(.text)
    TIM1_UP_TIM16_IRQHandler                 0x08000293   Thumb Code     0  startup_stm32g474xx.o(.text)
    TIM20_BRK_IRQHandler                     0x08000293   Thumb Code     0  startup_stm32g474xx.o(.text)
    TIM20_CC_IRQHandler                      0x08000293   Thumb Code     0  startup_stm32g474xx.o(.text)
    TIM20_TRG_COM_IRQHandler                 0x08000293   Thumb Code     0  startup_stm32g474xx.o(.text)
    TIM20_UP_IRQHandler                      0x08000293   Thumb Code     0  startup_stm32g474xx.o(.text)
    TIM2_IRQHandler                          0x08000293   Thumb Code     0  startup_stm32g474xx.o(.text)
    TIM3_IRQHandler                          0x08000293   Thumb Code     0  startup_stm32g474xx.o(.text)
    TIM4_IRQHandler                          0x08000293   Thumb Code     0  startup_stm32g474xx.o(.text)
    TIM5_IRQHandler                          0x08000293   Thumb Code     0  startup_stm32g474xx.o(.text)
    TIM6_DAC_IRQHandler                      0x08000293   Thumb Code     0  startup_stm32g474xx.o(.text)
    TIM7_DAC_IRQHandler                      0x08000293   Thumb Code     0  startup_stm32g474xx.o(.text)
    TIM8_BRK_IRQHandler                      0x08000293   Thumb Code     0  startup_stm32g474xx.o(.text)
    TIM8_CC_IRQHandler                       0x08000293   Thumb Code     0  startup_stm32g474xx.o(.text)
    TIM8_TRG_COM_IRQHandler                  0x08000293   Thumb Code     0  startup_stm32g474xx.o(.text)
    TIM8_UP_IRQHandler                       0x08000293   Thumb Code     0  startup_stm32g474xx.o(.text)
    UART4_IRQHandler                         0x08000293   Thumb Code     0  startup_stm32g474xx.o(.text)
    UART5_IRQHandler                         0x08000293   Thumb Code     0  startup_stm32g474xx.o(.text)
    UCPD1_IRQHandler                         0x08000293   Thumb Code     0  startup_stm32g474xx.o(.text)
    USART1_IRQHandler                        0x08000293   Thumb Code     0  startup_stm32g474xx.o(.text)
    USART2_IRQHandler                        0x08000293   Thumb Code     0  startup_stm32g474xx.o(.text)
    USART3_IRQHandler                        0x08000293   Thumb Code     0  startup_stm32g474xx.o(.text)
    USBWakeUp_IRQHandler                     0x08000293   Thumb Code     0  startup_stm32g474xx.o(.text)
    USB_HP_IRQHandler                        0x08000293   Thumb Code     0  startup_stm32g474xx.o(.text)
    USB_LP_IRQHandler                        0x08000293   Thumb Code     0  startup_stm32g474xx.o(.text)
    WWDG_IRQHandler                          0x08000293   Thumb Code     0  startup_stm32g474xx.o(.text)
    __user_initial_stackheap                 0x08000295   Thumb Code     0  startup_stm32g474xx.o(.text)
    __aeabi_uldivmod                         0x080002b9   Thumb Code     0  lludivv7m.o(.text)
    _ll_udiv                                 0x080002b9   Thumb Code   238  lludivv7m.o(.text)
    __aeabi_memclr4                          0x080003a7   Thumb Code     0  rt_memclr_w.o(.text)
    __aeabi_memclr8                          0x080003a7   Thumb Code     0  rt_memclr_w.o(.text)
    __rt_memclr_w                            0x080003a7   Thumb Code    78  rt_memclr_w.o(.text)
    _memset_w                                0x080003ab   Thumb Code     0  rt_memclr_w.o(.text)
    __use_two_region_memory                  0x080003f5   Thumb Code     2  heapauxi.o(.text)
    __rt_heap_escrow$2region                 0x080003f7   Thumb Code     2  heapauxi.o(.text)
    __rt_heap_expand$2region                 0x080003f9   Thumb Code     2  heapauxi.o(.text)
    __user_setup_stackheap                   0x080003fb   Thumb Code    74  sys_stackheap_outer.o(.text)
    exit                                     0x08000445   Thumb Code    18  exit.o(.text)
    __user_libspace                          0x08000459   Thumb Code     8  libspace.o(.text)
    __user_perproc_libspace                  0x08000459   Thumb Code     0  libspace.o(.text)
    __user_perthread_libspace                0x08000459   Thumb Code     0  libspace.o(.text)
    _sys_exit                                0x08000461   Thumb Code     8  sys_exit.o(.text)
    __I$use$semihosting                      0x0800046d   Thumb Code     0  use_no_semi.o(.text)
    __use_no_semihosting_swi                 0x0800046d   Thumb Code     2  use_no_semi.o(.text)
    BusFault_Handler                         0x0800046f   Thumb Code     2  stm32g4xx_it.o(i.BusFault_Handler)
    __semihosting_library_function           0x0800046f   Thumb Code     0  indicate_semi.o(.text)
    DMA1_Channel1_IRQHandler                 0x08000471   Thumb Code     6  stm32g4xx_it.o(i.DMA1_Channel1_IRQHandler)
    DebugMon_Handler                         0x080004e1   Thumb Code     2  stm32g4xx_it.o(i.DebugMon_Handler)
    Error_Handler                            0x080004e3   Thumb Code     4  main.o(i.Error_Handler)
    HAL_ADCEx_MultiModeConfigChannel         0x080004e9   Thumb Code   326  stm32g4xx_hal_adc_ex.o(i.HAL_ADCEx_MultiModeConfigChannel)
    HAL_ADC_ConfigChannel                    0x08000649   Thumb Code  1066  stm32g4xx_hal_adc.o(i.HAL_ADC_ConfigChannel)
    HAL_ADC_Init                             0x08000ab5   Thumb Code   510  stm32g4xx_hal_adc.o(i.HAL_ADC_Init)
    HAL_ADC_MspInit                          0x08000ce5   Thumb Code   112  adc.o(i.HAL_ADC_MspInit)
    HAL_DMA_IRQHandler                       0x08000d59   Thumb Code   186  stm32g4xx_hal_dma.o(i.HAL_DMA_IRQHandler)
    HAL_DMA_Init                             0x08000e15   Thumb Code   178  stm32g4xx_hal_dma.o(i.HAL_DMA_Init)
    HAL_GPIO_Init                            0x08000ed5   Thumb Code   550  stm32g4xx_hal_gpio.o(i.HAL_GPIO_Init)
    HAL_GetTick                              0x0800111d   Thumb Code     6  stm32g4xx_hal.o(i.HAL_GetTick)
    HAL_HRTIM_DLLCalibrationStart            0x08001129   Thumb Code    98  stm32g4xx_hal_hrtim.o(i.HAL_HRTIM_DLLCalibrationStart)
    HAL_HRTIM_DeadTimeConfig                 0x0800118d   Thumb Code   136  stm32g4xx_hal_hrtim.o(i.HAL_HRTIM_DeadTimeConfig)
    HAL_HRTIM_Init                           0x08001219   Thumb Code   184  stm32g4xx_hal_hrtim.o(i.HAL_HRTIM_Init)
    HAL_HRTIM_MspInit                        0x080012d9   Thumb Code    30  hrtim.o(i.HAL_HRTIM_MspInit)
    HAL_HRTIM_MspPostInit                    0x08001301   Thumb Code   102  hrtim.o(i.HAL_HRTIM_MspPostInit)
    HAL_HRTIM_PollForDLLCalibration          0x08001375   Thumb Code    66  stm32g4xx_hal_hrtim.o(i.HAL_HRTIM_PollForDLLCalibration)
    HAL_HRTIM_TimeBaseConfig                 0x080013b7   Thumb Code   122  stm32g4xx_hal_hrtim.o(i.HAL_HRTIM_TimeBaseConfig)
    HAL_HRTIM_WaveformCompareConfig          0x08001431   Thumb Code   308  stm32g4xx_hal_hrtim.o(i.HAL_HRTIM_WaveformCompareConfig)
    HAL_HRTIM_WaveformCountStart             0x08001565   Thumb Code    44  stm32g4xx_hal_hrtim.o(i.HAL_HRTIM_WaveformCountStart)
    HAL_HRTIM_WaveformOutputConfig           0x08001591   Thumb Code    54  stm32g4xx_hal_hrtim.o(i.HAL_HRTIM_WaveformOutputConfig)
    HAL_HRTIM_WaveformOutputStart            0x080015c7   Thumb Code    48  stm32g4xx_hal_hrtim.o(i.HAL_HRTIM_WaveformOutputStart)
    HAL_HRTIM_WaveformTimerConfig            0x080015f7   Thumb Code   144  stm32g4xx_hal_hrtim.o(i.HAL_HRTIM_WaveformTimerConfig)
    HAL_HRTIM_WaveformTimerControl           0x08001687   Thumb Code   132  stm32g4xx_hal_hrtim.o(i.HAL_HRTIM_WaveformTimerControl)
    HAL_I2CEx_ConfigAnalogFilter             0x0800170b   Thumb Code    86  stm32g4xx_hal_i2c_ex.o(i.HAL_I2CEx_ConfigAnalogFilter)
    HAL_I2CEx_ConfigDigitalFilter            0x08001761   Thumb Code    82  stm32g4xx_hal_i2c_ex.o(i.HAL_I2CEx_ConfigDigitalFilter)
    HAL_I2C_Init                             0x080017b5   Thumb Code   184  stm32g4xx_hal_i2c.o(i.HAL_I2C_Init)
    HAL_I2C_MspInit                          0x08001871   Thumb Code   150  i2c.o(i.HAL_I2C_MspInit)
    HAL_IncTick                              0x08001915   Thumb Code    12  stm32g4xx_hal.o(i.HAL_IncTick)
    HAL_Init                                 0x08001925   Thumb Code    30  stm32g4xx_hal.o(i.HAL_Init)
    HAL_InitTick                             0x08001945   Thumb Code    58  stm32g4xx_hal.o(i.HAL_InitTick)
    HAL_MspInit                              0x08001989   Thumb Code    42  stm32g4xx_hal_msp.o(i.HAL_MspInit)
    HAL_NVIC_EnableIRQ                       0x080019b9   Thumb Code    26  stm32g4xx_hal_cortex.o(i.HAL_NVIC_EnableIRQ)
    HAL_NVIC_SetPriority                     0x080019d5   Thumb Code    60  stm32g4xx_hal_cortex.o(i.HAL_NVIC_SetPriority)
    HAL_NVIC_SetPriorityGrouping             0x08001a15   Thumb Code    26  stm32g4xx_hal_cortex.o(i.HAL_NVIC_SetPriorityGrouping)
    HAL_PWREx_ControlVoltageScaling          0x08001a39   Thumb Code   174  stm32g4xx_hal_pwr_ex.o(i.HAL_PWREx_ControlVoltageScaling)
    HAL_PWREx_DisableUCPDDeadBattery         0x08001af5   Thumb Code    12  stm32g4xx_hal_pwr_ex.o(i.HAL_PWREx_DisableUCPDDeadBattery)
    HAL_RCCEx_PeriphCLKConfig                0x08001b05   Thumb Code   758  stm32g4xx_hal_rcc_ex.o(i.HAL_RCCEx_PeriphCLKConfig)
    HAL_RCC_ClockConfig                      0x08001e05   Thumb Code   444  stm32g4xx_hal_rcc.o(i.HAL_RCC_ClockConfig)
    HAL_RCC_GetPCLK1Freq                     0x08001fe1   Thumb Code    24  stm32g4xx_hal_rcc.o(i.HAL_RCC_GetPCLK1Freq)
    HAL_RCC_GetPCLK2Freq                     0x08002005   Thumb Code    24  stm32g4xx_hal_rcc.o(i.HAL_RCC_GetPCLK2Freq)
    HAL_RCC_GetSysClockFreq                  0x08002029   Thumb Code    98  stm32g4xx_hal_rcc.o(i.HAL_RCC_GetSysClockFreq)
    HAL_RCC_OscConfig                        0x08002095   Thumb Code  1028  stm32g4xx_hal_rcc.o(i.HAL_RCC_OscConfig)
    HAL_SYSTICK_Config                       0x08002499   Thumb Code    40  stm32g4xx_hal_cortex.o(i.HAL_SYSTICK_Config)
    HAL_TIMEx_ConfigBreakDeadTime            0x080024c1   Thumb Code   154  stm32g4xx_hal_tim_ex.o(i.HAL_TIMEx_ConfigBreakDeadTime)
    HAL_TIMEx_MasterConfigSynchronization    0x08002569   Thumb Code   150  stm32g4xx_hal_tim_ex.o(i.HAL_TIMEx_MasterConfigSynchronization)
    HAL_TIM_Base_Init                        0x08002621   Thumb Code    98  stm32g4xx_hal_tim.o(i.HAL_TIM_Base_Init)
    HAL_TIM_Base_MspInit                     0x08002685   Thumb Code    30  tim.o(i.HAL_TIM_Base_MspInit)
    HAL_TIM_ConfigClockSource                0x080026ad   Thumb Code   234  stm32g4xx_hal_tim.o(i.HAL_TIM_ConfigClockSource)
    HAL_TIM_MspPostInit                      0x0800279d   Thumb Code   148  tim.o(i.HAL_TIM_MspPostInit)
    HAL_TIM_PWM_ConfigChannel                0x08002841   Thumb Code   292  stm32g4xx_hal_tim.o(i.HAL_TIM_PWM_ConfigChannel)
    HAL_TIM_PWM_Init                         0x08002965   Thumb Code    98  stm32g4xx_hal_tim.o(i.HAL_TIM_PWM_Init)
    HAL_TIM_PWM_MspInit                      0x080029c7   Thumb Code     2  stm32g4xx_hal_tim.o(i.HAL_TIM_PWM_MspInit)
    HAL_UARTEx_DisableFifoMode               0x080029c9   Thumb Code    62  stm32g4xx_hal_uart_ex.o(i.HAL_UARTEx_DisableFifoMode)
    HAL_UARTEx_SetRxFifoThreshold            0x08002a07   Thumb Code    76  stm32g4xx_hal_uart_ex.o(i.HAL_UARTEx_SetRxFifoThreshold)
    HAL_UARTEx_SetTxFifoThreshold            0x08002a53   Thumb Code    76  stm32g4xx_hal_uart_ex.o(i.HAL_UARTEx_SetTxFifoThreshold)
    HAL_UART_Init                            0x08002a9f   Thumb Code   106  stm32g4xx_hal_uart.o(i.HAL_UART_Init)
    HAL_UART_MspInit                         0x08002b09   Thumb Code   158  usart.o(i.HAL_UART_MspInit)
    HardFault_Handler                        0x08002f31   Thumb Code     2  stm32g4xx_it.o(i.HardFault_Handler)
    MX_ADC1_Init                             0x08002f85   Thumb Code   142  adc.o(i.MX_ADC1_Init)
    MX_DMA_Init                              0x0800301d   Thumb Code    56  dma.o(i.MX_DMA_Init)
    MX_GPIO_Init                             0x08003059   Thumb Code    70  gpio.o(i.MX_GPIO_Init)
    MX_HRTIM1_Init                           0x080030a5   Thumb Code   858  hrtim.o(i.MX_HRTIM1_Init)
    MX_I2C1_Init                             0x08003409   Thumb Code    76  i2c.o(i.MX_I2C1_Init)
    MX_TIM1_Init                             0x08003461   Thumb Code   232  tim.o(i.MX_TIM1_Init)
    MX_USART1_UART_Init                      0x08003551   Thumb Code    94  usart.o(i.MX_USART1_UART_Init)
    MemManage_Handler                        0x080035b9   Thumb Code     2  stm32g4xx_it.o(i.MemManage_Handler)
    NMI_Handler                              0x080035bb   Thumb Code     2  stm32g4xx_it.o(i.NMI_Handler)
    PendSV_Handler                           0x080035bd   Thumb Code     2  stm32g4xx_it.o(i.PendSV_Handler)
    SVC_Handler                              0x080035bf   Thumb Code     2  stm32g4xx_it.o(i.SVC_Handler)
    SysTick_Handler                          0x080035c1   Thumb Code     4  stm32g4xx_it.o(i.SysTick_Handler)
    SystemClock_Config                       0x080035c5   Thumb Code   100  main.o(i.SystemClock_Config)
    SystemInit                               0x08003629   Thumb Code    12  system_stm32g4xx.o(i.SystemInit)
    TIM_Base_SetConfig                       0x08003639   Thumb Code   190  stm32g4xx_hal_tim.o(i.TIM_Base_SetConfig)
    TIM_ETR_SetConfig                        0x0800371d   Thumb Code    20  stm32g4xx_hal_tim.o(i.TIM_ETR_SetConfig)
    TIM_OC2_SetConfig                        0x080037f1   Thumb Code   132  stm32g4xx_hal_tim.o(i.TIM_OC2_SetConfig)
    UART_AdvFeatureConfig                    0x08003b51   Thumb Code   200  stm32g4xx_hal_uart.o(i.UART_AdvFeatureConfig)
    UART_CheckIdleState                      0x08003c19   Thumb Code   172  stm32g4xx_hal_uart.o(i.UART_CheckIdleState)
    UART_SetConfig                           0x08003d19   Thumb Code   614  stm32g4xx_hal_uart.o(i.UART_SetConfig)
    UART_WaitOnFlagUntilTimeout              0x08003fb1   Thumb Code   148  stm32g4xx_hal_uart.o(i.UART_WaitOnFlagUntilTimeout)
    UsageFault_Handler                       0x08004045   Thumb Code     2  stm32g4xx_it.o(i.UsageFault_Handler)
    main                                     0x08004067   Thumb Code    62  main.o(i.main)
    phase_shift_A                            0x080040a5   Thumb Code   250  main.o(i.phase_shift_A)
    start_module_A                           0x080041a9   Thumb Code    80  main.o(i.start_module_A)
    _fp_init                                 0x080041fd   Thumb Code    10  fpinit.o(x$fpl$fpinit)
    __fplib_config_fpu_vfp                   0x08004205   Thumb Code     0  fpinit.o(x$fpl$fpinit)
    __fplib_config_pureend_doubles           0x08004205   Thumb Code     0  fpinit.o(x$fpl$fpinit)
    UARTPrescTable                           0x08004206   Data          24  stm32g4xx_hal_uart.o(.constdata)
    AHBPrescTable                            0x0800422e   Data          16  system_stm32g4xx.o(.constdata)
    APBPrescTable                            0x0800423e   Data           8  system_stm32g4xx.o(.constdata)
    Region$$Table$$Base                      0x08004248   Number         0  anon$$obj.o(Region$$Table)
    Region$$Table$$Limit                     0x08004268   Number         0  anon$$obj.o(Region$$Table)
    phase_A1_SHIFT                           0x20000000   Data           4  main.o(.data)
    phase_A2_SHIFT                           0x20000004   Data           4  main.o(.data)
    phase_A3_SHIFT                           0x20000008   Data           4  main.o(.data)
    phase_A4_SHIFT                           0x2000000c   Data           4  main.o(.data)
    uwTickPrio                               0x20000010   Data           4  stm32g4xx_hal.o(.data)
    uwTickFreq                               0x20000014   Data           4  stm32g4xx_hal.o(.data)
    uwTick                                   0x20000018   Data           4  stm32g4xx_hal.o(.data)
    SystemCoreClock                          0x2000001c   Data           4  system_stm32g4xx.o(.data)
    hadc1                                    0x20000020   Data         108  adc.o(.bss)
    hhrtim1                                  0x2000008c   Data         252  hrtim.o(.bss)
    hi2c1                                    0x20000188   Data          84  i2c.o(.bss)
    htim1                                    0x200001dc   Data          76  tim.o(.bss)
    huart1                                   0x20000228   Data         148  usart.o(.bss)
    hdma_usart1_tx                           0x200002bc   Data          96  usart.o(.bss)
    __libspace_start                         0x2000031c   Data          96  libspace.o(.bss)
    __temporary_stack_top$libspace           0x2000037c   Data           0  libspace.o(.bss)



==============================================================================

Memory Map of the image

  Image Entry point : 0x080001d9

  Load Region LR_IROM1 (Base: 0x08000000, Size: 0x00004288, Max: 0x00080000, ABSOLUTE)

    Execution Region ER_IROM1 (Exec base: 0x08000000, Load base: 0x08000000, Size: 0x00004268, Max: 0x00080000, ABSOLUTE)

    Exec Addr    Load Addr    Size         Type   Attr      Idx    E Section Name        Object

    0x08000000   0x08000000   0x000001d8   Data   RO            3    RESET               startup_stm32g474xx.o
    0x080001d8   0x080001d8   0x00000008   Code   RO         5700  * !!!main             c_w.l(__main.o)
    0x080001e0   0x080001e0   0x00000034   Code   RO         5869    !!!scatter          c_w.l(__scatter.o)
    0x08000214   0x08000214   0x0000001a   Code   RO         5871    !!handler_copy      c_w.l(__scatter_copy.o)
    0x0800022e   0x0800022e   0x00000002   PAD
    0x08000230   0x08000230   0x0000001c   Code   RO         5873    !!handler_zi        c_w.l(__scatter_zi.o)
    0x0800024c   0x0800024c   0x00000002   Code   RO         5737    .ARM.Collect$$libinit$$00000000  c_w.l(libinit.o)
    0x0800024e   0x0800024e   0x00000004   Code   RO         5749    .ARM.Collect$$libinit$$00000001  c_w.l(libinit2.o)
    0x08000252   0x08000252   0x00000000   Code   RO         5752    .ARM.Collect$$libinit$$00000004  c_w.l(libinit2.o)
    0x08000252   0x08000252   0x00000000   Code   RO         5755    .ARM.Collect$$libinit$$0000000A  c_w.l(libinit2.o)
    0x08000252   0x08000252   0x00000000   Code   RO         5757    .ARM.Collect$$libinit$$0000000C  c_w.l(libinit2.o)
    0x08000252   0x08000252   0x00000000   Code   RO         5759    .ARM.Collect$$libinit$$0000000E  c_w.l(libinit2.o)
    0x08000252   0x08000252   0x00000000   Code   RO         5762    .ARM.Collect$$libinit$$00000011  c_w.l(libinit2.o)
    0x08000252   0x08000252   0x00000000   Code   RO         5764    .ARM.Collect$$libinit$$00000013  c_w.l(libinit2.o)
    0x08000252   0x08000252   0x00000000   Code   RO         5766    .ARM.Collect$$libinit$$00000015  c_w.l(libinit2.o)
    0x08000252   0x08000252   0x00000000   Code   RO         5768    .ARM.Collect$$libinit$$00000017  c_w.l(libinit2.o)
    0x08000252   0x08000252   0x00000000   Code   RO         5770    .ARM.Collect$$libinit$$00000019  c_w.l(libinit2.o)
    0x08000252   0x08000252   0x00000000   Code   RO         5772    .ARM.Collect$$libinit$$0000001B  c_w.l(libinit2.o)
    0x08000252   0x08000252   0x00000000   Code   RO         5774    .ARM.Collect$$libinit$$0000001D  c_w.l(libinit2.o)
    0x08000252   0x08000252   0x00000000   Code   RO         5776    .ARM.Collect$$libinit$$0000001F  c_w.l(libinit2.o)
    0x08000252   0x08000252   0x00000000   Code   RO         5778    .ARM.Collect$$libinit$$00000021  c_w.l(libinit2.o)
    0x08000252   0x08000252   0x00000000   Code   RO         5780    .ARM.Collect$$libinit$$00000023  c_w.l(libinit2.o)
    0x08000252   0x08000252   0x00000000   Code   RO         5782    .ARM.Collect$$libinit$$00000025  c_w.l(libinit2.o)
    0x08000252   0x08000252   0x00000000   Code   RO         5786    .ARM.Collect$$libinit$$0000002C  c_w.l(libinit2.o)
    0x08000252   0x08000252   0x00000000   Code   RO         5788    .ARM.Collect$$libinit$$0000002E  c_w.l(libinit2.o)
    0x08000252   0x08000252   0x00000000   Code   RO         5790    .ARM.Collect$$libinit$$00000030  c_w.l(libinit2.o)
    0x08000252   0x08000252   0x00000000   Code   RO         5792    .ARM.Collect$$libinit$$00000032  c_w.l(libinit2.o)
    0x08000252   0x08000252   0x00000002   Code   RO         5793    .ARM.Collect$$libinit$$00000033  c_w.l(libinit2.o)
    0x08000254   0x08000254   0x00000002   Code   RO         5824    .ARM.Collect$$libshutdown$$00000000  c_w.l(libshutdown.o)
    0x08000256   0x08000256   0x00000000   Code   RO         5850    .ARM.Collect$$libshutdown$$00000002  c_w.l(libshutdown2.o)
    0x08000256   0x08000256   0x00000000   Code   RO         5852    .ARM.Collect$$libshutdown$$00000004  c_w.l(libshutdown2.o)
    0x08000256   0x08000256   0x00000000   Code   RO         5854    .ARM.Collect$$libshutdown$$00000006  c_w.l(libshutdown2.o)
    0x08000256   0x08000256   0x00000000   Code   RO         5857    .ARM.Collect$$libshutdown$$00000009  c_w.l(libshutdown2.o)
    0x08000256   0x08000256   0x00000000   Code   RO         5860    .ARM.Collect$$libshutdown$$0000000C  c_w.l(libshutdown2.o)
    0x08000256   0x08000256   0x00000000   Code   RO         5862    .ARM.Collect$$libshutdown$$0000000E  c_w.l(libshutdown2.o)
    0x08000256   0x08000256   0x00000000   Code   RO         5865    .ARM.Collect$$libshutdown$$00000011  c_w.l(libshutdown2.o)
    0x08000256   0x08000256   0x00000002   Code   RO         5866    .ARM.Collect$$libshutdown$$00000012  c_w.l(libshutdown2.o)
    0x08000258   0x08000258   0x00000000   Code   RO         5702    .ARM.Collect$$rtentry$$00000000  c_w.l(__rtentry.o)
    0x08000258   0x08000258   0x00000000   Code   RO         5708    .ARM.Collect$$rtentry$$00000002  c_w.l(__rtentry2.o)
    0x08000258   0x08000258   0x00000006   Code   RO         5720    .ARM.Collect$$rtentry$$00000004  c_w.l(__rtentry4.o)
    0x0800025e   0x0800025e   0x00000000   Code   RO         5710    .ARM.Collect$$rtentry$$00000009  c_w.l(__rtentry2.o)
    0x0800025e   0x0800025e   0x00000004   Code   RO         5711    .ARM.Collect$$rtentry$$0000000A  c_w.l(__rtentry2.o)
    0x08000262   0x08000262   0x00000000   Code   RO         5713    .ARM.Collect$$rtentry$$0000000C  c_w.l(__rtentry2.o)
    0x08000262   0x08000262   0x00000008   Code   RO         5714    .ARM.Collect$$rtentry$$0000000D  c_w.l(__rtentry2.o)
    0x0800026a   0x0800026a   0x00000002   Code   RO         5741    .ARM.Collect$$rtexit$$00000000  c_w.l(rtexit.o)
    0x0800026c   0x0800026c   0x00000000   Code   RO         5797    .ARM.Collect$$rtexit$$00000002  c_w.l(rtexit2.o)
    0x0800026c   0x0800026c   0x00000004   Code   RO         5798    .ARM.Collect$$rtexit$$00000003  c_w.l(rtexit2.o)
    0x08000270   0x08000270   0x00000006   Code   RO         5799    .ARM.Collect$$rtexit$$00000004  c_w.l(rtexit2.o)
    0x08000276   0x08000276   0x00000002   PAD
    0x08000278   0x08000278   0x00000040   Code   RO            4    .text               startup_stm32g474xx.o
    0x080002b8   0x080002b8   0x000000ee   Code   RO         5694    .text               c_w.l(lludivv7m.o)
    0x080003a6   0x080003a6   0x0000004e   Code   RO         5696    .text               c_w.l(rt_memclr_w.o)
    0x080003f4   0x080003f4   0x00000006   Code   RO         5698    .text               c_w.l(heapauxi.o)
    0x080003fa   0x080003fa   0x0000004a   Code   RO         5724    .text               c_w.l(sys_stackheap_outer.o)
    0x08000444   0x08000444   0x00000012   Code   RO         5726    .text               c_w.l(exit.o)
    0x08000456   0x08000456   0x00000002   PAD
    0x08000458   0x08000458   0x00000008   Code   RO         5738    .text               c_w.l(libspace.o)
    0x08000460   0x08000460   0x0000000c   Code   RO         5794    .text               c_w.l(sys_exit.o)
    0x0800046c   0x0800046c   0x00000002   Code   RO         5813    .text               c_w.l(use_no_semi.o)
    0x0800046e   0x0800046e   0x00000000   Code   RO         5815    .text               c_w.l(indicate_semi.o)
    0x0800046e   0x0800046e   0x00000002   Code   RO          526    i.BusFault_Handler  stm32g4xx_it.o
    0x08000470   0x08000470   0x0000000c   Code   RO          527    i.DMA1_Channel1_IRQHandler  stm32g4xx_it.o
    0x0800047c   0x0800047c   0x00000040   Code   RO         1946    i.DMA_CalcDMAMUXChannelBaseAndMask  stm32g4xx_hal_dma.o
    0x080004bc   0x080004bc   0x00000024   Code   RO         1947    i.DMA_CalcDMAMUXRequestGenBaseAndMask  stm32g4xx_hal_dma.o
    0x080004e0   0x080004e0   0x00000002   Code   RO          528    i.DebugMon_Handler  stm32g4xx_it.o
    0x080004e2   0x080004e2   0x00000004   Code   RO          163    i.Error_Handler     main.o
    0x080004e6   0x080004e6   0x00000002   PAD
    0x080004e8   0x080004e8   0x00000160   Code   RO          887    i.HAL_ADCEx_MultiModeConfigChannel  stm32g4xx_hal_adc_ex.o
    0x08000648   0x08000648   0x0000046c   Code   RO          639    i.HAL_ADC_ConfigChannel  stm32g4xx_hal_adc.o
    0x08000ab4   0x08000ab4   0x00000230   Code   RO          648    i.HAL_ADC_Init      stm32g4xx_hal_adc.o
    0x08000ce4   0x08000ce4   0x00000074   Code   RO          281    i.HAL_ADC_MspInit   adc.o
    0x08000d58   0x08000d58   0x000000ba   Code   RO         1954    i.HAL_DMA_IRQHandler  stm32g4xx_hal_dma.o
    0x08000e12   0x08000e12   0x00000002   PAD
    0x08000e14   0x08000e14   0x000000c0   Code   RO         1955    i.HAL_DMA_Init      stm32g4xx_hal_dma.o
    0x08000ed4   0x08000ed4   0x00000248   Code   RO         1811    i.HAL_GPIO_Init     stm32g4xx_hal_gpio.o
    0x0800111c   0x0800111c   0x0000000c   Code   RO         1090    i.HAL_GetTick       stm32g4xx_hal.o
    0x08001128   0x08001128   0x00000062   Code   RO         2619    i.HAL_HRTIM_DLLCalibrationStart  stm32g4xx_hal_hrtim.o
    0x0800118a   0x0800118a   0x00000002   PAD
    0x0800118c   0x0800118c   0x0000008c   Code   RO         2622    i.HAL_HRTIM_DeadTimeConfig  stm32g4xx_hal_hrtim.o
    0x08001218   0x08001218   0x000000c0   Code   RO         2652    i.HAL_HRTIM_Init    stm32g4xx_hal_hrtim.o
    0x080012d8   0x080012d8   0x00000028   Code   RO          347    i.HAL_HRTIM_MspInit  hrtim.o
    0x08001300   0x08001300   0x00000074   Code   RO          348    i.HAL_HRTIM_MspPostInit  hrtim.o
    0x08001374   0x08001374   0x00000042   Code   RO         2661    i.HAL_HRTIM_PollForDLLCalibration  stm32g4xx_hal_hrtim.o
    0x080013b6   0x080013b6   0x0000007a   Code   RO         2703    i.HAL_HRTIM_TimeBaseConfig  stm32g4xx_hal_hrtim.o
    0x08001430   0x08001430   0x00000134   Code   RO         2709    i.HAL_HRTIM_WaveformCompareConfig  stm32g4xx_hal_hrtim.o
    0x08001564   0x08001564   0x0000002c   Code   RO         2710    i.HAL_HRTIM_WaveformCountStart  stm32g4xx_hal_hrtim.o
    0x08001590   0x08001590   0x00000036   Code   RO         2718    i.HAL_HRTIM_WaveformOutputConfig  stm32g4xx_hal_hrtim.o
    0x080015c6   0x080015c6   0x00000030   Code   RO         2719    i.HAL_HRTIM_WaveformOutputStart  stm32g4xx_hal_hrtim.o
    0x080015f6   0x080015f6   0x00000090   Code   RO         2722    i.HAL_HRTIM_WaveformTimerConfig  stm32g4xx_hal_hrtim.o
    0x08001686   0x08001686   0x00000084   Code   RO         2723    i.HAL_HRTIM_WaveformTimerControl  stm32g4xx_hal_hrtim.o
    0x0800170a   0x0800170a   0x00000056   Code   RO         3920    i.HAL_I2CEx_ConfigAnalogFilter  stm32g4xx_hal_i2c_ex.o
    0x08001760   0x08001760   0x00000052   Code   RO         3921    i.HAL_I2CEx_ConfigDigitalFilter  stm32g4xx_hal_i2c_ex.o
    0x080017b2   0x080017b2   0x00000002   PAD
    0x080017b4   0x080017b4   0x000000bc   Code   RO         3459    i.HAL_I2C_Init      stm32g4xx_hal_i2c.o
    0x08001870   0x08001870   0x000000a4   Code   RO          395    i.HAL_I2C_MspInit   i2c.o
    0x08001914   0x08001914   0x00000010   Code   RO         1096    i.HAL_IncTick       stm32g4xx_hal.o
    0x08001924   0x08001924   0x0000001e   Code   RO         1097    i.HAL_Init          stm32g4xx_hal.o
    0x08001942   0x08001942   0x00000002   PAD
    0x08001944   0x08001944   0x00000044   Code   RO         1098    i.HAL_InitTick      stm32g4xx_hal.o
    0x08001988   0x08001988   0x00000030   Code   RO          608    i.HAL_MspInit       stm32g4xx_hal_msp.o
    0x080019b8   0x080019b8   0x0000001a   Code   RO         2460    i.HAL_NVIC_EnableIRQ  stm32g4xx_hal_cortex.o
    0x080019d2   0x080019d2   0x00000002   PAD
    0x080019d4   0x080019d4   0x00000040   Code   RO         2466    i.HAL_NVIC_SetPriority  stm32g4xx_hal_cortex.o
    0x08001a14   0x08001a14   0x00000024   Code   RO         2467    i.HAL_NVIC_SetPriorityGrouping  stm32g4xx_hal_cortex.o
    0x08001a38   0x08001a38   0x000000bc   Code   RO         2214    i.HAL_PWREx_ControlVoltageScaling  stm32g4xx_hal_pwr_ex.o
    0x08001af4   0x08001af4   0x00000010   Code   RO         2226    i.HAL_PWREx_DisableUCPDDeadBattery  stm32g4xx_hal_pwr_ex.o
    0x08001b04   0x08001b04   0x00000300   Code   RO         1457    i.HAL_RCCEx_PeriphCLKConfig  stm32g4xx_hal_rcc_ex.o
    0x08001e04   0x08001e04   0x000001dc   Code   RO         1332    i.HAL_RCC_ClockConfig  stm32g4xx_hal_rcc.o
    0x08001fe0   0x08001fe0   0x00000024   Code   RO         1340    i.HAL_RCC_GetPCLK1Freq  stm32g4xx_hal_rcc.o
    0x08002004   0x08002004   0x00000024   Code   RO         1341    i.HAL_RCC_GetPCLK2Freq  stm32g4xx_hal_rcc.o
    0x08002028   0x08002028   0x0000006c   Code   RO         1342    i.HAL_RCC_GetSysClockFreq  stm32g4xx_hal_rcc.o
    0x08002094   0x08002094   0x00000404   Code   RO         1345    i.HAL_RCC_OscConfig  stm32g4xx_hal_rcc.o
    0x08002498   0x08002498   0x00000028   Code   RO         2471    i.HAL_SYSTICK_Config  stm32g4xx_hal_cortex.o
    0x080024c0   0x080024c0   0x000000a8   Code   RO         4695    i.HAL_TIMEx_ConfigBreakDeadTime  stm32g4xx_hal_tim_ex.o
    0x08002568   0x08002568   0x000000b8   Code   RO         4732    i.HAL_TIMEx_MasterConfigSynchronization  stm32g4xx_hal_tim_ex.o
    0x08002620   0x08002620   0x00000062   Code   RO         3976    i.HAL_TIM_Base_Init  stm32g4xx_hal_tim.o
    0x08002682   0x08002682   0x00000002   PAD
    0x08002684   0x08002684   0x00000028   Code   RO          437    i.HAL_TIM_Base_MspInit  tim.o
    0x080026ac   0x080026ac   0x000000f0   Code   RO         3985    i.HAL_TIM_ConfigClockSource  stm32g4xx_hal_tim.o
    0x0800279c   0x0800279c   0x000000a4   Code   RO          438    i.HAL_TIM_MspPostInit  tim.o
    0x08002840   0x08002840   0x00000124   Code   RO         4048    i.HAL_TIM_PWM_ConfigChannel  stm32g4xx_hal_tim.o
    0x08002964   0x08002964   0x00000062   Code   RO         4051    i.HAL_TIM_PWM_Init  stm32g4xx_hal_tim.o
    0x080029c6   0x080029c6   0x00000002   Code   RO         4053    i.HAL_TIM_PWM_MspInit  stm32g4xx_hal_tim.o
    0x080029c8   0x080029c8   0x0000003e   Code   RO         5539    i.HAL_UARTEx_DisableFifoMode  stm32g4xx_hal_uart_ex.o
    0x08002a06   0x08002a06   0x0000004c   Code   RO         5548    i.HAL_UARTEx_SetRxFifoThreshold  stm32g4xx_hal_uart_ex.o
    0x08002a52   0x08002a52   0x0000004c   Code   RO         5549    i.HAL_UARTEx_SetTxFifoThreshold  stm32g4xx_hal_uart_ex.o
    0x08002a9e   0x08002a9e   0x0000006a   Code   RO         5148    i.HAL_UART_Init     stm32g4xx_hal_uart.o
    0x08002b08   0x08002b08   0x000000b4   Code   RO          485    i.HAL_UART_MspInit  usart.o
    0x08002bbc   0x08002bbc   0x00000068   Code   RO         2730    i.HRTIM_ForceRegistersUpdate  stm32g4xx_hal_hrtim.o
    0x08002c24   0x08002c24   0x00000092   Code   RO         2735    i.HRTIM_MasterWaveform_Config  stm32g4xx_hal_hrtim.o
    0x08002cb6   0x08002cb6   0x000000de   Code   RO         2737    i.HRTIM_OutputConfig  stm32g4xx_hal_hrtim.o
    0x08002d94   0x08002d94   0x0000019c   Code   RO         2740    i.HRTIM_TimingUnitWaveform_Config  stm32g4xx_hal_hrtim.o
    0x08002f30   0x08002f30   0x00000002   Code   RO          529    i.HardFault_Handler  stm32g4xx_it.o
    0x08002f32   0x08002f32   0x0000000c   Code   RO          662    i.LL_ADC_GetOffsetChannel  stm32g4xx_hal_adc.o
    0x08002f3e   0x08002f3e   0x00000008   Code   RO          663    i.LL_ADC_INJ_IsConversionOngoing  stm32g4xx_hal_adc.o
    0x08002f46   0x08002f46   0x00000008   Code   RO          664    i.LL_ADC_REG_IsConversionOngoing  stm32g4xx_hal_adc.o
    0x08002f4e   0x08002f4e   0x00000008   Code   RO          897    i.LL_ADC_REG_IsConversionOngoing  stm32g4xx_hal_adc_ex.o
    0x08002f56   0x08002f56   0x0000001e   Code   RO          667    i.LL_ADC_SetChannelSamplingTime  stm32g4xx_hal_adc.o
    0x08002f74   0x08002f74   0x00000010   Code   RO          668    i.LL_ADC_SetOffsetState  stm32g4xx_hal_adc.o
    0x08002f84   0x08002f84   0x00000098   Code   RO          282    i.MX_ADC1_Init      adc.o
    0x0800301c   0x0800301c   0x0000003c   Code   RO          322    i.MX_DMA_Init       dma.o
    0x08003058   0x08003058   0x0000004c   Code   RO          256    i.MX_GPIO_Init      gpio.o
    0x080030a4   0x080030a4   0x00000364   Code   RO          349    i.MX_HRTIM1_Init    hrtim.o
    0x08003408   0x08003408   0x00000058   Code   RO          396    i.MX_I2C1_Init      i2c.o
    0x08003460   0x08003460   0x000000f0   Code   RO          439    i.MX_TIM1_Init      tim.o
    0x08003550   0x08003550   0x00000068   Code   RO          486    i.MX_USART1_UART_Init  usart.o
    0x080035b8   0x080035b8   0x00000002   Code   RO          530    i.MemManage_Handler  stm32g4xx_it.o
    0x080035ba   0x080035ba   0x00000002   Code   RO          531    i.NMI_Handler       stm32g4xx_it.o
    0x080035bc   0x080035bc   0x00000002   Code   RO          532    i.PendSV_Handler    stm32g4xx_it.o
    0x080035be   0x080035be   0x00000002   Code   RO          533    i.SVC_Handler       stm32g4xx_it.o
    0x080035c0   0x080035c0   0x00000004   Code   RO          534    i.SysTick_Handler   stm32g4xx_it.o
    0x080035c4   0x080035c4   0x00000064   Code   RO          164    i.SystemClock_Config  main.o
    0x08003628   0x08003628   0x00000010   Code   RO         5658    i.SystemInit        system_stm32g4xx.o
    0x08003638   0x08003638   0x000000e4   Code   RO         4069    i.TIM_Base_SetConfig  stm32g4xx_hal_tim.o
    0x0800371c   0x0800371c   0x00000014   Code   RO         4080    i.TIM_ETR_SetConfig  stm32g4xx_hal_tim.o
    0x08003730   0x08003730   0x00000014   Code   RO         4081    i.TIM_ITRx_SetConfig  stm32g4xx_hal_tim.o
    0x08003744   0x08003744   0x000000ac   Code   RO         4082    i.TIM_OC1_SetConfig  stm32g4xx_hal_tim.o
    0x080037f0   0x080037f0   0x000000a0   Code   RO         4083    i.TIM_OC2_SetConfig  stm32g4xx_hal_tim.o
    0x08003890   0x08003890   0x000000a0   Code   RO         4084    i.TIM_OC3_SetConfig  stm32g4xx_hal_tim.o
    0x08003930   0x08003930   0x000000a0   Code   RO         4085    i.TIM_OC4_SetConfig  stm32g4xx_hal_tim.o
    0x080039d0   0x080039d0   0x00000078   Code   RO         4086    i.TIM_OC5_SetConfig  stm32g4xx_hal_tim.o
    0x08003a48   0x08003a48   0x0000007c   Code   RO         4087    i.TIM_OC6_SetConfig  stm32g4xx_hal_tim.o
    0x08003ac4   0x08003ac4   0x00000022   Code   RO         4089    i.TIM_TI1_ConfigInputStage  stm32g4xx_hal_tim.o
    0x08003ae6   0x08003ae6   0x00000024   Code   RO         4091    i.TIM_TI2_ConfigInputStage  stm32g4xx_hal_tim.o
    0x08003b0a   0x08003b0a   0x00000002   PAD
    0x08003b0c   0x08003b0c   0x00000044   Code   RO         5553    i.UARTEx_SetNbDataToProcess  stm32g4xx_hal_uart_ex.o
    0x08003b50   0x08003b50   0x000000c8   Code   RO         5162    i.UART_AdvFeatureConfig  stm32g4xx_hal_uart.o
    0x08003c18   0x08003c18   0x000000ac   Code   RO         5163    i.UART_CheckIdleState  stm32g4xx_hal_uart.o
    0x08003cc4   0x08003cc4   0x00000054   Code   RO         5174    i.UART_EndRxTransfer  stm32g4xx_hal_uart.o
    0x08003d18   0x08003d18   0x00000298   Code   RO         5180    i.UART_SetConfig    stm32g4xx_hal_uart.o
    0x08003fb0   0x08003fb0   0x00000094   Code   RO         5187    i.UART_WaitOnFlagUntilTimeout  stm32g4xx_hal_uart.o
    0x08004044   0x08004044   0x00000002   Code   RO          535    i.UsageFault_Handler  stm32g4xx_it.o
    0x08004046   0x08004046   0x00000020   Code   RO         2473    i.__NVIC_SetPriority  stm32g4xx_hal_cortex.o
    0x08004066   0x08004066   0x0000003e   Code   RO          166    i.main              main.o
    0x080040a4   0x080040a4   0x00000104   Code   RO          167    i.phase_shift_A     main.o
    0x080041a8   0x080041a8   0x00000054   Code   RO          168    i.start_module_A    main.o
    0x080041fc   0x080041fc   0x0000000a   Code   RO         5809    x$fpl$fpinit        fz_wm.l(fpinit.o)
    0x08004206   0x08004206   0x00000018   Data   RO         5188    .constdata          stm32g4xx_hal_uart.o
    0x0800421e   0x0800421e   0x00000010   Data   RO         5554    .constdata          stm32g4xx_hal_uart_ex.o
    0x0800422e   0x0800422e   0x00000010   Data   RO         5659    .constdata          system_stm32g4xx.o
    0x0800423e   0x0800423e   0x00000008   Data   RO         5660    .constdata          system_stm32g4xx.o
    0x08004246   0x08004246   0x00000002   PAD
    0x08004248   0x08004248   0x00000020   Data   RO         5867    Region$$Table       anon$$obj.o


    Execution Region RW_IRAM1 (Exec base: 0x20000000, Load base: 0x08004268, Size: 0x00000d80, Max: 0x00020000, ABSOLUTE)

    Exec Addr    Load Addr    Size         Type   Attr      Idx    E Section Name        Object

    0x20000000   0x08004268   0x00000010   Data   RW          169    .data               main.o
    0x20000010   0x08004278   0x0000000c   Data   RW         1117    .data               stm32g4xx_hal.o
    0x2000001c   0x08004284   0x00000004   Data   RW         5661    .data               system_stm32g4xx.o
    0x20000020        -       0x0000006c   Zero   RW          283    .bss                adc.o
    0x2000008c        -       0x000000fc   Zero   RW          350    .bss                hrtim.o
    0x20000188        -       0x00000054   Zero   RW          397    .bss                i2c.o
    0x200001dc        -       0x0000004c   Zero   RW          440    .bss                tim.o
    0x20000228        -       0x000000f4   Zero   RW          487    .bss                usart.o
    0x2000031c        -       0x00000060   Zero   RW         5739    .bss                c_w.l(libspace.o)
    0x2000037c   0x08004288   0x00000004   PAD
    0x20000380        -       0x00000200   Zero   RW            2    HEAP                startup_stm32g474xx.o
    0x20000580        -       0x00000800   Zero   RW            1    STACK               startup_stm32g474xx.o


==============================================================================

Image component sizes


      Code (inc. data)   RO Data    RW Data    ZI Data      Debug   Object Name

       268         14          0          0        108       1897   adc.o
         0          0          0          0          0    1056089   delay_us.o
        60          4          0          0          0        846   dma.o
        76          6          0          0          0        907   gpio.o
      1024         34          0          0        252       3083   hrtim.o
       252         26          0          0         84       1869   i2c.o
       510         14          0         16          0       4071   main.o
        64         26        472          0       2560        860   startup_stm32g474xx.o
       126         20          0         12          0       4085   stm32g4xx_hal.o
      1766        116          0          0          0      75351   stm32g4xx_hal_adc.o
       360         26          0          0          0      69635   stm32g4xx_hal_adc_ex.o
       198         14          0          0          0      34451   stm32g4xx_hal_cortex.o
       478         30          0          0          0       3744   stm32g4xx_hal_dma.o
       584         34          0          0          0       1876   stm32g4xx_hal_gpio.o
      2232         32          0          0          0      16652   stm32g4xx_hal_hrtim.o
       188          4          0          0          0       3435   stm32g4xx_hal_i2c.o
       168          0          0          0          0       2171   stm32g4xx_hal_i2c_ex.o
        48          6          0          0          0        902   stm32g4xx_hal_msp.o
       204         18          0          0          0       1537   stm32g4xx_hal_pwr_ex.o
      1684         88          0          0          0       6728   stm32g4xx_hal_rcc.o
       768         10          0          0          0       2160   stm32g4xx_hal_rcc_ex.o
      1964        220          0          0          0      14536   stm32g4xx_hal_tim.o
       352         48          0          0          0       2624   stm32g4xx_hal_tim_ex.o
      1374         76         24          0          0      25686   stm32g4xx_hal_uart.o
       282          6         16          0          0       4069   stm32g4xx_hal_uart_ex.o
        32          6          0          0          0       4821   stm32g4xx_it.o
        16          4         24          4          0       1231   system_stm32g4xx.o
       444         34          0          0         76       2632   tim.o
       284         32          0          0        244       1965   usart.o

    ----------------------------------------------------------------------
     15822        948        570         32       3324    1349913   Object Totals
         0          0         32          0          0          0   (incl. Generated)
        16          0          2          0          0          0   (incl. Padding)

    ----------------------------------------------------------------------

      Code (inc. data)   RO Data    RW Data    ZI Data      Debug   Library Member Name

         8          0          0          0          0         68   __main.o
         0          0          0          0          0          0   __rtentry.o
        12          0          0          0          0          0   __rtentry2.o
         6          0          0          0          0          0   __rtentry4.o
        52          8          0          0          0          0   __scatter.o
        26          0          0          0          0          0   __scatter_copy.o
        28          0          0          0          0          0   __scatter_zi.o
        18          0          0          0          0         80   exit.o
         6          0          0          0          0        152   heapauxi.o
         0          0          0          0          0          0   indicate_semi.o
         2          0          0          0          0          0   libinit.o
         6          0          0          0          0          0   libinit2.o
         2          0          0          0          0          0   libshutdown.o
         2          0          0          0          0          0   libshutdown2.o
         8          4          0          0         96         68   libspace.o
       238          0          0          0          0        100   lludivv7m.o
        78          0          0          0          0         80   rt_memclr_w.o
         2          0          0          0          0          0   rtexit.o
        10          0          0          0          0          0   rtexit2.o
        12          4          0          0          0         68   sys_exit.o
        74          0          0          0          0         80   sys_stackheap_outer.o
         2          0          0          0          0         68   use_no_semi.o
        10          0          0          0          0        116   fpinit.o

    ----------------------------------------------------------------------
       608         16          0          0        100        880   Library Totals
         6          0          0          0          4          0   (incl. Padding)

    ----------------------------------------------------------------------

      Code (inc. data)   RO Data    RW Data    ZI Data      Debug   Library Name

       592         16          0          0         96        764   c_w.l
        10          0          0          0          0        116   fz_wm.l

    ----------------------------------------------------------------------
       608         16          0          0        100        880   Library Totals

    ----------------------------------------------------------------------

==============================================================================


      Code (inc. data)   RO Data    RW Data    ZI Data      Debug   

     16430        964        570         32       3424    1340433   Grand Totals
     16430        964        570         32       3424    1340433   ELF Image Totals
     16430        964        570         32          0          0   ROM Totals

==============================================================================

    Total RO  Size (Code + RO Data)                17000 (  16.60kB)
    Total RW  Size (RW Data + ZI Data)              3456 (   3.38kB)
    Total ROM Size (Code + RO Data + RW Data)      17032 (  16.63kB)

==============================================================================

