<html>
<body>
<pre>
<h1>µVision Build Log</h1>
<h2>Tool Versions:</h2>
IDE-Version: ¦ÌVision V5.34.0.0
Copyright (C) 2021 ARM Ltd and ARM Germany GmbH. All rights reserved.
License Information: shuai 1741309641@qq.com, shuai, LIC=RC93N-Y20UR-636MB-2197E-MC3L9-8XJGE
 
Tool Versions:
Toolchain:       MDK-ARM Plus  Version: 5.34.0.0
Toolchain Path:  C:\MDK5\ARM\ARMCC\Bin
C Compiler:      Armcc.exe V5.06 update 7 (build 960)
Assembler:       Armasm.exe V5.06 update 7 (build 960)
Linker/Locator:  ArmLink.exe V5.06 update 7 (build 960)
Library Manager: ArmAr.exe V5.06 update 7 (build 960)
Hex Converter:   FromElf.exe V5.06 update 7 (build 960)
CPU DLL:         SARMCM3.DLL V5.34.0.0
Dialog DLL:      DCM.DLL V1.17.3.0
Target DLL:      CMSIS_AGDI.dll V1.32.13.0
Dialog DLL:      TCM.DLL V1.48.0.0
 
<h2>Project:</h2>
C:\Users\17413\Desktop\tutorial\stm32G4\poj\G474_test\MDK-ARM\G474_test.uvprojx
Project File Date:  01/12/2025

<h2>Output:</h2>
*** Using Compiler 'V5.06 update 7 (build 960)', folder: 'C:\MDK5\ARM\ARMCC\Bin'
Rebuild target 'G474_test'
assembling startup_stm32g474xx.s...
compiling stm32g4xx_ll_adc.c...
compiling usart.c...
compiling adc.c...
compiling stm32g4xx_hal_msp.c...
compiling delay_us.c...
compiling gpio.c...
compiling hrtim.c...
compiling main.c...
../Core/Src/main.c(96): warning:  #177-D: variable "pTimeBaseCfg"  was declared but never referenced
  	HRTIM_TimeBaseCfgTypeDef pTimeBaseCfg = {0};
../Core/Src/main.c(97): warning:  #177-D: variable "pTimerCfg"  was declared but never referenced
  	HRTIM_TimerCfgTypeDef pTimerCfg = {0};
../Core/Src/main.c(99): warning:  #177-D: variable "pTimerCtl"  was declared but never referenced
  	HRTIM_TimerCtlTypeDef pTimerCtl = {0};
../Core/Src/main.c(100): warning:  #177-D: variable "pDeadTimeCfg"  was declared but never referenced
  	HRTIM_DeadTimeCfgTypeDef pDeadTimeCfg = {0};
../Core/Src/main.c(101): warning:  #177-D: variable "pOutputCfg"  was declared but never referenced
  	HRTIM_OutputCfgTypeDef pOutputCfg = {0};
../Core/Src/main.c: 5 warnings, 0 errors
compiling dma.c...
compiling stm32g4xx_it.c...
compiling tim.c...
compiling i2c.c...
compiling stm32g4xx_hal.c...
compiling stm32g4xx_hal_adc_ex.c...
compiling stm32g4xx_hal_adc.c...
compiling stm32g4xx_hal_exti.c...
compiling stm32g4xx_hal_gpio.c...
compiling stm32g4xx_hal_pwr.c...
compiling stm32g4xx_hal_dma.c...
compiling stm32g4xx_hal_cortex.c...
compiling stm32g4xx_hal_flash_ramfunc.c...
compiling stm32g4xx_hal_dma_ex.c...
compiling stm32g4xx_hal_flash.c...
compiling stm32g4xx_hal_flash_ex.c...
compiling stm32g4xx_hal_rcc.c...
compiling stm32g4xx_hal_pwr_ex.c...
compiling stm32g4xx_hal_rcc_ex.c...
compiling stm32g4xx_hal_i2c.c...
compiling stm32g4xx_hal_hrtim.c...
compiling stm32g4xx_hal_i2c_ex.c...
compiling system_stm32g4xx.c...
compiling stm32g4xx_hal_uart_ex.c...
compiling stm32g4xx_hal_tim_ex.c...
compiling stm32g4xx_hal_uart.c...
compiling stm32g4xx_hal_tim.c...
linking...
Program Size: Code=16430 RO-data=570 RW-data=32 ZI-data=3424  
FromELF: creating hex file...
"G474_test\G474_test.axf" - 0 Error(s), 5 Warning(s).

<h2>Software Packages used:</h2>

Package Vendor: ARM
                http://www.keil.com/pack/ARM.CMSIS.5.7.0.pack
                ARM.CMSIS.5.7.0
                CMSIS (Cortex Microcontroller Software Interface Standard)
   * Component: CORE Version: 5.4.0

Package Vendor: Keil
                https://www.keil.com/pack/Keil.STM32G4xx_DFP.1.5.0.pack
                Keil.STM32G4xx_DFP.1.5.0
                STMicroelectronics STM32G4 Series Device Support, Drivers and Examples

<h2>Collection of Component include folders:</h2>
  .\RTE\_G474_test
  C:\MDK5\ARM\PACK\ARM\CMSIS\5.7.0\CMSIS\Core\Include
  C:\MDK5\ARM\PACK\Keil\STM32G4xx_DFP\1.5.0\Drivers\CMSIS\Device\ST\STM32G4xx\Include

<h2>Collection of Component Files used:</h2>

   * Component: ARM::CMSIS:CORE:5.4.0
      Include file:  CMSIS\Core\Include\tz_context.h
Build Time Elapsed:  00:00:28
</pre>
</body>
</html>
