Component: ARM Compiler 5.06 update 7 (build 960) Tool: armlink [4d3601]

==============================================================================

Section Cross References

    startup_stm32g474xx.o(STACK) refers (Special) to heapauxi.o(.text) for __use_two_region_memory
    startup_stm32g474xx.o(HEAP) refers (Special) to heapauxi.o(.text) for __use_two_region_memory
    startup_stm32g474xx.o(RESET) refers (Special) to heapauxi.o(.text) for __use_two_region_memory
    startup_stm32g474xx.o(RESET) refers to startup_stm32g474xx.o(STACK) for __initial_sp
    startup_stm32g474xx.o(RESET) refers to startup_stm32g474xx.o(.text) for Reset_Handler
    startup_stm32g474xx.o(RESET) refers to stm32g4xx_it.o(i.NMI_Handler) for NMI_Handler
    startup_stm32g474xx.o(RESET) refers to stm32g4xx_it.o(i.HardFault_Handler) for HardFault_Handler
    startup_stm32g474xx.o(RESET) refers to stm32g4xx_it.o(i.MemManage_Handler) for MemManage_Handler
    startup_stm32g474xx.o(RESET) refers to stm32g4xx_it.o(i.BusFault_Handler) for BusFault_Handler
    startup_stm32g474xx.o(RESET) refers to stm32g4xx_it.o(i.UsageFault_Handler) for UsageFault_Handler
    startup_stm32g474xx.o(RESET) refers to stm32g4xx_it.o(i.SVC_Handler) for SVC_Handler
    startup_stm32g474xx.o(RESET) refers to stm32g4xx_it.o(i.DebugMon_Handler) for DebugMon_Handler
    startup_stm32g474xx.o(RESET) refers to stm32g4xx_it.o(i.PendSV_Handler) for PendSV_Handler
    startup_stm32g474xx.o(RESET) refers to stm32g4xx_it.o(i.SysTick_Handler) for SysTick_Handler
    startup_stm32g474xx.o(RESET) refers to stm32g4xx_it.o(i.DMA1_Channel1_IRQHandler) for DMA1_Channel1_IRQHandler
    startup_stm32g474xx.o(RESET) refers to stm32g4xx_it.o(i.DMA1_Channel2_IRQHandler) for DMA1_Channel2_IRQHandler
    startup_stm32g474xx.o(RESET) refers to stm32g4xx_it.o(i.TIM2_IRQHandler) for TIM2_IRQHandler
    startup_stm32g474xx.o(.text) refers (Special) to heapauxi.o(.text) for __use_two_region_memory
    startup_stm32g474xx.o(.text) refers to system_stm32g4xx.o(i.SystemInit) for SystemInit
    startup_stm32g474xx.o(.text) refers to __main.o(!!!main) for __main
    startup_stm32g474xx.o(.text) refers to startup_stm32g474xx.o(HEAP) for Heap_Mem
    startup_stm32g474xx.o(.text) refers to startup_stm32g474xx.o(STACK) for Stack_Mem
    delay_us.o(i.Delay_us) refers to system_stm32g4xx.o(.data) for SystemCoreClock
    main.o(i.Generate_Sine_Wave) refers to dflt_clz.o(x$fpl$dflt) for __aeabi_i2d
    main.o(i.Generate_Sine_Wave) refers to dmul.o(x$fpl$dmul) for __aeabi_dmul
    main.o(i.Generate_Sine_Wave) refers to sin.o(i.__hardfp_sin) for __hardfp_sin
    main.o(i.Generate_Sine_Wave) refers to daddsub_clz.o(x$fpl$dadd) for __aeabi_dadd
    main.o(i.Generate_Sine_Wave) refers to dfixu.o(x$fpl$dfixu) for __aeabi_d2uiz
    main.o(i.Generate_Sine_Wave) refers to main.o(.bss) for .bss
    main.o(i.HAL_TIM_IC_CaptureCallback) refers to stm32g4xx_hal_tim.o(i.HAL_TIM_Base_Stop) for HAL_TIM_Base_Stop
    main.o(i.HAL_TIM_IC_CaptureCallback) refers to stm32g4xx_hal_dac.o(i.HAL_DAC_Stop_DMA) for HAL_DAC_Stop_DMA
    main.o(i.HAL_TIM_IC_CaptureCallback) refers to stm32g4xx_hal_tim.o(i.HAL_TIM_Base_Start) for HAL_TIM_Base_Start
    main.o(i.HAL_TIM_IC_CaptureCallback) refers to stm32g4xx_hal_dac.o(i.HAL_DAC_Start_DMA) for HAL_DAC_Start_DMA
    main.o(i.HAL_TIM_IC_CaptureCallback) refers to tim.o(.bss) for htim3
    main.o(i.HAL_TIM_IC_CaptureCallback) refers to dac.o(.bss) for hdac1
    main.o(i.HAL_TIM_IC_CaptureCallback) refers to main.o(.bss) for .bss
    main.o(i.SystemClock_Config) refers to rt_memclr_w.o(.text) for __aeabi_memclr4
    main.o(i.SystemClock_Config) refers to stm32g4xx_hal_pwr_ex.o(i.HAL_PWREx_ControlVoltageScaling) for HAL_PWREx_ControlVoltageScaling
    main.o(i.SystemClock_Config) refers to stm32g4xx_hal_rcc.o(i.HAL_RCC_OscConfig) for HAL_RCC_OscConfig
    main.o(i.SystemClock_Config) refers to stm32g4xx_hal_rcc.o(i.HAL_RCC_ClockConfig) for HAL_RCC_ClockConfig
    main.o(i.fputc) refers to stm32g4xx_hal_uart.o(i.HAL_UART_Transmit) for HAL_UART_Transmit
    main.o(i.fputc) refers to usart.o(.bss) for huart1
    main.o(i.main) refers to stm32g4xx_hal.o(i.HAL_Init) for HAL_Init
    main.o(i.main) refers to main.o(i.SystemClock_Config) for SystemClock_Config
    main.o(i.main) refers to gpio.o(i.MX_GPIO_Init) for MX_GPIO_Init
    main.o(i.main) refers to dma.o(i.MX_DMA_Init) for MX_DMA_Init
    main.o(i.main) refers to tim.o(i.MX_TIM1_Init) for MX_TIM1_Init
    main.o(i.main) refers to i2c.o(i.MX_I2C1_Init) for MX_I2C1_Init
    main.o(i.main) refers to usart.o(i.MX_USART1_UART_Init) for MX_USART1_UART_Init
    main.o(i.main) refers to adc.o(i.MX_ADC1_Init) for MX_ADC1_Init
    main.o(i.main) refers to hrtim.o(i.MX_HRTIM1_Init) for MX_HRTIM1_Init
    main.o(i.main) refers to adc.o(i.MX_ADC2_Init) for MX_ADC2_Init
    main.o(i.main) refers to tim.o(i.MX_TIM2_Init) for MX_TIM2_Init
    main.o(i.main) refers to tim.o(i.MX_TIM3_Init) for MX_TIM3_Init
[...]
    i.TIM_OC3_SetConfig                      0x08004af0   Section        0  stm32g4xx_hal_tim.o(i.TIM_OC3_SetConfig)
    TIM_OC3_SetConfig                        0x08004af1   Thumb Code   130  stm32g4xx_hal_tim.o(i.TIM_OC3_SetConfig)
    i.TIM_OC4_SetConfig                      0x08004b90   Section        0  stm32g4xx_hal_tim.o(i.TIM_OC4_SetConfig)
    TIM_OC4_SetConfig                        0x08004b91   Thumb Code   132  stm32g4xx_hal_tim.o(i.TIM_OC4_SetConfig)
    i.TIM_OC5_SetConfig                      0x08004c30   Section        0  stm32g4xx_hal_tim.o(i.TIM_OC5_SetConfig)
    TIM_OC5_SetConfig                        0x08004c31   Thumb Code    92  stm32g4xx_hal_tim.o(i.TIM_OC5_SetConfig)
    i.TIM_OC6_SetConfig                      0x08004ca8   Section        0  stm32g4xx_hal_tim.o(i.TIM_OC6_SetConfig)
    TIM_OC6_SetConfig                        0x08004ca9   Thumb Code    94  stm32g4xx_hal_tim.o(i.TIM_OC6_SetConfig)
    i.TIM_TI1_ConfigInputStage               0x08004d24   Section        0  stm32g4xx_hal_tim.o(i.TIM_TI1_ConfigInputStage)
    TIM_TI1_ConfigInputStage                 0x08004d25   Thumb Code    34  stm32g4xx_hal_tim.o(i.TIM_TI1_ConfigInputStage)
    i.TIM_TI1_SetConfig                      0x08004d48   Section        0  stm32g4xx_hal_tim.o(i.TIM_TI1_SetConfig)
    i.TIM_TI2_ConfigInputStage               0x08004dc8   Section        0  stm32g4xx_hal_tim.o(i.TIM_TI2_ConfigInputStage)
    TIM_TI2_ConfigInputStage                 0x08004dc9   Thumb Code    36  stm32g4xx_hal_tim.o(i.TIM_TI2_ConfigInputStage)
    i.TIM_TI2_SetConfig                      0x08004dec   Section        0  stm32g4xx_hal_tim.o(i.TIM_TI2_SetConfig)
    TIM_TI2_SetConfig                        0x08004ded   Thumb Code    54  stm32g4xx_hal_tim.o(i.TIM_TI2_SetConfig)
    i.UARTEx_SetNbDataToProcess              0x08004e24   Section        0  stm32g4xx_hal_uart_ex.o(i.UARTEx_SetNbDataToProcess)
    UARTEx_SetNbDataToProcess                0x08004e25   Thumb Code    62  stm32g4xx_hal_uart_ex.o(i.UARTEx_SetNbDataToProcess)
    i.UART_AdvFeatureConfig                  0x08004e68   Section        0  stm32g4xx_hal_uart.o(i.UART_AdvFeatureConfig)
    i.UART_CheckIdleState                    0x08004f30   Section        0  stm32g4xx_hal_uart.o(i.UART_CheckIdleState)
    i.UART_EndRxTransfer                     0x08004fdc   Section        0  stm32g4xx_hal_uart.o(i.UART_EndRxTransfer)
    UART_EndRxTransfer                       0x08004fdd   Thumb Code    78  stm32g4xx_hal_uart.o(i.UART_EndRxTransfer)
    i.UART_SetConfig                         0x08005030   Section        0  stm32g4xx_hal_uart.o(i.UART_SetConfig)
    i.UART_WaitOnFlagUntilTimeout            0x080052c8   Section        0  stm32g4xx_hal_uart.o(i.UART_WaitOnFlagUntilTimeout)
    i.UsageFault_Handler                     0x0800535c   Section        0  stm32g4xx_it.o(i.UsageFault_Handler)
    i.__ARM_fpclassify                       0x0800535e   Section        0  fpclassify.o(i.__ARM_fpclassify)
    i.__NVIC_SetPriority                     0x0800538e   Section        0  stm32g4xx_hal_cortex.o(i.__NVIC_SetPriority)
    __NVIC_SetPriority                       0x0800538f   Thumb Code    32  stm32g4xx_hal_cortex.o(i.__NVIC_SetPriority)
    i.__hardfp_sin                           0x080053b0   Section        0  sin.o(i.__hardfp_sin)
    i.__ieee754_rem_pio2                     0x08005478   Section        0  rred.o(i.__ieee754_rem_pio2)
    i.__kernel_cos                           0x080058b0   Section        0  cos_i.o(i.__kernel_cos)
    i.__kernel_poly                          0x08005a20   Section        0  poly.o(i.__kernel_poly)
    i.__kernel_sin                           0x08005b18   Section        0  sin_i.o(i.__kernel_sin)
    i.__mathlib_dbl_infnan                   0x08005c48   Section        0  dunder.o(i.__mathlib_dbl_infnan)
    i.__mathlib_dbl_invalid                  0x08005c60   Section        0  dunder.o(i.__mathlib_dbl_invalid)
    i.__mathlib_dbl_underflow                0x08005c80   Section        0  dunder.o(i.__mathlib_dbl_underflow)
    i.fabs                                   0x08005ca0   Section        0  fabs.o(i.fabs)
    i.main                                   0x08005cb8   Section        0  main.o(i.main)
    i.phase_shift_A                          0x08005d3c   Section        0  main.o(i.phase_shift_A)
    i.start_module_A                         0x08005e40   Section        0  main.o(i.start_module_A)
    x$fpl$basic                              0x08005e94   Section       24  basic.o(x$fpl$basic)
    $v0                                      0x08005e94   Number         0  basic.o(x$fpl$basic)
    x$fpl$dadd                               0x08005eac   Section      336  daddsub_clz.o(x$fpl$dadd)
    $v0                                      0x08005eac   Number         0  daddsub_clz.o(x$fpl$dadd)
    _dadd1                                   0x08005ebd   Thumb Code     0  daddsub_clz.o(x$fpl$dadd)
    x$fpl$ddiv                               0x08005ffc   Section      688  ddiv.o(x$fpl$ddiv)
    $v0                                      0x08005ffc   Number         0  ddiv.o(x$fpl$ddiv)
    ddiv_entry                               0x08006003   Thumb Code     0  ddiv.o(x$fpl$ddiv)
    x$fpl$dfix                               0x080062ac   Section       94  dfix.o(x$fpl$dfix)
    $v0                                      0x080062ac   Number         0  dfix.o(x$fpl$dfix)
    x$fpl$dfixu                              0x0800630c   Section       90  dfixu.o(x$fpl$dfixu)
    $v0                                      0x0800630c   Number         0  dfixu.o(x$fpl$dfixu)
    x$fpl$dflt                               0x08006366   Section       46  dflt_clz.o(x$fpl$dflt)
    $v0                                      0x08006366   Number         0  dflt_clz.o(x$fpl$dflt)
    x$fpl$dfltu                              0x08006394   Section       38  dflt_clz.o(x$fpl$dfltu)
    $v0                                      0x08006394   Number         0  dflt_clz.o(x$fpl$dfltu)
    x$fpl$dmul                               0x080063bc   Section      340  dmul.o(x$fpl$dmul)
    $v0                                      0x080063bc   Number         0  dmul.o(x$fpl$dmul)
    x$fpl$dnaninf                            0x08006510   Section      156  dnaninf.o(x$fpl$dnaninf)
    $v0                                      0x08006510   Number         0  dnaninf.o(x$fpl$dnaninf)
    x$fpl$dretinf                            0x080065ac   Section       12  dretinf.o(x$fpl$dretinf)
    $v0                                      0x080065ac   Number         0  dretinf.o(x$fpl$dretinf)
    x$fpl$drsb                               0x080065b8   Section       22  daddsub_clz.o(x$fpl$drsb)
    $v0                                      0x080065b8   Number         0  daddsub_clz.o(x$fpl$drsb)
    x$fpl$dsub                               0x080065d0   Section      468  daddsub_clz.o(x$fpl$dsub)
    $v0                                      0x080065d0   Number         0  daddsub_clz.o(x$fpl$dsub)
    _dsub1                                   0x080065e1   Thumb Code     0  daddsub_clz.o(x$fpl$dsub)
    x$fpl$fpinit                             0x080067a4   Section       10  fpinit.o(x$fpl$fpinit)
    $v0                                      0x080067a4   Number         0  fpinit.o(x$fpl$fpinit)
    .constdata                               0x080067ae   Section       24  stm32g4xx_hal_uart.o(.constdata)
    x$fpl$usenofp                            0x080067ae   Section        0  usenofp.o(x$fpl$usenofp)
    .constdata                               0x080067c6   Section       16  stm32g4xx_hal_uart_ex.o(.constdata)
    numerator                                0x080067c6   Data           8  stm32g4xx_hal_uart_ex.o(.constdata)
    denominator                              0x080067ce   Data           8  stm32g4xx_hal_uart_ex.o(.constdata)
    .constdata                               0x080067d6   Section       16  system_stm32g4xx.o(.constdata)
    .constdata                               0x080067e6   Section        8  system_stm32g4xx.o(.constdata)
    .constdata                               0x080067f0   Section       48  cos_i.o(.constdata)
    C                                        0x080067f0   Data          48  cos_i.o(.constdata)
    .constdata                               0x08006820   Section      200  rred.o(.constdata)
    pio2s                                    0x08006820   Data          48  rred.o(.constdata)
    twooverpi                                0x08006850   Data         152  rred.o(.constdata)
    .constdata                               0x080068e8   Section       40  sin_i.o(.constdata)
    S                                        0x080068e8   Data          40  sin_i.o(.constdata)
    .data                                    0x20000000   Section       16  main.o(.data)
    .data                                    0x20000010   Section        4  adc.o(.data)
    HAL_RCC_ADC12_CLK_ENABLED                0x20000010   Data           4  adc.o(.data)
    .data                                    0x20000014   Section       12  stm32g4xx_hal.o(.data)
    .data                                    0x20000020   Section        4  system_stm32g4xx.o(.data)
    .bss                                     0x20000024   Section     1024  main.o(.bss)
    .bss                                     0x20000424   Section      216  adc.o(.bss)
    .bss                                     0x200004fc   Section      116  dac.o(.bss)
    .bss                                     0x20000570   Section      252  hrtim.o(.bss)
    .bss                                     0x2000066c   Section       84  i2c.o(.bss)
    .bss                                     0x200006c0   Section      228  tim.o(.bss)
    .bss                                     0x200007a4   Section      244  usart.o(.bss)
    .bss                                     0x20000898   Section       96  libspace.o(.bss)
    HEAP                                     0x200008f8   Section      512  startup_stm32g474xx.o(HEAP)
    Heap_Mem                                 0x200008f8   Data         512  startup_stm32g474xx.o(HEAP)
    STACK                                    0x20000af8   Section     2048  startup_stm32g474xx.o(STACK)
    Stack_Mem                                0x20000af8   Data        2048  startup_stm32g474xx.o(STACK)
    __initial_sp                             0x200012f8   Data           0  startup_stm32g474xx.o(STACK)

    Global Symbols

    Symbol Name                              Value     Ov Type        Size  Object(Section)

    BuildAttributes$$THM_ISAv4$E$P$D$K$B$S$7EM$VFPi3$EXTD16$VFPS$VFMA$PE$A:L22UL41UL21$X:L11$S22US41US21$IEEE1$IW$USESV6$~STKCKD$USESV7$~SHL$OTIME$ROPI$IEEEX$EBA8$UX$STANDARDLIB$REQ8$PRES8$EABIv2 0x00000000   Number         0  anon$$obj.o ABSOLUTE
    __ARM_use_no_argv                        0x00000000   Number         0  main.o ABSOLUTE
    __ARM_exceptions_init                     - Undefined Weak Reference
    __alloca_initialize                       - Undefined Weak Reference
    __arm_fini_                               - Undefined Weak Reference
    __arm_preinit_                            - Undefined Weak Reference
    __cpp_initialize__aeabi_                  - Undefined Weak Reference
    __cxa_finalize                            - Undefined Weak Reference
    __rt_locale                               - Undefined Weak Reference
    __sigvec_lookup                           - Undefined Weak Reference
    _atexit_init                              - Undefined Weak Reference
    _call_atexit_fns                          - Undefined Weak Reference
    _clock_init                               - Undefined Weak Reference
    _fp_trap_init                             - Undefined Weak Reference
    _fp_trap_shutdown                         - Undefined Weak Reference
    _get_lc_collate                           - Undefined Weak Reference
    _get_lc_ctype                             - Undefined Weak Reference
    _get_lc_monetary                          - Undefined Weak Reference
    _get_lc_numeric                           - Undefined Weak Reference
    _get_lc_time                              - Undefined Weak Reference
    _getenv_init                              - Undefined Weak Reference
    _handle_redirection                       - Undefined Weak Reference
    _init_alloc                               - Undefined Weak Reference
    _init_user_alloc                          - Undefined Weak Reference
    _initio                                   - Undefined Weak Reference
    _rand_init                                - Undefined Weak Reference
    _signal_finish                            - Undefined Weak Reference
    _signal_init                              - Undefined Weak Reference
    _terminate_alloc                          - Undefined Weak Reference
    _terminate_user_alloc                     - Undefined Weak Reference
    _terminateio                              - Undefined Weak Reference
    __Vectors_Size                           0x000001d8   Number         0  startup_stm32g474xx.o ABSOLUTE
    __Vectors                                0x08000000   Data           4  startup_stm32g474xx.o(RESET)
    __Vectors_End                            0x080001d8   Data           0  startup_stm32g474xx.o(RESET)
    __main                                   0x080001d9   Thumb Code     8  __main.o(!!!main)
    __scatterload                            0x080001e1   Thumb Code     0  __scatter.o(!!!scatter)
    __scatterload_rt2                        0x080001e1   Thumb Code    44  __scatter.o(!!!scatter)
    __scatterload_rt2_thumb_only             0x080001e1   Thumb Code     0  __scatter.o(!!!scatter)
    __scatterload_null                       0x080001ef   Thumb Code     0  __scatter.o(!!!scatter)
    __scatterload_copy                       0x08000215   Thumb Code    26  __scatter_copy.o(!!handler_copy)
    __scatterload_zeroinit                   0x08000231   Thumb Code    28  __scatter_zi.o(!!handler_zi)
    __rt_lib_init                            0x0800024d   Thumb Code     0  libinit.o(.ARM.Collect$$libinit$$00000000)
    __rt_lib_init_fp_1                       0x0800024f   Thumb Code     0  libinit2.o(.ARM.Collect$$libinit$$00000001)
    __rt_lib_init_alloca_1                   0x08000253   Thumb Code     0  libinit2.o(.ARM.Collect$$libinit$$0000002E)
    __rt_lib_init_argv_1                     0x08000253   Thumb Code     0  libinit2.o(.ARM.Collect$$libinit$$0000002C)
    __rt_lib_init_atexit_1                   0x08000253   Thumb Code     0  libinit2.o(.ARM.Collect$$libinit$$0000001B)
    __rt_lib_init_clock_1                    0x08000253   Thumb Code     0  libinit2.o(.ARM.Collect$$libinit$$00000021)
    __rt_lib_init_cpp_1                      0x08000253   Thumb Code     0  libinit2.o(.ARM.Collect$$libinit$$00000032)
    __rt_lib_init_exceptions_1               0x08000253   Thumb Code     0  libinit2.o(.ARM.Collect$$libinit$$00000030)
    __rt_lib_init_fp_trap_1                  0x08000253   Thumb Code     0  libinit2.o(.ARM.Collect$$libinit$$0000001F)
    __rt_lib_init_getenv_1                   0x08000253   Thumb Code     0  libinit2.o(.ARM.Collect$$libinit$$00000023)
    __rt_lib_init_heap_1                     0x08000253   Thumb Code     0  libinit2.o(.ARM.Collect$$libinit$$0000000A)
    __rt_lib_init_lc_collate_1               0x08000253   Thumb Code     0  libinit2.o(.ARM.Collect$$libinit$$00000011)
    __rt_lib_init_lc_ctype_1                 0x08000253   Thumb Code     0  libinit2.o(.ARM.Collect$$libinit$$00000013)
    __rt_lib_init_lc_monetary_1              0x08000253   Thumb Code     0  libinit2.o(.ARM.Collect$$libinit$$00000015)
    __rt_lib_init_lc_numeric_1               0x08000253   Thumb Code     0  libinit2.o(.ARM.Collect$$libinit$$00000017)
    __rt_lib_init_lc_time_1                  0x08000253   Thumb Code     0  libinit2.o(.ARM.Collect$$libinit$$00000019)
    __rt_lib_init_preinit_1                  0x08000253   Thumb Code     0  libinit2.o(.ARM.Collect$$libinit$$00000004)
    __rt_lib_init_rand_1                     0x08000253   Thumb Code     0  libinit2.o(.ARM.Collect$$libinit$$0000000E)
    __rt_lib_init_return                     0x08000253   Thumb Code     0  libinit2.o(.ARM.Collect$$libinit$$00000033)
    __rt_lib_init_signal_1                   0x08000253   Thumb Code     0  libinit2.o(.ARM.Collect$$libinit$$0000001D)
    __rt_lib_init_stdio_1                    0x08000253   Thumb Code     0  libinit2.o(.ARM.Collect$$libinit$$00000025)
    __rt_lib_init_user_alloc_1               0x08000253   Thumb Code     0  libinit2.o(.ARM.Collect$$libinit$$0000000C)
    __rt_lib_shutdown                        0x08000255   Thumb Code     0  libshutdown.o(.ARM.Collect$$libshutdown$$00000000)
    __rt_lib_shutdown_cpp_1                  0x08000257   Thumb Code     0  libshutdown2.o(.ARM.Collect$$libshutdown$$00000004)
    __rt_lib_shutdown_fini_1                 0x08000257   Thumb Code     0  libshutdown2.o(.ARM.Collect$$libshutdown$$00000002)
    __rt_lib_shutdown_fp_trap_1              0x08000257   Thumb Code     0  libshutdown2.o(.ARM.Collect$$libshutdown$$00000009)
    __rt_lib_shutdown_heap_1                 0x08000257   Thumb Code     0  libshutdown2.o(.ARM.Collect$$libshutdown$$00000011)
    __rt_lib_shutdown_return                 0x08000257   Thumb Code     0  libshutdown2.o(.ARM.Collect$$libshutdown$$00000012)
    __rt_lib_shutdown_signal_1               0x08000257   Thumb Code     0  libshutdown2.o(.ARM.Collect$$libshutdown$$0000000C)
    __rt_lib_shutdown_stdio_1                0x08000257   Thumb Code     0  libshutdown2.o(.ARM.Collect$$libshutdown$$00000006)
    __rt_lib_shutdown_user_alloc_1           0x08000257   Thumb Code     0  libshutdown2.o(.ARM.Collect$$libshutdown$$0000000E)
    __rt_entry                               0x08000259   Thumb Code     0  __rtentry.o(.ARM.Collect$$rtentry$$00000000)
    __rt_entry_presh_1                       0x08000259   Thumb Code     0  __rtentry2.o(.ARM.Collect$$rtentry$$00000002)
    __rt_entry_sh                            0x08000259   Thumb Code     0  __rtentry4.o(.ARM.Collect$$rtentry$$00000004)
    __rt_entry_li                            0x0800025f   Thumb Code     0  __rtentry2.o(.ARM.Collect$$rtentry$$0000000A)
    __rt_entry_postsh_1                      0x0800025f   Thumb Code     0  __rtentry2.o(.ARM.Collect$$rtentry$$00000009)
    __rt_entry_main                          0x08000263   Thumb Code     0  __rtentry2.o(.ARM.Collect$$rtentry$$0000000D)
    __rt_entry_postli_1                      0x08000263   Thumb Code     0  __rtentry2.o(.ARM.Collect$$rtentry$$0000000C)
    __rt_exit                                0x0800026b   Thumb Code     0  rtexit.o(.ARM.Collect$$rtexit$$00000000)
    __rt_exit_ls                             0x0800026d   Thumb Code     0  rtexit2.o(.ARM.Collect$$rtexit$$00000003)
    __rt_exit_prels_1                        0x0800026d   Thumb Code     0  rtexit2.o(.ARM.Collect$$rtexit$$00000002)
    __rt_exit_exit                           0x08000271   Thumb Code     0  rtexit2.o(.ARM.Collect$$rtexit$$00000004)
    Reset_Handler                            0x08000279   Thumb Code     8  startup_stm32g474xx.o(.text)
    ADC1_2_IRQHandler                        0x08000293   Thumb Code     0  startup_stm32g474xx.o(.text)
    ADC3_IRQHandler                          0x08000293   Thumb Code     0  startup_stm32g474xx.o(.text)
    ADC4_IRQHandler                          0x08000293   Thumb Code     0  startup_stm32g474xx.o(.text)
    ADC5_IRQHandler                          0x08000293   Thumb Code     0  startup_stm32g474xx.o(.text)
    COMP1_2_3_IRQHandler                     0x08000293   Thumb Code     0  startup_stm32g474xx.o(.text)
    COMP4_5_6_IRQHandler                     0x08000293   Thumb Code     0  startup_stm32g474xx.o(.text)
    COMP7_IRQHandler                         0x08000293   Thumb Code     0  startup_stm32g474xx.o(.text)
    CORDIC_IRQHandler                        0x08000293   Thumb Code     0  startup_stm32g474xx.o(.text)
    CRS_IRQHandler                           0x08000293   Thumb Code     0  startup_stm32g474xx.o(.text)
    DMA1_Channel3_IRQHandler                 0x08000293   Thumb Code     0  startup_stm32g474xx.o(.text)
    DMA1_Channel4_IRQHandler                 0x08000293   Thumb Code     0  startup_stm32g474xx.o(.text)
    DMA1_Channel5_IRQHandler                 0x08000293   Thumb Code     0  startup_stm32g474xx.o(.text)
    DMA1_Channel6_IRQHandler                 0x08000293   Thumb Code     0  startup_stm32g474xx.o(.text)
    DMA1_Channel7_IRQHandler                 0x08000293   Thumb Code     0  startup_stm32g474xx.o(.text)
    DMA1_Channel8_IRQHandler                 0x08000293   Thumb Code     0  startup_stm32g474xx.o(.text)
    DMA2_Channel1_IRQHandler                 0x08000293   Thumb Code     0  startup_stm32g474xx.o(.text)
    DMA2_Channel2_IRQHandler                 0x08000293   Thumb Code     0  startup_stm32g474xx.o(.text)
    DMA2_Channel3_IRQHandler                 0x08000293   Thumb Code     0  startup_stm32g474xx.o(.text)
    DMA2_Channel4_IRQHandler                 0x08000293   Thumb Code     0  startup_stm32g474xx.o(.text)
    DMA2_Channel5_IRQHandler                 0x08000293   Thumb Code     0  startup_stm32g474xx.o(.text)
    DMA2_Channel6_IRQHandler                 0x08000293   Thumb Code     0  startup_stm32g474xx.o(.text)
    DMA2_Channel7_IRQHandler                 0x08000293   Thumb Code     0  startup_stm32g474xx.o(.text)
    DMA2_Channel8_IRQHandler                 0x08000293   Thumb Code     0  startup_stm32g474xx.o(.text)
    DMAMUX_OVR_IRQHandler                    0x08000293   Thumb Code     0  startup_stm32g474xx.o(.text)
    EXTI0_IRQHandler                         0x08000293   Thumb Code     0  startup_stm32g474xx.o(.text)
    EXTI15_10_IRQHandler                     0x08000293   Thumb Code     0  startup_stm32g474xx.o(.text)
    EXTI1_IRQHandler                         0x08000293   Thumb Code     0  startup_stm32g474xx.o(.text)
    EXTI2_IRQHandler                         0x08000293   Thumb Code     0  startup_stm32g474xx.o(.text)
    EXTI3_IRQHandler                         0x08000293   Thumb Code     0  startup_stm32g474xx.o(.text)
    EXTI4_IRQHandler                         0x08000293   Thumb Code     0  startup_stm32g474xx.o(.text)
    EXTI9_5_IRQHandler                       0x08000293   Thumb Code     0  startup_stm32g474xx.o(.text)
    FDCAN1_IT0_IRQHandler                    0x08000293   Thumb Code     0  startup_stm32g474xx.o(.text)
    FDCAN1_IT1_IRQHandler                    0x08000293   Thumb Code     0  startup_stm32g474xx.o(.text)
    FDCAN2_IT0_IRQHandler                    0x08000293   Thumb Code     0  startup_stm32g474xx.o(.text)
    FDCAN2_IT1_IRQHandler                    0x08000293   Thumb Code     0  startup_stm32g474xx.o(.text)
    FDCAN3_IT0_IRQHandler                    0x08000293   Thumb Code     0  startup_stm32g474xx.o(.text)
    FDCAN3_IT1_IRQHandler                    0x08000293   Thumb Code     0  startup_stm32g474xx.o(.text)
    FLASH_IRQHandler                         0x08000293   Thumb Code     0  startup_stm32g474xx.o(.text)
    FMAC_IRQHandler                          0x08000293   Thumb Code     0  startup_stm32g474xx.o(.text)
    FMC_IRQHandler                           0x08000293   Thumb Code     0  startup_stm32g474xx.o(.text)
    FPU_IRQHandler                           0x08000293   Thumb Code     0  startup_stm32g474xx.o(.text)
    HRTIM1_FLT_IRQHandler                    0x08000293   Thumb Code     0  startup_stm32g474xx.o(.text)
    HRTIM1_Master_IRQHandler                 0x08000293   Thumb Code     0  startup_stm32g474xx.o(.text)
    HRTIM1_TIMA_IRQHandler                   0x08000293   Thumb Code     0  startup_stm32g474xx.o(.text)
    HRTIM1_TIMB_IRQHandler                   0x08000293   Thumb Code     0  startup_stm32g474xx.o(.text)
    HRTIM1_TIMC_IRQHandler                   0x08000293   Thumb Code     0  startup_stm32g474xx.o(.text)
    HRTIM1_TIMD_IRQHandler                   0x08000293   Thumb Code     0  startup_stm32g474xx.o(.text)
    HRTIM1_TIME_IRQHandler                   0x08000293   Thumb Code     0  startup_stm32g474xx.o(.text)
    HRTIM1_TIMF_IRQHandler                   0x08000293   Thumb Code     0  startup_stm32g474xx.o(.text)
    I2C1_ER_IRQHandler                       0x08000293   Thumb Code     0  startup_stm32g474xx.o(.text)
    I2C1_EV_IRQHandler                       0x08000293   Thumb Code     0  startup_stm32g474xx.o(.text)
    I2C2_ER_IRQHandler                       0x08000293   Thumb Code     0  startup_stm32g474xx.o(.text)
    I2C2_EV_IRQHandler                       0x08000293   Thumb Code     0  startup_stm32g474xx.o(.text)
    I2C3_ER_IRQHandler                       0x08000293   Thumb Code     0  startup_stm32g474xx.o(.text)
    I2C3_EV_IRQHandler                       0x08000293   Thumb Code     0  startup_stm32g474xx.o(.text)
    I2C4_ER_IRQHandler                       0x08000293   Thumb Code     0  startup_stm32g474xx.o(.text)
    I2C4_EV_IRQHandler                       0x08000293   Thumb Code     0  startup_stm32g474xx.o(.text)
    LPTIM1_IRQHandler                        0x08000293   Thumb Code     0  startup_stm32g474xx.o(.text)
    LPUART1_IRQHandler                       0x08000293   Thumb Code     0  startup_stm32g474xx.o(.text)
    PVD_PVM_IRQHandler                       0x08000293   Thumb Code     0  startup_stm32g474xx.o(.text)
    QUADSPI_IRQHandler                       0x08000293   Thumb Code     0  startup_stm32g474xx.o(.text)
    RCC_IRQHandler                           0x08000293   Thumb Code     0  startup_stm32g474xx.o(.text)
    RNG_IRQHandler                           0x08000293   Thumb Code     0  startup_stm32g474xx.o(.text)
    RTC_Alarm_IRQHandler                     0x08000293   Thumb Code     0  startup_stm32g474xx.o(.text)
    RTC_TAMP_LSECSS_IRQHandler               0x08000293   Thumb Code     0  startup_stm32g474xx.o(.text)
    RTC_WKUP_IRQHandler                      0x08000293   Thumb Code     0  startup_stm32g474xx.o(.text)
    SAI1_IRQHandler                          0x08000293   Thumb Code     0  startup_stm32g474xx.o(.text)
    SPI1_IRQHandler                          0x08000293   Thumb Code     0  startup_stm32g474xx.o(.text)
    SPI2_IRQHandler                          0x08000293   Thumb Code     0  startup_stm32g474xx.o(.text)
    SPI3_IRQHandler                          0x08000293   Thumb Code     0  startup_stm32g474xx.o(.text)
    SPI4_IRQHandler                          0x08000293   Thumb Code     0  startup_stm32g474xx.o(.text)
    TIM1_BRK_TIM15_IRQHandler                0x08000293   Thumb Code     0  startup_stm32g474xx.o(.text)
    TIM1_CC_IRQHandler                       0x08000293   Thumb Code     0  startup_stm32g474xx.o(.text)
    TIM1_TRG_COM_TIM17_IRQHandler            0x08000293   Thumb Code     0  startup_stm32g474xx.o(.text)
    TIM1_UP_TIM16_IRQHandler                 0x08000293   Thumb Code     0  startup_stm32g474xx.o(.text)
    TIM20_BRK_IRQHandler                     0x08000293   Thumb Code     0  startup_stm32g474xx.o(.text)
    TIM20_CC_IRQHandler                      0x08000293   Thumb Code     0  startup_stm32g474xx.o(.text)
    TIM20_TRG_COM_IRQHandler                 0x08000293   Thumb Code     0  startup_stm32g474xx.o(.text)
    TIM20_UP_IRQHandler                      0x08000293   Thumb Code     0  startup_stm32g474xx.o(.text)
    TIM3_IRQHandler                          0x08000293   Thumb Code     0  startup_stm32g474xx.o(.text)
    TIM4_IRQHandler                          0x08000293   Thumb Code     0  startup_stm32g474xx.o(.text)
    TIM5_IRQHandler                          0x08000293   Thumb Code     0  startup_stm32g474xx.o(.text)
    TIM6_DAC_IRQHandler                      0x08000293   Thumb Code     0  startup_stm32g474xx.o(.text)
    TIM7_DAC_IRQHandler                      0x08000293   Thumb Code     0  startup_stm32g474xx.o(.text)
    TIM8_BRK_IRQHandler                      0x08000293   Thumb Code     0  startup_stm32g474xx.o(.text)
    TIM8_CC_IRQHandler                       0x08000293   Thumb Code     0  startup_stm32g474xx.o(.text)
    TIM8_TRG_COM_IRQHandler                  0x08000293   Thumb Code     0  startup_stm32g474xx.o(.text)
    TIM8_UP_IRQHandler                       0x08000293   Thumb Code     0  startup_stm32g474xx.o(.text)
    UART4_IRQHandler                         0x08000293   Thumb Code     0  startup_stm32g474xx.o(.text)
    UART5_IRQHandler                         0x08000293   Thumb Code     0  startup_stm32g474xx.o(.text)
    UCPD1_IRQHandler                         0x08000293   Thumb Code     0  startup_stm32g474xx.o(.text)
    USART1_IRQHandler                        0x08000293   Thumb Code     0  startup_stm32g474xx.o(.text)
    USART2_IRQHandler                        0x08000293   Thumb Code     0  startup_stm32g474xx.o(.text)
    USART3_IRQHandler                        0x08000293   Thumb Code     0  startup_stm32g474xx.o(.text)
    USBWakeUp_IRQHandler                     0x08000293   Thumb Code     0  startup_stm32g474xx.o(.text)
    USB_HP_IRQHandler                        0x08000293   Thumb Code     0  startup_stm32g474xx.o(.text)
    USB_LP_IRQHandler                        0x08000293   Thumb Code     0  startup_stm32g474xx.o(.text)
    WWDG_IRQHandler                          0x08000293   Thumb Code     0  startup_stm32g474xx.o(.text)
    __user_initial_stackheap                 0x08000295   Thumb Code     0  startup_stm32g474xx.o(.text)
    __aeabi_uldivmod                         0x080002b9   Thumb Code     0  lludivv7m.o(.text)
    _ll_udiv                                 0x080002b9   Thumb Code   238  lludivv7m.o(.text)
    __aeabi_memclr4                          0x080003a7   Thumb Code     0  rt_memclr_w.o(.text)
    __aeabi_memclr8                          0x080003a7   Thumb Code     0  rt_memclr_w.o(.text)
    __rt_memclr_w                            0x080003a7   Thumb Code    78  rt_memclr_w.o(.text)
    _memset_w                                0x080003ab   Thumb Code     0  rt_memclr_w.o(.text)
    __use_two_region_memory                  0x080003f5   Thumb Code     2  heapauxi.o(.text)
    __rt_heap_escrow$2region                 0x080003f7   Thumb Code     2  heapauxi.o(.text)
    __rt_heap_expand$2region                 0x080003f9   Thumb Code     2  heapauxi.o(.text)
    __read_errno                             0x080003fb   Thumb Code    10  _rserrno.o(.text)
    __set_errno                              0x08000405   Thumb Code    12  _rserrno.o(.text)
    __aeabi_errno_addr                       0x08000411   Thumb Code     8  rt_errno_addr_intlibspace.o(.text)
    __errno$intlibspace                      0x08000411   Thumb Code     0  rt_errno_addr_intlibspace.o(.text)
    __rt_errno_addr$intlibspace              0x08000411   Thumb Code     0  rt_errno_addr_intlibspace.o(.text)
    __user_libspace                          0x08000419   Thumb Code     8  libspace.o(.text)
    __user_perproc_libspace                  0x08000419   Thumb Code     0  libspace.o(.text)
    __user_perthread_libspace                0x08000419   Thumb Code     0  libspace.o(.text)
    __user_setup_stackheap                   0x08000421   Thumb Code    74  sys_stackheap_outer.o(.text)
    exit                                     0x0800046b   Thumb Code    18  exit.o(.text)
    _sys_exit                                0x0800047d   Thumb Code     8  sys_exit.o(.text)
    __I$use$semihosting                      0x08000489   Thumb Code     0  use_no_semi.o(.text)
    __use_no_semihosting_swi                 0x08000489   Thumb Code     2  use_no_semi.o(.text)
    __semihosting_library_function           0x0800048b   Thumb Code     0  indicate_semi.o(.text)
    ADC_Enable                               0x0800048d   Thumb Code   172  stm32g4xx_hal_adc.o(i.ADC_Enable)
    BusFault_Handler                         0x08000551   Thumb Code     2  stm32g4xx_it.o(i.BusFault_Handler)
    DAC_DMAConvCpltCh1                       0x08000553   Thumb Code    16  stm32g4xx_hal_dac.o(i.DAC_DMAConvCpltCh1)
    DAC_DMAConvCpltCh2                       0x08000563   Thumb Code    16  stm32g4xx_hal_dac_ex.o(i.DAC_DMAConvCpltCh2)
    DAC_DMAErrorCh1                          0x08000573   Thumb Code    24  stm32g4xx_hal_dac.o(i.DAC_DMAErrorCh1)
    DAC_DMAErrorCh2                          0x0800058b   Thumb Code    24  stm32g4xx_hal_dac_ex.o(i.DAC_DMAErrorCh2)
    DAC_DMAHalfConvCpltCh1                   0x080005a3   Thumb Code    10  stm32g4xx_hal_dac.o(i.DAC_DMAHalfConvCpltCh1)
    DAC_DMAHalfConvCpltCh2                   0x080005ad   Thumb Code    10  stm32g4xx_hal_dac_ex.o(i.DAC_DMAHalfConvCpltCh2)
    DMA1_Channel1_IRQHandler                 0x080005b9   Thumb Code     6  stm32g4xx_it.o(i.DMA1_Channel1_IRQHandler)
    DMA1_Channel2_IRQHandler                 0x080005c5   Thumb Code     6  stm32g4xx_it.o(i.DMA1_Channel2_IRQHandler)
    DebugMon_Handler                         0x08000673   Thumb Code     2  stm32g4xx_it.o(i.DebugMon_Handler)
    Error_Handler                            0x08000675   Thumb Code     4  main.o(i.Error_Handler)
    Generate_Sine_Wave                       0x08000679   Thumb Code   112  main.o(i.Generate_Sine_Wave)
    HAL_ADCEx_MultiModeConfigChannel         0x08000715   Thumb Code   326  stm32g4xx_hal_adc_ex.o(i.HAL_ADCEx_MultiModeConfigChannel)
    HAL_ADC_ConfigChannel                    0x08000875   Thumb Code  1066  stm32g4xx_hal_adc.o(i.HAL_ADC_ConfigChannel)
    HAL_ADC_GetValue                         0x08000ce1   Thumb Code     6  stm32g4xx_hal_adc.o(i.HAL_ADC_GetValue)
    HAL_ADC_Init                             0x08000ce9   Thumb Code   510  stm32g4xx_hal_adc.o(i.HAL_ADC_Init)
    HAL_ADC_MspInit                          0x08000f19   Thumb Code   200  adc.o(i.HAL_ADC_MspInit)
    HAL_ADC_PollForConversion                0x08000fed   Thumb Code   298  stm32g4xx_hal_adc.o(i.HAL_ADC_PollForConversion)
    HAL_ADC_Start                            0x0800112d   Thumb Code   288  stm32g4xx_hal_adc.o(i.HAL_ADC_Start)
    HAL_DACEx_ConvCpltCallbackCh2            0x08001265   Thumb Code     2  stm32g4xx_hal_dac_ex.o(i.HAL_DACEx_ConvCpltCallbackCh2)
    HAL_DACEx_ConvHalfCpltCallbackCh2        0x08001267   Thumb Code     2  stm32g4xx_hal_dac_ex.o(i.HAL_DACEx_ConvHalfCpltCallbackCh2)
    HAL_DACEx_ErrorCallbackCh2               0x08001269   Thumb Code     2  stm32g4xx_hal_dac_ex.o(i.HAL_DACEx_ErrorCallbackCh2)
    HAL_DAC_ConfigChannel                    0x0800126d   Thumb Code   450  stm32g4xx_hal_dac.o(i.HAL_DAC_ConfigChannel)
    HAL_DAC_ConvCpltCallbackCh1              0x08001439   Thumb Code     2  stm32g4xx_hal_dac.o(i.HAL_DAC_ConvCpltCallbackCh1)
    HAL_DAC_ConvHalfCpltCallbackCh1          0x0800143b   Thumb Code     2  stm32g4xx_hal_dac.o(i.HAL_DAC_ConvHalfCpltCallbackCh1)
    HAL_DAC_ErrorCallbackCh1                 0x0800143d   Thumb Code     2  stm32g4xx_hal_dac.o(i.HAL_DAC_ErrorCallbackCh1)
    HAL_DAC_Init                             0x0800143f   Thumb Code    40  stm32g4xx_hal_dac.o(i.HAL_DAC_Init)
    HAL_DAC_MspInit                          0x08001469   Thumb Code   130  dac.o(i.HAL_DAC_MspInit)
    HAL_DAC_Start_DMA                        0x080014fd   Thumb Code   218  stm32g4xx_hal_dac.o(i.HAL_DAC_Start_DMA)
    HAL_DAC_Stop_DMA                         0x080015f9   Thumb Code    82  stm32g4xx_hal_dac.o(i.HAL_DAC_Stop_DMA)
    HAL_DMA_Abort                            0x0800164b   Thumb Code   106  stm32g4xx_hal_dma.o(i.HAL_DMA_Abort)
    HAL_DMA_IRQHandler                       0x080016b5   Thumb Code   186  stm32g4xx_hal_dma.o(i.HAL_DMA_IRQHandler)
    HAL_DMA_Init                             0x08001771   Thumb Code   178  stm32g4xx_hal_dma.o(i.HAL_DMA_Init)
    HAL_DMA_Start_IT                         0x08001831   Thumb Code   140  stm32g4xx_hal_dma.o(i.HAL_DMA_Start_IT)
    HAL_GPIO_Init                            0x080018bd   Thumb Code   550  stm32g4xx_hal_gpio.o(i.HAL_GPIO_Init)
    HAL_GetTick                              0x08001b05   Thumb Code     6  stm32g4xx_hal.o(i.HAL_GetTick)
    HAL_HRTIM_DLLCalibrationStart            0x08001b11   Thumb Code    98  stm32g4xx_hal_hrtim.o(i.HAL_HRTIM_DLLCalibrationStart)
    HAL_HRTIM_DeadTimeConfig                 0x08001b75   Thumb Code   136  stm32g4xx_hal_hrtim.o(i.HAL_HRTIM_DeadTimeConfig)
    HAL_HRTIM_Init                           0x08001c01   Thumb Code   184  stm32g4xx_hal_hrtim.o(i.HAL_HRTIM_Init)
    HAL_HRTIM_MspInit                        0x08001cc1   Thumb Code    30  hrtim.o(i.HAL_HRTIM_MspInit)
    HAL_HRTIM_MspPostInit                    0x08001ce9   Thumb Code   102  hrtim.o(i.HAL_HRTIM_MspPostInit)
    HAL_HRTIM_PollForDLLCalibration          0x08001d5d   Thumb Code    66  stm32g4xx_hal_hrtim.o(i.HAL_HRTIM_PollForDLLCalibration)
    HAL_HRTIM_TimeBaseConfig                 0x08001d9f   Thumb Code   122  stm32g4xx_hal_hrtim.o(i.HAL_HRTIM_TimeBaseConfig)
    HAL_HRTIM_WaveformCompareConfig          0x08001e19   Thumb Code   308  stm32g4xx_hal_hrtim.o(i.HAL_HRTIM_WaveformCompareConfig)
    HAL_HRTIM_WaveformCountStart             0x08001f4d   Thumb Code    44  stm32g4xx_hal_hrtim.o(i.HAL_HRTIM_WaveformCountStart)
    HAL_HRTIM_WaveformOutputConfig           0x08001f79   Thumb Code    54  stm32g4xx_hal_hrtim.o(i.HAL_HRTIM_WaveformOutputConfig)
    HAL_HRTIM_WaveformOutputStart            0x08001faf   Thumb Code    48  stm32g4xx_hal_hrtim.o(i.HAL_HRTIM_WaveformOutputStart)
    HAL_HRTIM_WaveformTimerConfig            0x08001fdf   Thumb Code   144  stm32g4xx_hal_hrtim.o(i.HAL_HRTIM_WaveformTimerConfig)
    HAL_HRTIM_WaveformTimerControl           0x0800206f   Thumb Code   132  stm32g4xx_hal_hrtim.o(i.HAL_HRTIM_WaveformTimerControl)
    HAL_I2CEx_ConfigAnalogFilter             0x080020f3   Thumb Code    86  stm32g4xx_hal_i2c_ex.o(i.HAL_I2CEx_ConfigAnalogFilter)
    HAL_I2CEx_ConfigDigitalFilter            0x08002149   Thumb Code    82  stm32g4xx_hal_i2c_ex.o(i.HAL_I2CEx_ConfigDigitalFilter)
    HAL_I2C_Init                             0x0800219d   Thumb Code   184  stm32g4xx_hal_i2c.o(i.HAL_I2C_Init)
    HAL_I2C_MspInit                          0x08002259   Thumb Code   150  i2c.o(i.HAL_I2C_MspInit)
    HAL_IncTick                              0x080022fd   Thumb Code    12  stm32g4xx_hal.o(i.HAL_IncTick)
    HAL_Init                                 0x0800230d   Thumb Code    30  stm32g4xx_hal.o(i.HAL_Init)
    HAL_InitTick                             0x0800232d   Thumb Code    58  stm32g4xx_hal.o(i.HAL_InitTick)
    HAL_MspInit                              0x08002371   Thumb Code    42  stm32g4xx_hal_msp.o(i.HAL_MspInit)
    HAL_NVIC_EnableIRQ                       0x080023a1   Thumb Code    26  stm32g4xx_hal_cortex.o(i.HAL_NVIC_EnableIRQ)
    HAL_NVIC_SetPriority                     0x080023bd   Thumb Code    60  stm32g4xx_hal_cortex.o(i.HAL_NVIC_SetPriority)
    HAL_NVIC_SetPriorityGrouping             0x080023fd   Thumb Code    26  stm32g4xx_hal_cortex.o(i.HAL_NVIC_SetPriorityGrouping)
    HAL_PWREx_ControlVoltageScaling          0x08002421   Thumb Code   174  stm32g4xx_hal_pwr_ex.o(i.HAL_PWREx_ControlVoltageScaling)
    HAL_PWREx_DisableUCPDDeadBattery         0x080024dd   Thumb Code    12  stm32g4xx_hal_pwr_ex.o(i.HAL_PWREx_DisableUCPDDeadBattery)
    HAL_RCCEx_PeriphCLKConfig                0x080024ed   Thumb Code   758  stm32g4xx_hal_rcc_ex.o(i.HAL_RCCEx_PeriphCLKConfig)
    HAL_RCC_ClockConfig                      0x080027ed   Thumb Code   444  stm32g4xx_hal_rcc.o(i.HAL_RCC_ClockConfig)
    HAL_RCC_GetHCLKFreq                      0x080029c9   Thumb Code     6  stm32g4xx_hal_rcc.o(i.HAL_RCC_GetHCLKFreq)
    HAL_RCC_GetPCLK1Freq                     0x080029d5   Thumb Code    24  stm32g4xx_hal_rcc.o(i.HAL_RCC_GetPCLK1Freq)
    HAL_RCC_GetPCLK2Freq                     0x080029f9   Thumb Code    24  stm32g4xx_hal_rcc.o(i.HAL_RCC_GetPCLK2Freq)
    HAL_RCC_GetSysClockFreq                  0x08002a1d   Thumb Code    98  stm32g4xx_hal_rcc.o(i.HAL_RCC_GetSysClockFreq)
    HAL_RCC_OscConfig                        0x08002a89   Thumb Code  1028  stm32g4xx_hal_rcc.o(i.HAL_RCC_OscConfig)
    HAL_SYSTICK_Config                       0x08002e8d   Thumb Code    40  stm32g4xx_hal_cortex.o(i.HAL_SYSTICK_Config)
    HAL_TIMEx_Break2Callback                 0x08002eb5   Thumb Code     2  stm32g4xx_hal_tim_ex.o(i.HAL_TIMEx_Break2Callback)
    HAL_TIMEx_BreakCallback                  0x08002eb7   Thumb Code     2  stm32g4xx_hal_tim_ex.o(i.HAL_TIMEx_BreakCallback)
    HAL_TIMEx_CommutCallback                 0x08002eb9   Thumb Code     2  stm32g4xx_hal_tim_ex.o(i.HAL_TIMEx_CommutCallback)
    HAL_TIMEx_ConfigBreakDeadTime            0x08002ebd   Thumb Code   154  stm32g4xx_hal_tim_ex.o(i.HAL_TIMEx_ConfigBreakDeadTime)
    HAL_TIMEx_DirectionChangeCallback        0x08002f65   Thumb Code     2  stm32g4xx_hal_tim_ex.o(i.HAL_TIMEx_DirectionChangeCallback)
    HAL_TIMEx_EncoderIndexCallback           0x08002f67   Thumb Code     2  stm32g4xx_hal_tim_ex.o(i.HAL_TIMEx_EncoderIndexCallback)
    HAL_TIMEx_IndexErrorCallback             0x08002f69   Thumb Code     2  stm32g4xx_hal_tim_ex.o(i.HAL_TIMEx_IndexErrorCallback)
    HAL_TIMEx_MasterConfigSynchronization    0x08002f6d   Thumb Code   150  stm32g4xx_hal_tim_ex.o(i.HAL_TIMEx_MasterConfigSynchronization)
    HAL_TIMEx_TransitionErrorCallback        0x08003025   Thumb Code     2  stm32g4xx_hal_tim_ex.o(i.HAL_TIMEx_TransitionErrorCallback)
    HAL_TIM_Base_Init                        0x08003027   Thumb Code    98  stm32g4xx_hal_tim.o(i.HAL_TIM_Base_Init)
    HAL_TIM_Base_MspInit                     0x08003089   Thumb Code   150  tim.o(i.HAL_TIM_Base_MspInit)
    HAL_TIM_Base_Start                       0x0800312d   Thumb Code    96  stm32g4xx_hal_tim.o(i.HAL_TIM_Base_Start)
    HAL_TIM_Base_Stop                        0x080031ad   Thumb Code    38  stm32g4xx_hal_tim.o(i.HAL_TIM_Base_Stop)
    HAL_TIM_ConfigClockSource                0x080031d5   Thumb Code   234  stm32g4xx_hal_tim.o(i.HAL_TIM_ConfigClockSource)
    HAL_TIM_IC_CaptureCallback               0x080032c5   Thumb Code    62  main.o(i.HAL_TIM_IC_CaptureCallback)
    HAL_TIM_IC_ConfigChannel                 0x08003311   Thumb Code   292  stm32g4xx_hal_tim.o(i.HAL_TIM_IC_ConfigChannel)
    HAL_TIM_IC_Init                          0x08003435   Thumb Code    98  stm32g4xx_hal_tim.o(i.HAL_TIM_IC_Init)
    HAL_TIM_IC_MspInit                       0x08003497   Thumb Code     2  stm32g4xx_hal_tim.o(i.HAL_TIM_IC_MspInit)
    HAL_TIM_IC_Start_IT                      0x08003499   Thumb Code   286  stm32g4xx_hal_tim.o(i.HAL_TIM_IC_Start_IT)
    HAL_TIM_IRQHandler                       0x080035d9   Thumb Code   418  stm32g4xx_hal_tim.o(i.HAL_TIM_IRQHandler)
    HAL_TIM_MspPostInit                      0x0800377d   Thumb Code   148  tim.o(i.HAL_TIM_MspPostInit)
    HAL_TIM_OC_DelayElapsedCallback          0x08003821   Thumb Code     2  stm32g4xx_hal_tim.o(i.HAL_TIM_OC_DelayElapsedCallback)
    HAL_TIM_PWM_ConfigChannel                0x08003823   Thumb Code   292  stm32g4xx_hal_tim.o(i.HAL_TIM_PWM_ConfigChannel)
    HAL_TIM_PWM_Init                         0x08003947   Thumb Code    98  stm32g4xx_hal_tim.o(i.HAL_TIM_PWM_Init)
    HAL_TIM_PWM_MspInit                      0x080039a9   Thumb Code     2  stm32g4xx_hal_tim.o(i.HAL_TIM_PWM_MspInit)
    HAL_TIM_PWM_PulseFinishedCallback        0x080039ab   Thumb Code     2  stm32g4xx_hal_tim.o(i.HAL_TIM_PWM_PulseFinishedCallback)
    HAL_TIM_PeriodElapsedCallback            0x080039ad   Thumb Code     2  stm32g4xx_hal_tim.o(i.HAL_TIM_PeriodElapsedCallback)
    HAL_TIM_TriggerCallback                  0x080039af   Thumb Code     2  stm32g4xx_hal_tim.o(i.HAL_TIM_TriggerCallback)
    HAL_UARTEx_DisableFifoMode               0x080039b1   Thumb Code    62  stm32g4xx_hal_uart_ex.o(i.HAL_UARTEx_DisableFifoMode)
    HAL_UARTEx_SetRxFifoThreshold            0x080039ef   Thumb Code    76  stm32g4xx_hal_uart_ex.o(i.HAL_UARTEx_SetRxFifoThreshold)
    HAL_UARTEx_SetTxFifoThreshold            0x08003a3b   Thumb Code    76  stm32g4xx_hal_uart_ex.o(i.HAL_UARTEx_SetTxFifoThreshold)
    HAL_UART_Init                            0x08003a87   Thumb Code   106  stm32g4xx_hal_uart.o(i.HAL_UART_Init)
    HAL_UART_MspInit                         0x08003af1   Thumb Code   198  usart.o(i.HAL_UART_MspInit)
    HardFault_Handler                        0x08003f45   Thumb Code     2  stm32g4xx_it.o(i.HardFault_Handler)
    MX_ADC1_Init                             0x08003fa9   Thumb Code   142  adc.o(i.MX_ADC1_Init)
    MX_ADC2_Init                             0x08004041   Thumb Code   112  adc.o(i.MX_ADC2_Init)
    MX_DAC1_Init                             0x080040bd   Thumb Code    82  dac.o(i.MX_DAC1_Init)
    MX_DMA_Init                              0x08004119   Thumb Code    72  dma.o(i.MX_DMA_Init)
    MX_GPIO_Init                             0x08004165   Thumb Code    70  gpio.o(i.MX_GPIO_Init)
    MX_HRTIM1_Init                           0x080041b1   Thumb Code   858  hrtim.o(i.MX_HRTIM1_Init)
    MX_I2C1_Init                             0x08004515   Thumb Code    76  i2c.o(i.MX_I2C1_Init)
    MX_TIM1_Init                             0x0800456d   Thumb Code   232  tim.o(i.MX_TIM1_Init)
    MX_TIM2_Init                             0x0800465d   Thumb Code   142  tim.o(i.MX_TIM2_Init)
    MX_TIM3_Init                             0x080046f1   Thumb Code   144  tim.o(i.MX_TIM3_Init)
    MX_USART1_UART_Init                      0x08004789   Thumb Code    94  usart.o(i.MX_USART1_UART_Init)
    MemManage_Handler                        0x080047f1   Thumb Code     2  stm32g4xx_it.o(i.MemManage_Handler)
    NMI_Handler                              0x080047f3   Thumb Code     2  stm32g4xx_it.o(i.NMI_Handler)
    PendSV_Handler                           0x080047f5   Thumb Code     2  stm32g4xx_it.o(i.PendSV_Handler)
    SVC_Handler                              0x080047f7   Thumb Code     2  stm32g4xx_it.o(i.SVC_Handler)
    SysTick_Handler                          0x080047f9   Thumb Code     4  stm32g4xx_it.o(i.SysTick_Handler)
    SystemClock_Config                       0x080047fd   Thumb Code   100  main.o(i.SystemClock_Config)
    SystemInit                               0x08004861   Thumb Code    12  system_stm32g4xx.o(i.SystemInit)
    TIM2_IRQHandler                          0x08004871   Thumb Code     6  stm32g4xx_it.o(i.TIM2_IRQHandler)
    TIM_Base_SetConfig                       0x0800487d   Thumb Code   190  stm32g4xx_hal_tim.o(i.TIM_Base_SetConfig)
    TIM_CCxChannelCmd                        0x08004961   Thumb Code    26  stm32g4xx_hal_tim.o(i.TIM_CCxChannelCmd)
    TIM_ETR_SetConfig                        0x0800497b   Thumb Code    20  stm32g4xx_hal_tim.o(i.TIM_ETR_SetConfig)
    TIM_OC2_SetConfig                        0x08004a51   Thumb Code   132  stm32g4xx_hal_tim.o(i.TIM_OC2_SetConfig)
    TIM_TI1_SetConfig                        0x08004d49   Thumb Code   100  stm32g4xx_hal_tim.o(i.TIM_TI1_SetConfig)
    UART_AdvFeatureConfig                    0x08004e69   Thumb Code   200  stm32g4xx_hal_uart.o(i.UART_AdvFeatureConfig)
    UART_CheckIdleState                      0x08004f31   Thumb Code   172  stm32g4xx_hal_uart.o(i.UART_CheckIdleState)
    UART_SetConfig                           0x08005031   Thumb Code   614  stm32g4xx_hal_uart.o(i.UART_SetConfig)
    UART_WaitOnFlagUntilTimeout              0x080052c9   Thumb Code   148  stm32g4xx_hal_uart.o(i.UART_WaitOnFlagUntilTimeout)
    UsageFault_Handler                       0x0800535d   Thumb Code     2  stm32g4xx_it.o(i.UsageFault_Handler)
    __ARM_fpclassify                         0x0800535f   Thumb Code    48  fpclassify.o(i.__ARM_fpclassify)
    __hardfp_sin                             0x080053b1   Thumb Code   180  sin.o(i.__hardfp_sin)
    __ieee754_rem_pio2                       0x08005479   Thumb Code   938  rred.o(i.__ieee754_rem_pio2)
    __kernel_cos                             0x080058b1   Thumb Code   322  cos_i.o(i.__kernel_cos)
    __kernel_poly                            0x08005a21   Thumb Code   248  poly.o(i.__kernel_poly)
    __kernel_sin                             0x08005b19   Thumb Code   280  sin_i.o(i.__kernel_sin)
    __mathlib_dbl_infnan                     0x08005c49   Thumb Code    20  dunder.o(i.__mathlib_dbl_infnan)
    __mathlib_dbl_invalid                    0x08005c61   Thumb Code    24  dunder.o(i.__mathlib_dbl_invalid)
    __mathlib_dbl_underflow                  0x08005c81   Thumb Code    24  dunder.o(i.__mathlib_dbl_underflow)
    fabs                                     0x08005ca1   Thumb Code    24  fabs.o(i.fabs)
    main                                     0x08005cb9   Thumb Code   122  main.o(i.main)
    phase_shift_A                            0x08005d3d   Thumb Code   250  main.o(i.phase_shift_A)
    start_module_A                           0x08005e41   Thumb Code    80  main.o(i.start_module_A)
    __aeabi_dneg                             0x08005e95   Thumb Code     0  basic.o(x$fpl$basic)
    _dneg                                    0x08005e95   Thumb Code     6  basic.o(x$fpl$basic)
    __aeabi_fneg                             0x08005e9b   Thumb Code     0  basic.o(x$fpl$basic)
    _fneg                                    0x08005e9b   Thumb Code     6  basic.o(x$fpl$basic)
    _dabs                                    0x08005ea1   Thumb Code     6  basic.o(x$fpl$basic)
    _fabs                                    0x08005ea7   Thumb Code     6  basic.o(x$fpl$basic)
    __aeabi_dadd                             0x08005ead   Thumb Code     0  daddsub_clz.o(x$fpl$dadd)
    _dadd                                    0x08005ead   Thumb Code   332  daddsub_clz.o(x$fpl$dadd)
    __aeabi_ddiv                             0x08005ffd   Thumb Code     0  ddiv.o(x$fpl$ddiv)
    _ddiv                                    0x08005ffd   Thumb Code   552  ddiv.o(x$fpl$ddiv)
    __aeabi_d2iz                             0x080062ad   Thumb Code     0  dfix.o(x$fpl$dfix)
    _dfix                                    0x080062ad   Thumb Code    94  dfix.o(x$fpl$dfix)
    __aeabi_d2uiz                            0x0800630d   Thumb Code     0  dfixu.o(x$fpl$dfixu)
    _dfixu                                   0x0800630d   Thumb Code    90  dfixu.o(x$fpl$dfixu)
    __aeabi_i2d                              0x08006367   Thumb Code     0  dflt_clz.o(x$fpl$dflt)
    _dflt                                    0x08006367   Thumb Code    46  dflt_clz.o(x$fpl$dflt)
    __aeabi_ui2d                             0x08006395   Thumb Code     0  dflt_clz.o(x$fpl$dfltu)
    _dfltu                                   0x08006395   Thumb Code    38  dflt_clz.o(x$fpl$dfltu)
    __aeabi_dmul                             0x080063bd   Thumb Code     0  dmul.o(x$fpl$dmul)
    _dmul                                    0x080063bd   Thumb Code   332  dmul.o(x$fpl$dmul)
    __fpl_dnaninf                            0x08006511   Thumb Code   156  dnaninf.o(x$fpl$dnaninf)
    __fpl_dretinf                            0x080065ad   Thumb Code    12  dretinf.o(x$fpl$dretinf)
    __aeabi_drsub                            0x080065b9   Thumb Code     0  daddsub_clz.o(x$fpl$drsb)
    _drsb                                    0x080065b9   Thumb Code    22  daddsub_clz.o(x$fpl$drsb)
    __aeabi_dsub                             0x080065d1   Thumb Code     0  daddsub_clz.o(x$fpl$dsub)
    _dsub                                    0x080065d1   Thumb Code   464  daddsub_clz.o(x$fpl$dsub)
    _fp_init                                 0x080067a5   Thumb Code    10  fpinit.o(x$fpl$fpinit)
    __fplib_config_fpu_vfp                   0x080067ad   Thumb Code     0  fpinit.o(x$fpl$fpinit)
    __fplib_config_pureend_doubles           0x080067ad   Thumb Code     0  fpinit.o(x$fpl$fpinit)
    UARTPrescTable                           0x080067ae   Data          24  stm32g4xx_hal_uart.o(.constdata)
    __I$use$fp                               0x080067ae   Number         0  usenofp.o(x$fpl$usenofp)
    AHBPrescTable                            0x080067d6   Data          16  system_stm32g4xx.o(.constdata)
    APBPrescTable                            0x080067e6   Data           8  system_stm32g4xx.o(.constdata)
    Region$$Table$$Base                      0x08006910   Number         0  anon$$obj.o(Region$$Table)
    Region$$Table$$Limit                     0x08006930   Number         0  anon$$obj.o(Region$$Table)
    phase_A1_SHIFT                           0x20000000   Data           4  main.o(.data)
    phase_A2_SHIFT                           0x20000004   Data           4  main.o(.data)
    phase_A3_SHIFT                           0x20000008   Data           4  main.o(.data)
    phase_A4_SHIFT                           0x2000000c   Data           4  main.o(.data)
    uwTickPrio                               0x20000014   Data           4  stm32g4xx_hal.o(.data)
    uwTickFreq                               0x20000018   Data           4  stm32g4xx_hal.o(.data)
    uwTick                                   0x2000001c   Data           4  stm32g4xx_hal.o(.data)
    SystemCoreClock                          0x20000020   Data           4  system_stm32g4xx.o(.data)
    sine_wave                                0x20000024   Data        1024  main.o(.bss)
    hadc1                                    0x20000424   Data         108  adc.o(.bss)
    hadc2                                    0x20000490   Data         108  adc.o(.bss)
    hdac1                                    0x200004fc   Data          20  dac.o(.bss)
    hdma_dac1_ch1                            0x20000510   Data          96  dac.o(.bss)
    hhrtim1                                  0x20000570   Data         252  hrtim.o(.bss)
    hi2c1                                    0x2000066c   Data          84  i2c.o(.bss)
    htim1                                    0x200006c0   Data          76  tim.o(.bss)
    htim2                                    0x2000070c   Data          76  tim.o(.bss)
    htim3                                    0x20000758   Data          76  tim.o(.bss)
    huart1                                   0x200007a4   Data         148  usart.o(.bss)
    hdma_usart1_tx                           0x20000838   Data          96  usart.o(.bss)
    __libspace_start                         0x20000898   Data          96  libspace.o(.bss)
    __temporary_stack_top$libspace           0x200008f8   Data           0  libspace.o(.bss)



==============================================================================

Memory Map of the image

  Image Entry point : 0x080001d9

  Load Region LR_IROM1 (Base: 0x08000000, Size: 0x00006954, Max: 0x00080000, ABSOLUTE)

    Execution Region ER_IROM1 (Exec base: 0x08000000, Load base: 0x08000000, Size: 0x00006930, Max: 0x00080000, ABSOLUTE)

    Exec Addr    Load Addr    Size         Type   Attr      Idx    E Section Name        Object

    0x08000000   0x08000000   0x000001d8   Data   RO            3    RESET               startup_stm32g474xx.o
    0x080001d8   0x080001d8   0x00000008   Code   RO         6091  * !!!main             c_w.l(__main.o)
    0x080001e0   0x080001e0   0x00000034   Code   RO         6350    !!!scatter          c_w.l(__scatter.o)
    0x08000214   0x08000214   0x0000001a   Code   RO         6352    !!handler_copy      c_w.l(__scatter_copy.o)
    0x0800022e   0x0800022e   0x00000002   PAD
    0x08000230   0x08000230   0x0000001c   Code   RO         6354    !!handler_zi        c_w.l(__scatter_zi.o)
    0x0800024c   0x0800024c   0x00000002   Code   RO         6221    .ARM.Collect$$libinit$$00000000  c_w.l(libinit.o)
    0x0800024e   0x0800024e   0x00000004   Code   RO         6230    .ARM.Collect$$libinit$$00000001  c_w.l(libinit2.o)
    0x08000252   0x08000252   0x00000000   Code   RO         6233    .ARM.Collect$$libinit$$00000004  c_w.l(libinit2.o)
    0x08000252   0x08000252   0x00000000   Code   RO         6236    .ARM.Collect$$libinit$$0000000A  c_w.l(libinit2.o)
    0x08000252   0x08000252   0x00000000   Code   RO         6238    .ARM.Collect$$libinit$$0000000C  c_w.l(libinit2.o)
    0x08000252   0x08000252   0x00000000   Code   RO         6240    .ARM.Collect$$libinit$$0000000E  c_w.l(libinit2.o)
    0x08000252   0x08000252   0x00000000   Code   RO         6243    .ARM.Collect$$libinit$$00000011  c_w.l(libinit2.o)
    0x08000252   0x08000252   0x00000000   Code   RO         6245    .ARM.Collect$$libinit$$00000013  c_w.l(libinit2.o)
    0x08000252   0x08000252   0x00000000   Code   RO         6247    .ARM.Collect$$libinit$$00000015  c_w.l(libinit2.o)
    0x08000252   0x08000252   0x00000000   Code   RO         6249    .ARM.Collect$$libinit$$00000017  c_w.l(libinit2.o)
    0x08000252   0x08000252   0x00000000   Code   RO         6251    .ARM.Collect$$libinit$$00000019  c_w.l(libinit2.o)
    0x08000252   0x08000252   0x00000000   Code   RO         6253    .ARM.Collect$$libinit$$0000001B  c_w.l(libinit2.o)
    0x08000252   0x08000252   0x00000000   Code   RO         6255    .ARM.Collect$$libinit$$0000001D  c_w.l(libinit2.o)
    0x08000252   0x08000252   0x00000000   Code   RO         6257    .ARM.Collect$$libinit$$0000001F  c_w.l(libinit2.o)
    0x08000252   0x08000252   0x00000000   Code   RO         6259    .ARM.Collect$$libinit$$00000021  c_w.l(libinit2.o)
    0x08000252   0x08000252   0x00000000   Code   RO         6261    .ARM.Collect$$libinit$$00000023  c_w.l(libinit2.o)
    0x08000252   0x08000252   0x00000000   Code   RO         6263    .ARM.Collect$$libinit$$00000025  c_w.l(libinit2.o)
    0x08000252   0x08000252   0x00000000   Code   RO         6267    .ARM.Collect$$libinit$$0000002C  c_w.l(libinit2.o)
    0x08000252   0x08000252   0x00000000   Code   RO         6269    .ARM.Collect$$libinit$$0000002E  c_w.l(libinit2.o)
    0x08000252   0x08000252   0x00000000   Code   RO         6271    .ARM.Collect$$libinit$$00000030  c_w.l(libinit2.o)
    0x08000252   0x08000252   0x00000000   Code   RO         6273    .ARM.Collect$$libinit$$00000032  c_w.l(libinit2.o)
    0x08000252   0x08000252   0x00000002   Code   RO         6274    .ARM.Collect$$libinit$$00000033  c_w.l(libinit2.o)
    0x08000254   0x08000254   0x00000002   Code   RO         6305    .ARM.Collect$$libshutdown$$00000000  c_w.l(libshutdown.o)
    0x08000256   0x08000256   0x00000000   Code   RO         6331    .ARM.Collect$$libshutdown$$00000002  c_w.l(libshutdown2.o)
    0x08000256   0x08000256   0x00000000   Code   RO         6333    .ARM.Collect$$libshutdown$$00000004  c_w.l(libshutdown2.o)
    0x08000256   0x08000256   0x00000000   Code   RO         6335    .ARM.Collect$$libshutdown$$00000006  c_w.l(libshutdown2.o)
    0x08000256   0x08000256   0x00000000   Code   RO         6338    .ARM.Collect$$libshutdown$$00000009  c_w.l(libshutdown2.o)
    0x08000256   0x08000256   0x00000000   Code   RO         6341    .ARM.Collect$$libshutdown$$0000000C  c_w.l(libshutdown2.o)
    0x08000256   0x08000256   0x00000000   Code   RO         6343    .ARM.Collect$$libshutdown$$0000000E  c_w.l(libshutdown2.o)
    0x08000256   0x08000256   0x00000000   Code   RO         6346    .ARM.Collect$$libshutdown$$00000011  c_w.l(libshutdown2.o)
    0x08000256   0x08000256   0x00000002   Code   RO         6347    .ARM.Collect$$libshutdown$$00000012  c_w.l(libshutdown2.o)
    0x08000258   0x08000258   0x00000000   Code   RO         6123    .ARM.Collect$$rtentry$$00000000  c_w.l(__rtentry.o)
    0x08000258   0x08000258   0x00000000   Code   RO         6166    .ARM.Collect$$rtentry$$00000002  c_w.l(__rtentry2.o)
    0x08000258   0x08000258   0x00000006   Code   RO         6178    .ARM.Collect$$rtentry$$00000004  c_w.l(__rtentry4.o)
    0x0800025e   0x0800025e   0x00000000   Code   RO         6168    .ARM.Collect$$rtentry$$00000009  c_w.l(__rtentry2.o)
    0x0800025e   0x0800025e   0x00000004   Code   RO         6169    .ARM.Collect$$rtentry$$0000000A  c_w.l(__rtentry2.o)
    0x08000262   0x08000262   0x00000000   Code   RO         6171    .ARM.Collect$$rtentry$$0000000C  c_w.l(__rtentry2.o)
    0x08000262   0x08000262   0x00000008   Code   RO         6172    .ARM.Collect$$rtentry$$0000000D  c_w.l(__rtentry2.o)
    0x0800026a   0x0800026a   0x00000002   Code   RO         6222    .ARM.Collect$$rtexit$$00000000  c_w.l(rtexit.o)
    0x0800026c   0x0800026c   0x00000000   Code   RO         6278    .ARM.Collect$$rtexit$$00000002  c_w.l(rtexit2.o)
    0x0800026c   0x0800026c   0x00000004   Code   RO         6279    .ARM.Collect$$rtexit$$00000003  c_w.l(rtexit2.o)
    0x08000270   0x08000270   0x00000006   Code   RO         6280    .ARM.Collect$$rtexit$$00000004  c_w.l(rtexit2.o)
    0x08000276   0x08000276   0x00000002   PAD
    0x08000278   0x08000278   0x00000040   Code   RO            4    .text               startup_stm32g474xx.o
    0x080002b8   0x080002b8   0x000000ee   Code   RO         6085    .text               c_w.l(lludivv7m.o)
    0x080003a6   0x080003a6   0x0000004e   Code   RO         6087    .text               c_w.l(rt_memclr_w.o)
    0x080003f4   0x080003f4   0x00000006   Code   RO         6089    .text               c_w.l(heapauxi.o)
    0x080003fa   0x080003fa   0x00000016   Code   RO         6128    .text               c_w.l(_rserrno.o)
    0x08000410   0x08000410   0x00000008   Code   RO         6185    .text               c_w.l(rt_errno_addr_intlibspace.o)
    0x08000418   0x08000418   0x00000008   Code   RO         6205    .text               c_w.l(libspace.o)
    0x08000420   0x08000420   0x0000004a   Code   RO         6208    .text               c_w.l(sys_stackheap_outer.o)
    0x0800046a   0x0800046a   0x00000012   Code   RO         6210    .text               c_w.l(exit.o)
    0x0800047c   0x0800047c   0x0000000c   Code   RO         6275    .text               c_w.l(sys_exit.o)
    0x08000488   0x08000488   0x00000002   Code   RO         6294    .text               c_w.l(use_no_semi.o)
    0x0800048a   0x0800048a   0x00000000   Code   RO         6296    .text               c_w.l(indicate_semi.o)
    0x0800048a   0x0800048a   0x00000002   PAD
    0x0800048c   0x0800048c   0x000000c4   Code   RO          740    i.ADC_Enable        stm32g4xx_hal_adc.o
    0x08000550   0x08000550   0x00000002   Code   RO          617    i.BusFault_Handler  stm32g4xx_it.o
    0x08000552   0x08000552   0x00000010   Code   RO         2703    i.DAC_DMAConvCpltCh1  stm32g4xx_hal_dac.o
    0x08000562   0x08000562   0x00000010   Code   RO         2847    i.DAC_DMAConvCpltCh2  stm32g4xx_hal_dac_ex.o
    0x08000572   0x08000572   0x00000018   Code   RO         2704    i.DAC_DMAErrorCh1   stm32g4xx_hal_dac.o
    0x0800058a   0x0800058a   0x00000018   Code   RO         2848    i.DAC_DMAErrorCh2   stm32g4xx_hal_dac_ex.o
    0x080005a2   0x080005a2   0x0000000a   Code   RO         2705    i.DAC_DMAHalfConvCpltCh1  stm32g4xx_hal_dac.o
    0x080005ac   0x080005ac   0x0000000a   Code   RO         2849    i.DAC_DMAHalfConvCpltCh2  stm32g4xx_hal_dac_ex.o
    0x080005b6   0x080005b6   0x00000002   PAD
    0x080005b8   0x080005b8   0x0000000c   Code   RO          618    i.DMA1_Channel1_IRQHandler  stm32g4xx_it.o
    0x080005c4   0x080005c4   0x0000000c   Code   RO          619    i.DMA1_Channel2_IRQHandler  stm32g4xx_it.o
    0x080005d0   0x080005d0   0x00000040   Code   RO         2049    i.DMA_CalcDMAMUXChannelBaseAndMask  stm32g4xx_hal_dma.o
    0x08000610   0x08000610   0x00000024   Code   RO         2050    i.DMA_CalcDMAMUXRequestGenBaseAndMask  stm32g4xx_hal_dma.o
    0x08000634   0x08000634   0x0000003e   Code   RO         2051    i.DMA_SetConfig     stm32g4xx_hal_dma.o
    0x08000672   0x08000672   0x00000002   Code   RO          620    i.DebugMon_Handler  stm32g4xx_it.o
    0x08000674   0x08000674   0x00000004   Code   RO          169    i.Error_Handler     main.o
    0x08000678   0x08000678   0x0000009c   Code   RO          170    i.Generate_Sine_Wave  main.o
    0x08000714   0x08000714   0x00000160   Code   RO          990    i.HAL_ADCEx_MultiModeConfigChannel  stm32g4xx_hal_adc_ex.o
    0x08000874   0x08000874   0x0000046c   Code   RO          742    i.HAL_ADC_ConfigChannel  stm32g4xx_hal_adc.o
    0x08000ce0   0x08000ce0   0x00000006   Code   RO          749    i.HAL_ADC_GetValue  stm32g4xx_hal_adc.o
    0x08000ce6   0x08000ce6   0x00000002   PAD
    0x08000ce8   0x08000ce8   0x00000230   Code   RO          751    i.HAL_ADC_Init      stm32g4xx_hal_adc.o
    0x08000f18   0x08000f18   0x000000d4   Code   RO          311    i.HAL_ADC_MspInit   adc.o
    0x08000fec   0x08000fec   0x00000140   Code   RO          755    i.HAL_ADC_PollForConversion  stm32g4xx_hal_adc.o
    0x0800112c   0x0800112c   0x00000138   Code   RO          757    i.HAL_ADC_Start     stm32g4xx_hal_adc.o
    0x08001264   0x08001264   0x00000002   Code   RO         2850    i.HAL_DACEx_ConvCpltCallbackCh2  stm32g4xx_hal_dac_ex.o
    0x08001266   0x08001266   0x00000002   Code   RO         2851    i.HAL_DACEx_ConvHalfCpltCallbackCh2  stm32g4xx_hal_dac_ex.o
    0x08001268   0x08001268   0x00000002   Code   RO         2859    i.HAL_DACEx_ErrorCallbackCh2  stm32g4xx_hal_dac_ex.o
    0x0800126a   0x0800126a   0x00000002   PAD
    0x0800126c   0x0800126c   0x000001cc   Code   RO         2706    i.HAL_DAC_ConfigChannel  stm32g4xx_hal_dac.o
    0x08001438   0x08001438   0x00000002   Code   RO         2707    i.HAL_DAC_ConvCpltCallbackCh1  stm32g4xx_hal_dac.o
    0x0800143a   0x0800143a   0x00000002   Code   RO         2708    i.HAL_DAC_ConvHalfCpltCallbackCh1  stm32g4xx_hal_dac.o
    0x0800143c   0x0800143c   0x00000002   Code   RO         2711    i.HAL_DAC_ErrorCallbackCh1  stm32g4xx_hal_dac.o
    0x0800143e   0x0800143e   0x00000028   Code   RO         2716    i.HAL_DAC_Init      stm32g4xx_hal_dac.o
    0x08001466   0x08001466   0x00000002   PAD
    0x08001468   0x08001468   0x00000094   Code   RO          360    i.HAL_DAC_MspInit   dac.o
    0x080014fc   0x080014fc   0x000000fc   Code   RO         2721    i.HAL_DAC_Start_DMA  stm32g4xx_hal_dac.o
    0x080015f8   0x080015f8   0x00000052   Code   RO         2723    i.HAL_DAC_Stop_DMA  stm32g4xx_hal_dac.o
    0x0800164a   0x0800164a   0x0000006a   Code   RO         2052    i.HAL_DMA_Abort     stm32g4xx_hal_dma.o
    0x080016b4   0x080016b4   0x000000ba   Code   RO         2057    i.HAL_DMA_IRQHandler  stm32g4xx_hal_dma.o
    0x0800176e   0x0800176e   0x00000002   PAD
    0x08001770   0x08001770   0x000000c0   Code   RO         2058    i.HAL_DMA_Init      stm32g4xx_hal_dma.o
    0x08001830   0x08001830   0x0000008c   Code   RO         2062    i.HAL_DMA_Start_IT  stm32g4xx_hal_dma.o
    0x080018bc   0x080018bc   0x00000248   Code   RO         1914    i.HAL_GPIO_Init     stm32g4xx_hal_gpio.o
    0x08001b04   0x08001b04   0x0000000c   Code   RO         1193    i.HAL_GetTick       stm32g4xx_hal.o
    0x08001b10   0x08001b10   0x00000062   Code   RO         3010    i.HAL_HRTIM_DLLCalibrationStart  stm32g4xx_hal_hrtim.o
    0x08001b72   0x08001b72   0x00000002   PAD
    0x08001b74   0x08001b74   0x0000008c   Code   RO         3013    i.HAL_HRTIM_DeadTimeConfig  stm32g4xx_hal_hrtim.o
    0x08001c00   0x08001c00   0x000000c0   Code   RO         3043    i.HAL_HRTIM_Init    stm32g4xx_hal_hrtim.o
    0x08001cc0   0x08001cc0   0x00000028   Code   RO          426    i.HAL_HRTIM_MspInit  hrtim.o
    0x08001ce8   0x08001ce8   0x00000074   Code   RO          427    i.HAL_HRTIM_MspPostInit  hrtim.o
    0x08001d5c   0x08001d5c   0x00000042   Code   RO         3052    i.HAL_HRTIM_PollForDLLCalibration  stm32g4xx_hal_hrtim.o
    0x08001d9e   0x08001d9e   0x0000007a   Code   RO         3094    i.HAL_HRTIM_TimeBaseConfig  stm32g4xx_hal_hrtim.o
    0x08001e18   0x08001e18   0x00000134   Code   RO         3100    i.HAL_HRTIM_WaveformCompareConfig  stm32g4xx_hal_hrtim.o
    0x08001f4c   0x08001f4c   0x0000002c   Code   RO         3101    i.HAL_HRTIM_WaveformCountStart  stm32g4xx_hal_hrtim.o
    0x08001f78   0x08001f78   0x00000036   Code   RO         3109    i.HAL_HRTIM_WaveformOutputConfig  stm32g4xx_hal_hrtim.o
    0x08001fae   0x08001fae   0x00000030   Code   RO         3110    i.HAL_HRTIM_WaveformOutputStart  stm32g4xx_hal_hrtim.o
    0x08001fde   0x08001fde   0x00000090   Code   RO         3113    i.HAL_HRTIM_WaveformTimerConfig  stm32g4xx_hal_hrtim.o
    0x0800206e   0x0800206e   0x00000084   Code   RO         3114    i.HAL_HRTIM_WaveformTimerControl  stm32g4xx_hal_hrtim.o
    0x080020f2   0x080020f2   0x00000056   Code   RO         4311    i.HAL_I2CEx_ConfigAnalogFilter  stm32g4xx_hal_i2c_ex.o
    0x08002148   0x08002148   0x00000052   Code   RO         4312    i.HAL_I2CEx_ConfigDigitalFilter  stm32g4xx_hal_i2c_ex.o
    0x0800219a   0x0800219a   0x00000002   PAD
    0x0800219c   0x0800219c   0x000000bc   Code   RO         3850    i.HAL_I2C_Init      stm32g4xx_hal_i2c.o
    0x08002258   0x08002258   0x000000a4   Code   RO          474    i.HAL_I2C_MspInit   i2c.o
    0x080022fc   0x080022fc   0x00000010   Code   RO         1199    i.HAL_IncTick       stm32g4xx_hal.o
    0x0800230c   0x0800230c   0x0000001e   Code   RO         1200    i.HAL_Init          stm32g4xx_hal.o
    0x0800232a   0x0800232a   0x00000002   PAD
    0x0800232c   0x0800232c   0x00000044   Code   RO         1201    i.HAL_InitTick      stm32g4xx_hal.o
    0x08002370   0x08002370   0x00000030   Code   RO          711    i.HAL_MspInit       stm32g4xx_hal_msp.o
    0x080023a0   0x080023a0   0x0000001a   Code   RO         2563    i.HAL_NVIC_EnableIRQ  stm32g4xx_hal_cortex.o
    0x080023ba   0x080023ba   0x00000002   PAD
    0x080023bc   0x080023bc   0x00000040   Code   RO         2569    i.HAL_NVIC_SetPriority  stm32g4xx_hal_cortex.o
    0x080023fc   0x080023fc   0x00000024   Code   RO         2570    i.HAL_NVIC_SetPriorityGrouping  stm32g4xx_hal_cortex.o
    0x08002420   0x08002420   0x000000bc   Code   RO         2317    i.HAL_PWREx_ControlVoltageScaling  stm32g4xx_hal_pwr_ex.o
    0x080024dc   0x080024dc   0x00000010   Code   RO         2329    i.HAL_PWREx_DisableUCPDDeadBattery  stm32g4xx_hal_pwr_ex.o
    0x080024ec   0x080024ec   0x00000300   Code   RO         1560    i.HAL_RCCEx_PeriphCLKConfig  stm32g4xx_hal_rcc_ex.o
    0x080027ec   0x080027ec   0x000001dc   Code   RO         1435    i.HAL_RCC_ClockConfig  stm32g4xx_hal_rcc.o
    0x080029c8   0x080029c8   0x0000000c   Code   RO         1441    i.HAL_RCC_GetHCLKFreq  stm32g4xx_hal_rcc.o
    0x080029d4   0x080029d4   0x00000024   Code   RO         1443    i.HAL_RCC_GetPCLK1Freq  stm32g4xx_hal_rcc.o
    0x080029f8   0x080029f8   0x00000024   Code   RO         1444    i.HAL_RCC_GetPCLK2Freq  stm32g4xx_hal_rcc.o
    0x08002a1c   0x08002a1c   0x0000006c   Code   RO         1445    i.HAL_RCC_GetSysClockFreq  stm32g4xx_hal_rcc.o
    0x08002a88   0x08002a88   0x00000404   Code   RO         1448    i.HAL_RCC_OscConfig  stm32g4xx_hal_rcc.o
    0x08002e8c   0x08002e8c   0x00000028   Code   RO         2574    i.HAL_SYSTICK_Config  stm32g4xx_hal_cortex.o
    0x08002eb4   0x08002eb4   0x00000002   Code   RO         5081    i.HAL_TIMEx_Break2Callback  stm32g4xx_hal_tim_ex.o
    0x08002eb6   0x08002eb6   0x00000002   Code   RO         5082    i.HAL_TIMEx_BreakCallback  stm32g4xx_hal_tim_ex.o
    0x08002eb8   0x08002eb8   0x00000002   Code   RO         5083    i.HAL_TIMEx_CommutCallback  stm32g4xx_hal_tim_ex.o
    0x08002eba   0x08002eba   0x00000002   PAD
    0x08002ebc   0x08002ebc   0x000000a8   Code   RO         5086    i.HAL_TIMEx_ConfigBreakDeadTime  stm32g4xx_hal_tim_ex.o
    0x08002f64   0x08002f64   0x00000002   Code   RO         5094    i.HAL_TIMEx_DirectionChangeCallback  stm32g4xx_hal_tim_ex.o
    0x08002f66   0x08002f66   0x00000002   Code   RO         5108    i.HAL_TIMEx_EncoderIndexCallback  stm32g4xx_hal_tim_ex.o
    0x08002f68   0x08002f68   0x00000002   Code   RO         5122    i.HAL_TIMEx_IndexErrorCallback  stm32g4xx_hal_tim_ex.o
    0x08002f6a   0x08002f6a   0x00000002   PAD
    0x08002f6c   0x08002f6c   0x000000b8   Code   RO         5123    i.HAL_TIMEx_MasterConfigSynchronization  stm32g4xx_hal_tim_ex.o
    0x08003024   0x08003024   0x00000002   Code   RO         5144    i.HAL_TIMEx_TransitionErrorCallback  stm32g4xx_hal_tim_ex.o
    0x08003026   0x08003026   0x00000062   Code   RO         4367    i.HAL_TIM_Base_Init  stm32g4xx_hal_tim.o
    0x08003088   0x08003088   0x000000a4   Code   RO          516    i.HAL_TIM_Base_MspInit  tim.o
    0x0800312c   0x0800312c   0x00000080   Code   RO         4370    i.HAL_TIM_Base_Start  stm32g4xx_hal_tim.o
    0x080031ac   0x080031ac   0x00000026   Code   RO         4373    i.HAL_TIM_Base_Stop  stm32g4xx_hal_tim.o
    0x080031d2   0x080031d2   0x00000002   PAD
    0x080031d4   0x080031d4   0x000000f0   Code   RO         4376    i.HAL_TIM_ConfigClockSource  stm32g4xx_hal_tim.o
    0x080032c4   0x080032c4   0x0000004c   Code   RO          171    i.HAL_TIM_IC_CaptureCallback  main.o
    0x08003310   0x08003310   0x00000124   Code   RO         4403    i.HAL_TIM_IC_ConfigChannel  stm32g4xx_hal_tim.o
    0x08003434   0x08003434   0x00000062   Code   RO         4406    i.HAL_TIM_IC_Init   stm32g4xx_hal_tim.o
    0x08003496   0x08003496   0x00000002   Code   RO         4408    i.HAL_TIM_IC_MspInit  stm32g4xx_hal_tim.o
    0x08003498   0x08003498   0x00000140   Code   RO         4411    i.HAL_TIM_IC_Start_IT  stm32g4xx_hal_tim.o
    0x080035d8   0x080035d8   0x000001a2   Code   RO         4415    i.HAL_TIM_IRQHandler  stm32g4xx_hal_tim.o
    0x0800377a   0x0800377a   0x00000002   PAD
    0x0800377c   0x0800377c   0x000000a4   Code   RO          517    i.HAL_TIM_MspPostInit  tim.o
    0x08003820   0x08003820   0x00000002   Code   RO         4418    i.HAL_TIM_OC_DelayElapsedCallback  stm32g4xx_hal_tim.o
    0x08003822   0x08003822   0x00000124   Code   RO         4439    i.HAL_TIM_PWM_ConfigChannel  stm32g4xx_hal_tim.o
    0x08003946   0x08003946   0x00000062   Code   RO         4442    i.HAL_TIM_PWM_Init  stm32g4xx_hal_tim.o
    0x080039a8   0x080039a8   0x00000002   Code   RO         4444    i.HAL_TIM_PWM_MspInit  stm32g4xx_hal_tim.o
    0x080039aa   0x080039aa   0x00000002   Code   RO         4445    i.HAL_TIM_PWM_PulseFinishedCallback  stm32g4xx_hal_tim.o
    0x080039ac   0x080039ac   0x00000002   Code   RO         4453    i.HAL_TIM_PeriodElapsedCallback  stm32g4xx_hal_tim.o
    0x080039ae   0x080039ae   0x00000002   Code   RO         4458    i.HAL_TIM_TriggerCallback  stm32g4xx_hal_tim.o
    0x080039b0   0x080039b0   0x0000003e   Code   RO         5930    i.HAL_UARTEx_DisableFifoMode  stm32g4xx_hal_uart_ex.o
    0x080039ee   0x080039ee   0x0000004c   Code   RO         5939    i.HAL_UARTEx_SetRxFifoThreshold  stm32g4xx_hal_uart_ex.o
    0x08003a3a   0x08003a3a   0x0000004c   Code   RO         5940    i.HAL_UARTEx_SetTxFifoThreshold  stm32g4xx_hal_uart_ex.o
    0x08003a86   0x08003a86   0x0000006a   Code   RO         5539    i.HAL_UART_Init     stm32g4xx_hal_uart.o
    0x08003af0   0x08003af0   0x000000e0   Code   RO          576    i.HAL_UART_MspInit  usart.o
    0x08003bd0   0x08003bd0   0x00000068   Code   RO         3121    i.HRTIM_ForceRegistersUpdate  stm32g4xx_hal_hrtim.o
    0x08003c38   0x08003c38   0x00000092   Code   RO         3126    i.HRTIM_MasterWaveform_Config  stm32g4xx_hal_hrtim.o
    0x08003cca   0x08003cca   0x000000de   Code   RO         3128    i.HRTIM_OutputConfig  stm32g4xx_hal_hrtim.o
    0x08003da8   0x08003da8   0x0000019c   Code   RO         3131    i.HRTIM_TimingUnitWaveform_Config  stm32g4xx_hal_hrtim.o
    0x08003f44   0x08003f44   0x00000002   Code   RO          621    i.HardFault_Handler  stm32g4xx_it.o
    0x08003f46   0x08003f46   0x0000000c   Code   RO          765    i.LL_ADC_GetOffsetChannel  stm32g4xx_hal_adc.o
    0x08003f52   0x08003f52   0x00000008   Code   RO          766    i.LL_ADC_INJ_IsConversionOngoing  stm32g4xx_hal_adc.o
    0x08003f5a   0x08003f5a   0x00000008   Code   RO          767    i.LL_ADC_REG_IsConversionOngoing  stm32g4xx_hal_adc.o
    0x08003f62   0x08003f62   0x00000008   Code   RO         1000    i.LL_ADC_REG_IsConversionOngoing  stm32g4xx_hal_adc_ex.o
    0x08003f6a   0x08003f6a   0x00000010   Code   RO          768    i.LL_ADC_REG_IsTriggerSourceSWStart  stm32g4xx_hal_adc.o
    0x08003f7a   0x08003f7a   0x0000001e   Code   RO          770    i.LL_ADC_SetChannelSamplingTime  stm32g4xx_hal_adc.o
    0x08003f98   0x08003f98   0x00000010   Code   RO          771    i.LL_ADC_SetOffsetState  stm32g4xx_hal_adc.o
    0x08003fa8   0x08003fa8   0x00000098   Code   RO          312    i.MX_ADC1_Init      adc.o
    0x08004040   0x08004040   0x0000007c   Code   RO          313    i.MX_ADC2_Init      adc.o
    0x080040bc   0x080040bc   0x0000005c   Code   RO          361    i.MX_DAC1_Init      dac.o
    0x08004118   0x08004118   0x0000004c   Code   RO          401    i.MX_DMA_Init       dma.o
    0x08004164   0x08004164   0x0000004c   Code   RO          286    i.MX_GPIO_Init      gpio.o
    0x080041b0   0x080041b0   0x00000364   Code   RO          428    i.MX_HRTIM1_Init    hrtim.o
    0x08004514   0x08004514   0x00000058   Code   RO          475    i.MX_I2C1_Init      i2c.o
    0x0800456c   0x0800456c   0x000000f0   Code   RO          518    i.MX_TIM1_Init      tim.o
    0x0800465c   0x0800465c   0x00000094   Code   RO          519    i.MX_TIM2_Init      tim.o
    0x080046f0   0x080046f0   0x00000098   Code   RO          520    i.MX_TIM3_Init      tim.o
    0x08004788   0x08004788   0x00000068   Code   RO          577    i.MX_USART1_UART_Init  usart.o
    0x080047f0   0x080047f0   0x00000002   Code   RO          622    i.MemManage_Handler  stm32g4xx_it.o
    0x080047f2   0x080047f2   0x00000002   Code   RO          623    i.NMI_Handler       stm32g4xx_it.o
    0x080047f4   0x080047f4   0x00000002   Code   RO          624    i.PendSV_Handler    stm32g4xx_it.o
    0x080047f6   0x080047f6   0x00000002   Code   RO          625    i.SVC_Handler       stm32g4xx_it.o
    0x080047f8   0x080047f8   0x00000004   Code   RO          626    i.SysTick_Handler   stm32g4xx_it.o
    0x080047fc   0x080047fc   0x00000064   Code   RO          172    i.SystemClock_Config  main.o
    0x08004860   0x08004860   0x00000010   Code   RO         6049    i.SystemInit        system_stm32g4xx.o
    0x08004870   0x08004870   0x0000000c   Code   RO          627    i.TIM2_IRQHandler   stm32g4xx_it.o
    0x0800487c   0x0800487c   0x000000e4   Code   RO         4460    i.TIM_Base_SetConfig  stm32g4xx_hal_tim.o
    0x08004960   0x08004960   0x0000001a   Code   RO         4461    i.TIM_CCxChannelCmd  stm32g4xx_hal_tim.o
    0x0800497a   0x0800497a   0x00000014   Code   RO         4471    i.TIM_ETR_SetConfig  stm32g4xx_hal_tim.o
    0x0800498e   0x0800498e   0x00000002   PAD
    0x08004990   0x08004990   0x00000014   Code   RO         4472    i.TIM_ITRx_SetConfig  stm32g4xx_hal_tim.o
    0x080049a4   0x080049a4   0x000000ac   Code   RO         4473    i.TIM_OC1_SetConfig  stm32g4xx_hal_tim.o
    0x08004a50   0x08004a50   0x000000a0   Code   RO         4474    i.TIM_OC2_SetConfig  stm32g4xx_hal_tim.o
    0x08004af0   0x08004af0   0x000000a0   Code   RO         4475    i.TIM_OC3_SetConfig  stm32g4xx_hal_tim.o
    0x08004b90   0x08004b90   0x000000a0   Code   RO         4476    i.TIM_OC4_SetConfig  stm32g4xx_hal_tim.o
    0x08004c30   0x08004c30   0x00000078   Code   RO         4477    i.TIM_OC5_SetConfig  stm32g4xx_hal_tim.o
    0x08004ca8   0x08004ca8   0x0000007c   Code   RO         4478    i.TIM_OC6_SetConfig  stm32g4xx_hal_tim.o
    0x08004d24   0x08004d24   0x00000022   Code   RO         4480    i.TIM_TI1_ConfigInputStage  stm32g4xx_hal_tim.o
    0x08004d46   0x08004d46   0x00000002   PAD
    0x08004d48   0x08004d48   0x00000080   Code   RO         4481    i.TIM_TI1_SetConfig  stm32g4xx_hal_tim.o
    0x08004dc8   0x08004dc8   0x00000024   Code   RO         4482    i.TIM_TI2_ConfigInputStage  stm32g4xx_hal_tim.o
    0x08004dec   0x08004dec   0x00000036   Code   RO         4483    i.TIM_TI2_SetConfig  stm32g4xx_hal_tim.o
    0x08004e22   0x08004e22   0x00000002   PAD
    0x08004e24   0x08004e24   0x00000044   Code   RO         5944    i.UARTEx_SetNbDataToProcess  stm32g4xx_hal_uart_ex.o
    0x08004e68   0x08004e68   0x000000c8   Code   RO         5553    i.UART_AdvFeatureConfig  stm32g4xx_hal_uart.o
    0x08004f30   0x08004f30   0x000000ac   Code   RO         5554    i.UART_CheckIdleState  stm32g4xx_hal_uart.o
    0x08004fdc   0x08004fdc   0x00000054   Code   RO         5565    i.UART_EndRxTransfer  stm32g4xx_hal_uart.o
    0x08005030   0x08005030   0x00000298   Code   RO         5571    i.UART_SetConfig    stm32g4xx_hal_uart.o
    0x080052c8   0x080052c8   0x00000094   Code   RO         5578    i.UART_WaitOnFlagUntilTimeout  stm32g4xx_hal_uart.o
    0x0800535c   0x0800535c   0x00000002   Code   RO          628    i.UsageFault_Handler  stm32g4xx_it.o
    0x0800535e   0x0800535e   0x00000030   Code   RO         6201    i.__ARM_fpclassify  m_wm.l(fpclassify.o)
    0x0800538e   0x0800538e   0x00000020   Code   RO         2576    i.__NVIC_SetPriority  stm32g4xx_hal_cortex.o
    0x080053ae   0x080053ae   0x00000002   PAD
    0x080053b0   0x080053b0   0x000000c8   Code   RO         6111    i.__hardfp_sin      m_wm.l(sin.o)
    0x08005478   0x08005478   0x00000438   Code   RO         6154    i.__ieee754_rem_pio2  m_wm.l(rred.o)
    0x080058b0   0x080058b0   0x00000170   Code   RO         6137    i.__kernel_cos      m_wm.l(cos_i.o)
    0x08005a20   0x08005a20   0x000000f8   Code   RO         6203    i.__kernel_poly     m_wm.l(poly.o)
    0x08005b18   0x08005b18   0x00000130   Code   RO         6159    i.__kernel_sin      m_wm.l(sin_i.o)
    0x08005c48   0x08005c48   0x00000014   Code   RO         6141    i.__mathlib_dbl_infnan  m_wm.l(dunder.o)
    0x08005c5c   0x08005c5c   0x00000004   PAD
    0x08005c60   0x08005c60   0x00000020   Code   RO         6143    i.__mathlib_dbl_invalid  m_wm.l(dunder.o)
    0x08005c80   0x08005c80   0x00000020   Code   RO         6146    i.__mathlib_dbl_underflow  m_wm.l(dunder.o)
    0x08005ca0   0x08005ca0   0x00000018   Code   RO         6197    i.fabs              m_wm.l(fabs.o)
    0x08005cb8   0x08005cb8   0x00000084   Code   RO          174    i.main              main.o
    0x08005d3c   0x08005d3c   0x00000104   Code   RO          175    i.phase_shift_A     main.o
    0x08005e40   0x08005e40   0x00000054   Code   RO          176    i.start_module_A    main.o
    0x08005e94   0x08005e94   0x00000018   Code   RO         6130    x$fpl$basic         fz_wm.l(basic.o)
    0x08005eac   0x08005eac   0x00000150   Code   RO         6093    x$fpl$dadd          fz_wm.l(daddsub_clz.o)
    0x08005ffc   0x08005ffc   0x000002b0   Code   RO         6188    x$fpl$ddiv          fz_wm.l(ddiv.o)
    0x080062ac   0x080062ac   0x0000005e   Code   RO         6191    x$fpl$dfix          fz_wm.l(dfix.o)
    0x0800630a   0x0800630a   0x00000002   PAD
    0x0800630c   0x0800630c   0x0000005a   Code   RO         6099    x$fpl$dfixu         fz_wm.l(dfixu.o)
    0x08006366   0x08006366   0x0000002e   Code   RO         6104    x$fpl$dflt          fz_wm.l(dflt_clz.o)
    0x08006394   0x08006394   0x00000026   Code   RO         6103    x$fpl$dfltu         fz_wm.l(dflt_clz.o)
    0x080063ba   0x080063ba   0x00000002   PAD
    0x080063bc   0x080063bc   0x00000154   Code   RO         6109    x$fpl$dmul          fz_wm.l(dmul.o)
    0x08006510   0x08006510   0x0000009c   Code   RO         6132    x$fpl$dnaninf       fz_wm.l(dnaninf.o)
    0x080065ac   0x080065ac   0x0000000c   Code   RO         6134    x$fpl$dretinf       fz_wm.l(dretinf.o)
    0x080065b8   0x080065b8   0x00000016   Code   RO         6094    x$fpl$drsb          fz_wm.l(daddsub_clz.o)
    0x080065ce   0x080065ce   0x00000002   PAD
    0x080065d0   0x080065d0   0x000001d4   Code   RO         6095    x$fpl$dsub          fz_wm.l(daddsub_clz.o)
    0x080067a4   0x080067a4   0x0000000a   Code   RO         6290    x$fpl$fpinit        fz_wm.l(fpinit.o)
    0x080067ae   0x080067ae   0x00000000   Code   RO         6136    x$fpl$usenofp       fz_wm.l(usenofp.o)
    0x080067ae   0x080067ae   0x00000018   Data   RO         5579    .constdata          stm32g4xx_hal_uart.o
    0x080067c6   0x080067c6   0x00000010   Data   RO         5945    .constdata          stm32g4xx_hal_uart_ex.o
    0x080067d6   0x080067d6   0x00000010   Data   RO         6050    .constdata          system_stm32g4xx.o
    0x080067e6   0x080067e6   0x00000008   Data   RO         6051    .constdata          system_stm32g4xx.o
    0x080067ee   0x080067ee   0x00000002   PAD
    0x080067f0   0x080067f0   0x00000030   Data   RO         6138    .constdata          m_wm.l(cos_i.o)
    0x08006820   0x08006820   0x000000c8   Data   RO         6156    .constdata          m_wm.l(rred.o)
    0x080068e8   0x080068e8   0x00000028   Data   RO         6160    .constdata          m_wm.l(sin_i.o)
    0x08006910   0x08006910   0x00000020   Data   RO         6348    Region$$Table       anon$$obj.o


    Execution Region RW_IRAM1 (Exec base: 0x20000000, Load base: 0x08006930, Size: 0x000012f8, Max: 0x00020000, ABSOLUTE)

    Exec Addr    Load Addr    Size         Type   Attr      Idx    E Section Name        Object

    0x20000000   0x08006930   0x00000010   Data   RW          178    .data               main.o
    0x20000010   0x08006940   0x00000004   Data   RW          315    .data               adc.o
    0x20000014   0x08006944   0x0000000c   Data   RW         1220    .data               stm32g4xx_hal.o
    0x20000020   0x08006950   0x00000004   Data   RW         6052    .data               system_stm32g4xx.o
    0x20000024        -       0x00000400   Zero   RW          177    .bss                main.o
    0x20000424        -       0x000000d8   Zero   RW          314    .bss                adc.o
    0x200004fc        -       0x00000074   Zero   RW          362    .bss                dac.o
    0x20000570        -       0x000000fc   Zero   RW          429    .bss                hrtim.o
    0x2000066c        -       0x00000054   Zero   RW          476    .bss                i2c.o
    0x200006c0        -       0x000000e4   Zero   RW          521    .bss                tim.o
    0x200007a4        -       0x000000f4   Zero   RW          578    .bss                usart.o
    0x20000898        -       0x00000060   Zero   RW         6206    .bss                c_w.l(libspace.o)
    0x200008f8        -       0x00000200   Zero   RW            2    HEAP                startup_stm32g474xx.o
    0x20000af8        -       0x00000800   Zero   RW            1    STACK               startup_stm32g474xx.o


==============================================================================

Image component sizes


      Code (inc. data)   RO Data    RW Data    ZI Data      Debug   Object Name

       488         34          0          4        216       2738   adc.o
       240         28          0          0        116       1871   dac.o
         0          0          0          0          0    1062105   delay_us.o
        76          4          0          0          0        854   dma.o
        76          6          0          0          0        907   gpio.o
      1024         34          0          0        252       3083   hrtim.o
       252         26          0          0         84       1869   i2c.o
       812         82          0         16       1024       5595   main.o
        64         26        472          0       2560        860   startup_stm32g474xx.o
       126         20          0         12          0       4085   stm32g4xx_hal.o
      2616        186          0          0          0      80731   stm32g4xx_hal_adc.o
       360         26          0          0          0      69635   stm32g4xx_hal_adc_ex.o
       198         14          0          0          0      34451   stm32g4xx_hal_cortex.o
       890         44          0          0          0       8949   stm32g4xx_hal_dac.o
        56          0          0          0          0       4509   stm32g4xx_hal_dac_ex.o
       786         30          0          0          0       6395   stm32g4xx_hal_dma.o
       584         34          0          0          0       1876   stm32g4xx_hal_gpio.o
      2232         32          0          0          0      16652   stm32g4xx_hal_hrtim.o
       188          4          0          0          0       3435   stm32g4xx_hal_i2c.o
       168          0          0          0          0       2171   stm32g4xx_hal_i2c_ex.o
        48          6          0          0          0        902   stm32g4xx_hal_msp.o
       204         18          0          0          0       1537   stm32g4xx_hal_pwr_ex.o
      1696         94          0          0          0       7276   stm32g4xx_hal_rcc.o
       768         10          0          0          0       2160   stm32g4xx_hal_rcc_ex.o
      3476        314          0          0          0      25930   stm32g4xx_hal_tim.o
       366         48          0          0          0       7040   stm32g4xx_hal_tim_ex.o
      1374         76         24          0          0      25686   stm32g4xx_hal_uart.o
       282          6         16          0          0       4069   stm32g4xx_hal_uart_ex.o
        56         18          0          0          0       5802   stm32g4xx_it.o
        16          4         24          4          0       1231   system_stm32g4xx.o
       868         52          0          0        228       4366   tim.o
       328         36          0          0        244       2009   usart.o

    ----------------------------------------------------------------------
     20752       1312        570         36       4724    1400779   Object Totals
         0          0         32          0          0          0   (incl. Generated)
        34          0          2          0          0          0   (incl. Padding)

    ----------------------------------------------------------------------

      Code (inc. data)   RO Data    RW Data    ZI Data      Debug   Library Member Name

         8          0          0          0          0         68   __main.o
         0          0          0          0          0          0   __rtentry.o
        12          0          0          0          0          0   __rtentry2.o
         6          0          0          0          0          0   __rtentry4.o
        52          8          0          0          0          0   __scatter.o
        26          0          0          0          0          0   __scatter_copy.o
        28          0          0          0          0          0   __scatter_zi.o
        22          0          0          0          0        100   _rserrno.o
        18          0          0          0          0         80   exit.o
         6          0          0          0          0        152   heapauxi.o
         0          0          0          0          0          0   indicate_semi.o
         2          0          0          0          0          0   libinit.o
         6          0          0          0          0          0   libinit2.o
         2          0          0          0          0          0   libshutdown.o
         2          0          0          0          0          0   libshutdown2.o
         8          4          0          0         96         68   libspace.o
       238          0          0          0          0        100   lludivv7m.o
         8          4          0          0          0         68   rt_errno_addr_intlibspace.o
        78          0          0          0          0         80   rt_memclr_w.o
         2          0          0          0          0          0   rtexit.o
        10          0          0          0          0          0   rtexit2.o
        12          4          0          0          0         68   sys_exit.o
        74          0          0          0          0         80   sys_stackheap_outer.o
         2          0          0          0          0         68   use_no_semi.o
        24          0          0          0          0        164   basic.o
       826         16          0          0          0        492   daddsub_clz.o
       688        140          0          0          0        256   ddiv.o
        94          4          0          0          0        140   dfix.o
        90          4          0          0          0        140   dfixu.o
        84          0          0          0          0        232   dflt_clz.o
       340         12          0          0          0        152   dmul.o
       156          4          0          0          0        140   dnaninf.o
        12          0          0          0          0        116   dretinf.o
        10          0          0          0          0        116   fpinit.o
         0          0          0          0          0          0   usenofp.o
       368         46         48          0          0        200   cos_i.o
        84         16          0          0          0        372   dunder.o
        24          0          0          0          0        124   fabs.o
        48          0          0          0          0        124   fpclassify.o
       248          0          0          0          0        152   poly.o
      1080        142        200          0          0        188   rred.o
       200         20          0          0          0        164   sin.o
       304         24         40          0          0        208   sin_i.o

    ----------------------------------------------------------------------
      5318        448        288          0         96       4412   Library Totals
        16          0          0          0          0          0   (incl. Padding)

    ----------------------------------------------------------------------

      Code (inc. data)   RO Data    RW Data    ZI Data      Debug   Library Name

       622         20          0          0         96        932   c_w.l
      2324        180          0          0          0       1948   fz_wm.l
      2356        248        288          0          0       1532   m_wm.l

    ----------------------------------------------------------------------
      5318        448        288          0         96       4412   Library Totals

    ----------------------------------------------------------------------

==============================================================================


      Code (inc. data)   RO Data    RW Data    ZI Data      Debug   

     26070       1760        858         36       4820    1387127   Grand Totals
     26070       1760        858         36       4820    1387127   ELF Image Totals
     26070       1760        858         36          0          0   ROM Totals

==============================================================================

    Total RO  Size (Code + RO Data)                26928 (  26.30kB)
    Total RW  Size (RW Data + ZI Data)              4856 (   4.74kB)
    Total ROM Size (Code + RO Data + RW Data)      26964 (  26.33kB)

==============================================================================

